Archive member included because of file (symbol)

/usr/local/CrossPack-AVR-20121207/lib/gcc/avr/4.6.2/../../../../avr/lib/avr5/libm.a(addsf3.o)
                              obj/aprs/bertos/mware/formatwr.o (__subsf3)
/usr/local/CrossPack-AVR-20121207/lib/gcc/avr/4.6.2/../../../../avr/lib/avr5/libm.a(addsf3x.o)
                              /usr/local/CrossPack-AVR-20121207/lib/gcc/avr/4.6.2/../../../../avr/lib/avr5/libm.a(addsf3.o) (__addsf3x)
/usr/local/CrossPack-AVR-20121207/lib/gcc/avr/4.6.2/../../../../avr/lib/avr5/libm.a(cmpsf2.o)
                              obj/aprs/bertos/mware/formatwr.o (__nesf2)
/usr/local/CrossPack-AVR-20121207/lib/gcc/avr/4.6.2/../../../../avr/lib/avr5/libm.a(divsf3.o)
                              obj/aprs/bertos/mware/formatwr.o (__divsf3)
/usr/local/CrossPack-AVR-20121207/lib/gcc/avr/4.6.2/../../../../avr/lib/avr5/libm.a(divsf3x.o)
                              /usr/local/CrossPack-AVR-20121207/lib/gcc/avr/4.6.2/../../../../avr/lib/avr5/libm.a(divsf3.o) (__divsf3x)
/usr/local/CrossPack-AVR-20121207/lib/gcc/avr/4.6.2/../../../../avr/lib/avr5/libm.a(fixsfsi.o)
                              obj/aprs/bertos/mware/formatwr.o (__fixsfsi)
/usr/local/CrossPack-AVR-20121207/lib/gcc/avr/4.6.2/../../../../avr/lib/avr5/libm.a(fixunssfsi.o)
                              /usr/local/CrossPack-AVR-20121207/lib/gcc/avr/4.6.2/../../../../avr/lib/avr5/libm.a(fixsfsi.o) (__fixunssfsi)
/usr/local/CrossPack-AVR-20121207/lib/gcc/avr/4.6.2/../../../../avr/lib/avr5/libm.a(floatsisf.o)
                              obj/aprs/bertos/mware/formatwr.o (__floatsisf)
/usr/local/CrossPack-AVR-20121207/lib/gcc/avr/4.6.2/../../../../avr/lib/avr5/libm.a(fp_cmp.o)
                              /usr/local/CrossPack-AVR-20121207/lib/gcc/avr/4.6.2/../../../../avr/lib/avr5/libm.a(cmpsf2.o) (__fp_cmp)
/usr/local/CrossPack-AVR-20121207/lib/gcc/avr/4.6.2/../../../../avr/lib/avr5/libm.a(fp_inf.o)
                              /usr/local/CrossPack-AVR-20121207/lib/gcc/avr/4.6.2/../../../../avr/lib/avr5/libm.a(addsf3x.o) (__fp_inf)
/usr/local/CrossPack-AVR-20121207/lib/gcc/avr/4.6.2/../../../../avr/lib/avr5/libm.a(fp_nan.o)
                              /usr/local/CrossPack-AVR-20121207/lib/gcc/avr/4.6.2/../../../../avr/lib/avr5/libm.a(addsf3x.o) (__fp_nan)
/usr/local/CrossPack-AVR-20121207/lib/gcc/avr/4.6.2/../../../../avr/lib/avr5/libm.a(fp_pscA.o)
                              /usr/local/CrossPack-AVR-20121207/lib/gcc/avr/4.6.2/../../../../avr/lib/avr5/libm.a(addsf3x.o) (__fp_pscA)
/usr/local/CrossPack-AVR-20121207/lib/gcc/avr/4.6.2/../../../../avr/lib/avr5/libm.a(fp_pscB.o)
                              /usr/local/CrossPack-AVR-20121207/lib/gcc/avr/4.6.2/../../../../avr/lib/avr5/libm.a(addsf3x.o) (__fp_pscB)
/usr/local/CrossPack-AVR-20121207/lib/gcc/avr/4.6.2/../../../../avr/lib/avr5/libm.a(fp_round.o)
                              /usr/local/CrossPack-AVR-20121207/lib/gcc/avr/4.6.2/../../../../avr/lib/avr5/libm.a(addsf3.o) (__fp_round)
/usr/local/CrossPack-AVR-20121207/lib/gcc/avr/4.6.2/../../../../avr/lib/avr5/libm.a(fp_split3.o)
                              /usr/local/CrossPack-AVR-20121207/lib/gcc/avr/4.6.2/../../../../avr/lib/avr5/libm.a(addsf3x.o) (__fp_split3)
/usr/local/CrossPack-AVR-20121207/lib/gcc/avr/4.6.2/../../../../avr/lib/avr5/libm.a(fp_zero.o)
                              /usr/local/CrossPack-AVR-20121207/lib/gcc/avr/4.6.2/../../../../avr/lib/avr5/libm.a(addsf3x.o) (__fp_zero)
/usr/local/CrossPack-AVR-20121207/lib/gcc/avr/4.6.2/../../../../avr/lib/avr5/libm.a(gesf2.o)
                              obj/aprs/bertos/mware/formatwr.o (__gesf2)
/usr/local/CrossPack-AVR-20121207/lib/gcc/avr/4.6.2/../../../../avr/lib/avr5/libm.a(mulsf3.o)
                              obj/aprs/bertos/mware/formatwr.o (__mulsf3)
/usr/local/CrossPack-AVR-20121207/lib/gcc/avr/4.6.2/../../../../avr/lib/avr5/libm.a(mulsf3x.o)
                              /usr/local/CrossPack-AVR-20121207/lib/gcc/avr/4.6.2/../../../../avr/lib/avr5/libm.a(mulsf3.o) (__mulsf3x)
/usr/local/CrossPack-AVR-20121207/lib/gcc/avr/4.6.2/avr5/libgcc.a(_udivmodqi4.o)
                              obj/aprs/bertos/drv/timer.o (__udivmodqi4)
/usr/local/CrossPack-AVR-20121207/lib/gcc/avr/4.6.2/avr5/libgcc.a(_divmodhi4.o)
                              obj/aprs/bertos/mware/formatwr.o (__divmodhi4)
/usr/local/CrossPack-AVR-20121207/lib/gcc/avr/4.6.2/avr5/libgcc.a(_udivmodsi4.o)
                              obj/aprs/bertos/mware/formatwr.o (__udivmodsi4)
/usr/local/CrossPack-AVR-20121207/lib/gcc/avr/4.6.2/avr5/libgcc.a(_exit.o)
                              /usr/local/CrossPack-AVR-20121207/lib/gcc/avr/4.6.2/../../../../avr/lib/avr5/crtm328p.o (exit)
/usr/local/CrossPack-AVR-20121207/lib/gcc/avr/4.6.2/avr5/libgcc.a(_copy_data.o)
                              obj/aprs/bertos/net/ax25.o (__do_copy_data)
/usr/local/CrossPack-AVR-20121207/lib/gcc/avr/4.6.2/avr5/libgcc.a(_clear_bss.o)
                              obj/aprs/bertos/drv/timer.o (__do_clear_bss)
/usr/local/CrossPack-AVR-20121207/lib/gcc/avr/4.6.2/avr5/libgcc.a(_udivmodhi4.o)
                              /usr/local/CrossPack-AVR-20121207/lib/gcc/avr/4.6.2/avr5/libgcc.a(_divmodhi4.o) (__udivmodhi4)
/usr/local/CrossPack-AVR-20121207/lib/gcc/avr/4.6.2/../../../../avr/lib/avr5/libc.a(isalnum.o)
                              obj/aprs/bertos/net/ax25.o (isalnum)
/usr/local/CrossPack-AVR-20121207/lib/gcc/avr/4.6.2/../../../../avr/lib/avr5/libc.a(cty_isfalse.o)
                              /usr/local/CrossPack-AVR-20121207/lib/gcc/avr/4.6.2/../../../../avr/lib/avr5/libc.a(isalnum.o) (__ctype_isfalse)
/usr/local/CrossPack-AVR-20121207/lib/gcc/avr/4.6.2/../../../../avr/lib/avr5/libc.a(isalpha.o)
                              /usr/local/CrossPack-AVR-20121207/lib/gcc/avr/4.6.2/../../../../avr/lib/avr5/libc.a(isalnum.o) (isalpha)
/usr/local/CrossPack-AVR-20121207/lib/gcc/avr/4.6.2/../../../../avr/lib/avr5/libc.a(toupper.o)
                              obj/aprs/bertos/net/ax25.o (toupper)

Allocating common symbols
Common symbol       size              file

ser_handles         0x4               obj/aprs/bertos/drv/ser.o
_clock              0x4               obj/aprs/bertos/drv/timer.o
timer_initialized   0x1               obj/aprs/bertos/drv/timer.o
hw_afsk_dac_isr     0x1               obj/aprs/aprs/hw/hw_afsk.o

Discarded input sections

 .bss           0x00000000        0x0 /usr/local/CrossPack-AVR-20121207/lib/gcc/avr/4.6.2/../../../../avr/lib/avr5/crtm328p.o
 .text          0x00000000        0x0 obj/aprs/bertos/kern/kfile.o
 .bss           0x00000000        0x0 obj/aprs/bertos/kern/kfile.o
 .text.kfile_genericClose
                0x00000000        0x6 obj/aprs/bertos/kern/kfile.o
 .text.kfile_generic
                0x00000000        0x6 obj/aprs/bertos/kern/kfile.o
 .text.kfile_genericReopen
                0x00000000       0x5a obj/aprs/bertos/kern/kfile.o
 .text.kfile_genericSeek
                0x00000000       0x68 obj/aprs/bertos/kern/kfile.o
 .text.kfile_resync
                0x00000000       0xb0 obj/aprs/bertos/kern/kfile.o
 .text.kfile_print
                0x00000000       0x3e obj/aprs/bertos/kern/kfile.o
 .text.kfile_init
                0x00000000       0x5a obj/aprs/bertos/kern/kfile.o
 .text          0x00000000        0x0 obj/aprs/bertos/cpu/avr/drv/timer_avr.o
 .bss           0x00000000        0x0 obj/aprs/bertos/cpu/avr/drv/timer_avr.o
 .text          0x00000000        0x0 obj/aprs/bertos/net/afsk.o
 .bss           0x00000000        0x0 obj/aprs/bertos/net/afsk.o
 .text          0x00000000        0x0 obj/aprs/bertos/net/ax25.o
 .bss           0x00000000        0x0 obj/aprs/bertos/net/ax25.o
 .text.print_call
                0x00000000       0x8e obj/aprs/bertos/net/ax25.o
 .text.ax25_print
                0x00000000       0xd8 obj/aprs/bertos/net/ax25.o
 .text          0x00000000        0x0 obj/aprs/bertos/mware/formatwr.o
 .bss           0x00000000        0x0 obj/aprs/bertos/mware/formatwr.o
 .text          0x00000000        0x0 obj/aprs/bertos/algo/crc_ccitt.o
 .bss           0x00000000        0x0 obj/aprs/bertos/algo/crc_ccitt.o
 .text.crc_ccitt
                0x00000000       0x3c obj/aprs/bertos/algo/crc_ccitt.o
 .text          0x00000000        0x0 obj/aprs/bertos/drv/timer.o
 .bss           0x00000000        0x0 obj/aprs/bertos/drv/timer.o
 .text.timer_busyWait
                0x00000000       0x36 obj/aprs/bertos/drv/timer.o
 .text.timer_delayTicks
                0x00000000       0x6a obj/aprs/bertos/drv/timer.o
 .text.timer_delayHp
                0x00000000       0x28 obj/aprs/bertos/drv/timer.o
 .text.synctimer_poll
                0x00000000       0xa6 obj/aprs/bertos/drv/timer.o
 .text.synctimer_add
                0x00000000       0xe0 obj/aprs/bertos/drv/timer.o
 .text.timer_add
                0x00000000       0xea obj/aprs/bertos/drv/timer.o
 .text.timer_abort
                0x00000000       0x56 obj/aprs/bertos/drv/timer.o
 .text          0x00000000        0x0 obj/aprs/bertos/mware/event.o
 .bss           0x00000000        0x0 obj/aprs/bertos/mware/event.o
 .text.event_hook_ignore
                0x00000000        0x2 obj/aprs/bertos/mware/event.o
 .text.event_hook_softint
                0x00000000       0x10 obj/aprs/bertos/mware/event.o
 .text          0x00000000        0x0 obj/aprs/bertos/cpu/avr/drv/ser_avr.o
 .bss           0x00000000        0x0 obj/aprs/bertos/cpu/avr/drv/ser_avr.o
 .text          0x00000000        0x0 obj/aprs/bertos/drv/ser.o
 .bss           0x00000000        0x0 obj/aprs/bertos/drv/ser.o
 .text.ser_getchar_nowait
                0x00000000       0x6e obj/aprs/bertos/drv/ser.o
 .text.ser_setparity
                0x00000000       0x18 obj/aprs/bertos/drv/ser.o
 .text.ser_purge
                0x00000000       0x20 obj/aprs/bertos/drv/ser.o
 .text.ser_purgeRx
                0x00000000       0x12 obj/aprs/bertos/drv/ser.o
 .text.ser_purgeTx
                0x00000000       0x12 obj/aprs/bertos/drv/ser.o
 .text.spimaster_write
                0x00000000       0x5a obj/aprs/bertos/drv/ser.o
 .text.spimaster_read
                0x00000000       0x92 obj/aprs/bertos/drv/ser.o
 .text.spimaster_init
                0x00000000       0x22 obj/aprs/bertos/drv/ser.o
 .text          0x00000000        0x0 obj/aprs/bertos/mware/hex.o
 .bss           0x00000000        0x0 obj/aprs/bertos/mware/hex.o
 .text          0x00000000        0x0 obj/aprs/aprs/main.o
 .bss           0x00000000        0x0 obj/aprs/aprs/main.o
 .text          0x00000000        0x0 obj/aprs/aprs/hw/hw_afsk.o
 .bss           0x00000000        0x0 obj/aprs/aprs/hw/hw_afsk.o
 .text          0x00000000        0x0 obj/aprs/bertos/mware/formatwr_P.o
 .bss           0x00000000        0x0 obj/aprs/bertos/mware/formatwr_P.o
 .text          0x00000000        0x0 obj/aprs/bertos/drv/kdebug_P.o
 .bss           0x00000000        0x0 obj/aprs/bertos/drv/kdebug_P.o
 .text.__init_wall
                0x00000000       0x1e obj/aprs/bertos/drv/kdebug_P.o
 .text.kdump    0x00000000       0x60 obj/aprs/bertos/drv/kdebug_P.o
 .text.__check_wall_P
                0x00000000       0xe0 obj/aprs/bertos/drv/kdebug_P.o
 .text.__trace_P
                0x00000000       0x22 obj/aprs/bertos/drv/kdebug_P.o
 .text.__tracemsg_P
                0x00000000       0x76 obj/aprs/bertos/drv/kdebug_P.o
 .text          0x00000000        0x0 /usr/local/CrossPack-AVR-20121207/lib/gcc/avr/4.6.2/../../../../avr/lib/avr5/libm.a(addsf3.o)
 .bss           0x00000000        0x0 /usr/local/CrossPack-AVR-20121207/lib/gcc/avr/4.6.2/../../../../avr/lib/avr5/libm.a(addsf3.o)
 .text          0x00000000        0x0 /usr/local/CrossPack-AVR-20121207/lib/gcc/avr/4.6.2/../../../../avr/lib/avr5/libm.a(addsf3x.o)
 .bss           0x00000000        0x0 /usr/local/CrossPack-AVR-20121207/lib/gcc/avr/4.6.2/../../../../avr/lib/avr5/libm.a(addsf3x.o)
 .text          0x00000000        0x0 /usr/local/CrossPack-AVR-20121207/lib/gcc/avr/4.6.2/../../../../avr/lib/avr5/libm.a(cmpsf2.o)
 .bss           0x00000000        0x0 /usr/local/CrossPack-AVR-20121207/lib/gcc/avr/4.6.2/../../../../avr/lib/avr5/libm.a(cmpsf2.o)
 .text          0x00000000        0x0 /usr/local/CrossPack-AVR-20121207/lib/gcc/avr/4.6.2/../../../../avr/lib/avr5/libm.a(divsf3.o)
 .bss           0x00000000        0x0 /usr/local/CrossPack-AVR-20121207/lib/gcc/avr/4.6.2/../../../../avr/lib/avr5/libm.a(divsf3.o)
 .text          0x00000000        0x0 /usr/local/CrossPack-AVR-20121207/lib/gcc/avr/4.6.2/../../../../avr/lib/avr5/libm.a(divsf3x.o)
 .bss           0x00000000        0x0 /usr/local/CrossPack-AVR-20121207/lib/gcc/avr/4.6.2/../../../../avr/lib/avr5/libm.a(divsf3x.o)
 .text          0x00000000        0x0 /usr/local/CrossPack-AVR-20121207/lib/gcc/avr/4.6.2/../../../../avr/lib/avr5/libm.a(fixsfsi.o)
 .bss           0x00000000        0x0 /usr/local/CrossPack-AVR-20121207/lib/gcc/avr/4.6.2/../../../../avr/lib/avr5/libm.a(fixsfsi.o)
 .text          0x00000000        0x0 /usr/local/CrossPack-AVR-20121207/lib/gcc/avr/4.6.2/../../../../avr/lib/avr5/libm.a(fixunssfsi.o)
 .bss           0x00000000        0x0 /usr/local/CrossPack-AVR-20121207/lib/gcc/avr/4.6.2/../../../../avr/lib/avr5/libm.a(fixunssfsi.o)
 .text          0x00000000        0x0 /usr/local/CrossPack-AVR-20121207/lib/gcc/avr/4.6.2/../../../../avr/lib/avr5/libm.a(floatsisf.o)
 .bss           0x00000000        0x0 /usr/local/CrossPack-AVR-20121207/lib/gcc/avr/4.6.2/../../../../avr/lib/avr5/libm.a(floatsisf.o)
 .text          0x00000000        0x0 /usr/local/CrossPack-AVR-20121207/lib/gcc/avr/4.6.2/../../../../avr/lib/avr5/libm.a(fp_cmp.o)
 .bss           0x00000000        0x0 /usr/local/CrossPack-AVR-20121207/lib/gcc/avr/4.6.2/../../../../avr/lib/avr5/libm.a(fp_cmp.o)
 .text          0x00000000        0x0 /usr/local/CrossPack-AVR-20121207/lib/gcc/avr/4.6.2/../../../../avr/lib/avr5/libm.a(fp_inf.o)
 .bss           0x00000000        0x0 /usr/local/CrossPack-AVR-20121207/lib/gcc/avr/4.6.2/../../../../avr/lib/avr5/libm.a(fp_inf.o)
 .text          0x00000000        0x0 /usr/local/CrossPack-AVR-20121207/lib/gcc/avr/4.6.2/../../../../avr/lib/avr5/libm.a(fp_nan.o)
 .bss           0x00000000        0x0 /usr/local/CrossPack-AVR-20121207/lib/gcc/avr/4.6.2/../../../../avr/lib/avr5/libm.a(fp_nan.o)
 .text          0x00000000        0x0 /usr/local/CrossPack-AVR-20121207/lib/gcc/avr/4.6.2/../../../../avr/lib/avr5/libm.a(fp_pscA.o)
 .bss           0x00000000        0x0 /usr/local/CrossPack-AVR-20121207/lib/gcc/avr/4.6.2/../../../../avr/lib/avr5/libm.a(fp_pscA.o)
 .text          0x00000000        0x0 /usr/local/CrossPack-AVR-20121207/lib/gcc/avr/4.6.2/../../../../avr/lib/avr5/libm.a(fp_pscB.o)
 .bss           0x00000000        0x0 /usr/local/CrossPack-AVR-20121207/lib/gcc/avr/4.6.2/../../../../avr/lib/avr5/libm.a(fp_pscB.o)
 .text          0x00000000        0x0 /usr/local/CrossPack-AVR-20121207/lib/gcc/avr/4.6.2/../../../../avr/lib/avr5/libm.a(fp_round.o)
 .bss           0x00000000        0x0 /usr/local/CrossPack-AVR-20121207/lib/gcc/avr/4.6.2/../../../../avr/lib/avr5/libm.a(fp_round.o)
 .text          0x00000000        0x0 /usr/local/CrossPack-AVR-20121207/lib/gcc/avr/4.6.2/../../../../avr/lib/avr5/libm.a(fp_split3.o)
 .bss           0x00000000        0x0 /usr/local/CrossPack-AVR-20121207/lib/gcc/avr/4.6.2/../../../../avr/lib/avr5/libm.a(fp_split3.o)
 .text          0x00000000        0x0 /usr/local/CrossPack-AVR-20121207/lib/gcc/avr/4.6.2/../../../../avr/lib/avr5/libm.a(fp_zero.o)
 .bss           0x00000000        0x0 /usr/local/CrossPack-AVR-20121207/lib/gcc/avr/4.6.2/../../../../avr/lib/avr5/libm.a(fp_zero.o)
 .text          0x00000000        0x0 /usr/local/CrossPack-AVR-20121207/lib/gcc/avr/4.6.2/../../../../avr/lib/avr5/libm.a(gesf2.o)
 .bss           0x00000000        0x0 /usr/local/CrossPack-AVR-20121207/lib/gcc/avr/4.6.2/../../../../avr/lib/avr5/libm.a(gesf2.o)
 .text          0x00000000        0x0 /usr/local/CrossPack-AVR-20121207/lib/gcc/avr/4.6.2/../../../../avr/lib/avr5/libm.a(mulsf3.o)
 .bss           0x00000000        0x0 /usr/local/CrossPack-AVR-20121207/lib/gcc/avr/4.6.2/../../../../avr/lib/avr5/libm.a(mulsf3.o)
 .text          0x00000000        0x0 /usr/local/CrossPack-AVR-20121207/lib/gcc/avr/4.6.2/../../../../avr/lib/avr5/libm.a(mulsf3x.o)
 .bss           0x00000000        0x0 /usr/local/CrossPack-AVR-20121207/lib/gcc/avr/4.6.2/../../../../avr/lib/avr5/libm.a(mulsf3x.o)
 .text          0x00000000        0x0 /usr/local/CrossPack-AVR-20121207/lib/gcc/avr/4.6.2/avr5/libgcc.a(_udivmodqi4.o)
 .bss           0x00000000        0x0 /usr/local/CrossPack-AVR-20121207/lib/gcc/avr/4.6.2/avr5/libgcc.a(_udivmodqi4.o)
 .text.libgcc   0x00000000       0x18 /usr/local/CrossPack-AVR-20121207/lib/gcc/avr/4.6.2/avr5/libgcc.a(_udivmodqi4.o)
 .text          0x00000000        0x0 /usr/local/CrossPack-AVR-20121207/lib/gcc/avr/4.6.2/avr5/libgcc.a(_divmodhi4.o)
 .bss           0x00000000        0x0 /usr/local/CrossPack-AVR-20121207/lib/gcc/avr/4.6.2/avr5/libgcc.a(_divmodhi4.o)
 .text          0x00000000        0x0 /usr/local/CrossPack-AVR-20121207/lib/gcc/avr/4.6.2/avr5/libgcc.a(_udivmodsi4.o)
 .bss           0x00000000        0x0 /usr/local/CrossPack-AVR-20121207/lib/gcc/avr/4.6.2/avr5/libgcc.a(_udivmodsi4.o)
 .text          0x00000000        0x0 /usr/local/CrossPack-AVR-20121207/lib/gcc/avr/4.6.2/avr5/libgcc.a(_exit.o)
 .bss           0x00000000        0x0 /usr/local/CrossPack-AVR-20121207/lib/gcc/avr/4.6.2/avr5/libgcc.a(_exit.o)
 .text.libgcc   0x00000000        0x0 /usr/local/CrossPack-AVR-20121207/lib/gcc/avr/4.6.2/avr5/libgcc.a(_exit.o)
 .text          0x00000000        0x0 /usr/local/CrossPack-AVR-20121207/lib/gcc/avr/4.6.2/avr5/libgcc.a(_copy_data.o)
 .bss           0x00000000        0x0 /usr/local/CrossPack-AVR-20121207/lib/gcc/avr/4.6.2/avr5/libgcc.a(_copy_data.o)
 .text.libgcc   0x00000000        0x0 /usr/local/CrossPack-AVR-20121207/lib/gcc/avr/4.6.2/avr5/libgcc.a(_copy_data.o)
 .text          0x00000000        0x0 /usr/local/CrossPack-AVR-20121207/lib/gcc/avr/4.6.2/avr5/libgcc.a(_clear_bss.o)
 .bss           0x00000000        0x0 /usr/local/CrossPack-AVR-20121207/lib/gcc/avr/4.6.2/avr5/libgcc.a(_clear_bss.o)
 .text.libgcc   0x00000000        0x0 /usr/local/CrossPack-AVR-20121207/lib/gcc/avr/4.6.2/avr5/libgcc.a(_clear_bss.o)
 .text          0x00000000        0x0 /usr/local/CrossPack-AVR-20121207/lib/gcc/avr/4.6.2/avr5/libgcc.a(_udivmodhi4.o)
 .bss           0x00000000        0x0 /usr/local/CrossPack-AVR-20121207/lib/gcc/avr/4.6.2/avr5/libgcc.a(_udivmodhi4.o)
 .text          0x00000000        0x0 /usr/local/CrossPack-AVR-20121207/lib/gcc/avr/4.6.2/../../../../avr/lib/avr5/libc.a(isalnum.o)
 .bss           0x00000000        0x0 /usr/local/CrossPack-AVR-20121207/lib/gcc/avr/4.6.2/../../../../avr/lib/avr5/libc.a(isalnum.o)
 .text          0x00000000        0x0 /usr/local/CrossPack-AVR-20121207/lib/gcc/avr/4.6.2/../../../../avr/lib/avr5/libc.a(cty_isfalse.o)
 .bss           0x00000000        0x0 /usr/local/CrossPack-AVR-20121207/lib/gcc/avr/4.6.2/../../../../avr/lib/avr5/libc.a(cty_isfalse.o)
 .text          0x00000000        0x0 /usr/local/CrossPack-AVR-20121207/lib/gcc/avr/4.6.2/../../../../avr/lib/avr5/libc.a(isalpha.o)
 .bss           0x00000000        0x0 /usr/local/CrossPack-AVR-20121207/lib/gcc/avr/4.6.2/../../../../avr/lib/avr5/libc.a(isalpha.o)
 .text          0x00000000        0x0 /usr/local/CrossPack-AVR-20121207/lib/gcc/avr/4.6.2/../../../../avr/lib/avr5/libc.a(toupper.o)
 .bss           0x00000000        0x0 /usr/local/CrossPack-AVR-20121207/lib/gcc/avr/4.6.2/../../../../avr/lib/avr5/libc.a(toupper.o)

Memory Configuration

Name             Origin             Length             Attributes
text             0x00000000         0x00020000         xr
data             0x00800060         0x0000ffa0         rw !x
eeprom           0x00810000         0x00010000         rw !x
fuse             0x00820000         0x00000400         rw !x
lock             0x00830000         0x00000400         rw !x
signature        0x00840000         0x00000400         rw !x
*default*        0x00000000         0xffffffff

Linker script and memory map

Address of section .data set to 0x800100
LOAD /usr/local/CrossPack-AVR-20121207/lib/gcc/avr/4.6.2/../../../../avr/lib/avr5/crtm328p.o
LOAD obj/aprs/bertos/kern/kfile.o
LOAD obj/aprs/bertos/cpu/avr/drv/timer_avr.o
LOAD obj/aprs/bertos/net/afsk.o
LOAD obj/aprs/bertos/net/ax25.o
LOAD obj/aprs/bertos/mware/formatwr.o
LOAD obj/aprs/bertos/algo/crc_ccitt.o
LOAD obj/aprs/bertos/drv/timer.o
LOAD obj/aprs/bertos/mware/event.o
LOAD obj/aprs/bertos/cpu/avr/drv/ser_avr.o
LOAD obj/aprs/bertos/drv/ser.o
LOAD obj/aprs/bertos/mware/hex.o
LOAD obj/aprs/aprs/main.o
LOAD obj/aprs/aprs/hw/hw_afsk.o
LOAD obj/aprs/bertos/mware/formatwr_P.o
LOAD obj/aprs/bertos/drv/kdebug_P.o
LOAD /usr/local/CrossPack-AVR-20121207/lib/gcc/avr/4.6.2/../../../../avr/lib/avr5/libm.a
LOAD /usr/local/CrossPack-AVR-20121207/lib/gcc/avr/4.6.2/avr5/libgcc.a
LOAD /usr/local/CrossPack-AVR-20121207/lib/gcc/avr/4.6.2/../../../../avr/lib/avr5/libc.a
LOAD /usr/local/CrossPack-AVR-20121207/lib/gcc/avr/4.6.2/avr5/libgcc.a

.hash
 *(.hash)

.dynsym
 *(.dynsym)

.dynstr
 *(.dynstr)

.gnu.version
 *(.gnu.version)

.gnu.version_d
 *(.gnu.version_d)

.gnu.version_r
 *(.gnu.version_r)

.rel.init
 *(.rel.init)

.rela.init
 *(.rela.init)

.rel.text
 *(.rel.text)
 *(.rel.text.*)
 *(.rel.gnu.linkonce.t*)

.rela.text
 *(.rela.text)
 *(.rela.text.*)
 *(.rela.gnu.linkonce.t*)

.rel.fini
 *(.rel.fini)

.rela.fini
 *(.rela.fini)

.rel.rodata
 *(.rel.rodata)
 *(.rel.rodata.*)
 *(.rel.gnu.linkonce.r*)

.rela.rodata
 *(.rela.rodata)
 *(.rela.rodata.*)
 *(.rela.gnu.linkonce.r*)

.rel.data
 *(.rel.data)
 *(.rel.data.*)
 *(.rel.gnu.linkonce.d*)

.rela.data
 *(.rela.data)
 *(.rela.data.*)
 *(.rela.gnu.linkonce.d*)

.rel.ctors
 *(.rel.ctors)

.rela.ctors
 *(.rela.ctors)

.rel.dtors
 *(.rel.dtors)

.rela.dtors
 *(.rela.dtors)

.rel.got
 *(.rel.got)

.rela.got
 *(.rela.got)

.rel.bss
 *(.rel.bss)

.rela.bss
 *(.rela.bss)

.rel.plt
 *(.rel.plt)

.rela.plt
 *(.rela.plt)

.text           0x00000000     0x4fda
 *(.vectors)
 .vectors       0x00000000       0x68 /usr/local/CrossPack-AVR-20121207/lib/gcc/avr/4.6.2/../../../../avr/lib/avr5/crtm328p.o
                0x00000000                __vectors
                0x00000000                __vector_default
 *(.vectors)
 *(.progmem.gcc*)
 *(.progmem*)
 .progmem.data  0x00000068       0xc4 obj/aprs/bertos/kern/kfile.o
 .progmem.data  0x0000012c       0xec obj/aprs/bertos/net/afsk.o
 .progmem.data  0x00000218      0x189 obj/aprs/bertos/net/ax25.o
 .progmem.data  0x000003a1       0x2b obj/aprs/bertos/mware/formatwr.o
 .progmem.data  0x000003cc      0x200 obj/aprs/bertos/algo/crc_ccitt.o
                0x000003cc                crc_ccitt_tab
 .progmem.data  0x000005cc       0xfc obj/aprs/bertos/drv/timer.o
 .progmem.data  0x000006c8       0x2c obj/aprs/bertos/cpu/avr/drv/ser_avr.o
 .progmem.data  0x000006f4       0xf8 obj/aprs/bertos/drv/ser.o
 .progmem.data  0x000007ec       0x1a obj/aprs/aprs/hw/hw_afsk.o
 .progmem.data  0x00000806       0x2b obj/aprs/bertos/mware/formatwr_P.o
 .progmem.data  0x00000831       0x7e obj/aprs/bertos/drv/kdebug_P.o
                0x000008b0                . = ALIGN (0x2)
 *fill*         0x000008af        0x1 00
                0x000008b0                __trampolines_start = .
 *(.trampolines)
 .trampolines   0x000008b0        0x0 linker stubs
 *(.trampolines*)
                0x000008b0                __trampolines_end = .
 *(.jumptables)
 *(.jumptables*)
 *(.lowtext)
 *(.lowtext*)
                0x000008b0                __ctors_start = .
 *(.ctors)
                0x000008b0                __ctors_end = .
                0x000008b0                __dtors_start = .
 *(.dtors)
                0x000008b0                __dtors_end = .
 SORT(*)(.ctors)
 SORT(*)(.dtors)
 *(.init0)
 .init0         0x000008b0        0x0 /usr/local/CrossPack-AVR-20121207/lib/gcc/avr/4.6.2/../../../../avr/lib/avr5/crtm328p.o
                0x000008b0                __init
 *(.init0)
 *(.init1)
 *(.init1)
 *(.init2)
 .init2         0x000008b0        0xc /usr/local/CrossPack-AVR-20121207/lib/gcc/avr/4.6.2/../../../../avr/lib/avr5/crtm328p.o
 *(.init2)
 *(.init3)
 *(.init3)
 *(.init4)
 .init4         0x000008bc       0x16 /usr/local/CrossPack-AVR-20121207/lib/gcc/avr/4.6.2/avr5/libgcc.a(_copy_data.o)
                0x000008bc                __do_copy_data
 .init4         0x000008d2       0x10 /usr/local/CrossPack-AVR-20121207/lib/gcc/avr/4.6.2/avr5/libgcc.a(_clear_bss.o)
                0x000008d2                __do_clear_bss
 *(.init4)
 *(.init5)
 *(.init5)
 *(.init6)
 *(.init6)
 *(.init7)
 *(.init7)
 *(.init8)
 *(.init8)
 *(.init9)
 .init9         0x000008e2        0x8 /usr/local/CrossPack-AVR-20121207/lib/gcc/avr/4.6.2/../../../../avr/lib/avr5/crtm328p.o
 *(.init9)
 *(.text)
 .text          0x000008ea        0x4 /usr/local/CrossPack-AVR-20121207/lib/gcc/avr/4.6.2/../../../../avr/lib/avr5/crtm328p.o
                0x000008ea                __vector_20
                0x000008ea                __vector_1
                0x000008ea                __vector_24
                0x000008ea                __vector_12
                0x000008ea                __bad_interrupt
                0x000008ea                __vector_6
                0x000008ea                __vector_3
                0x000008ea                __vector_23
                0x000008ea                __vector_25
                0x000008ea                __vector_11
                0x000008ea                __vector_13
                0x000008ea                __vector_7
                0x000008ea                __vector_5
                0x000008ea                __vector_4
                0x000008ea                __vector_9
                0x000008ea                __vector_2
                0x000008ea                __vector_15
                0x000008ea                __vector_8
                0x000008ea                __vector_10
                0x000008ea                __vector_16
                0x000008ea                __vector_22
                0x000008ee                . = ALIGN (0x2)
 *(.text.*)
 .text.kfile_getc
                0x000008ee       0x5c obj/aprs/bertos/kern/kfile.o
                0x000008ee                kfile_getc
 .text.kfile_putc
                0x0000094a       0x6a obj/aprs/bertos/kern/kfile.o
                0x0000094a                kfile_putc
 .text.kfile_printf
                0x000009b4       0x24 obj/aprs/bertos/kern/kfile.o
                0x000009b4                kfile_printf
 .text.timer_hw_init
                0x000009d8       0x34 obj/aprs/bertos/cpu/avr/drv/timer_avr.o
                0x000009d8                timer_hw_init
 .text.afsk_adc_isr
                0x00000a0c      0x3e2 obj/aprs/bertos/net/afsk.o
                0x00000a0c                afsk_adc_isr
 .text.afsk_clearerr
                0x00000dee       0x3c obj/aprs/bertos/net/afsk.o
 .text.afsk_error
                0x00000e2a       0x3e obj/aprs/bertos/net/afsk.o
 .text.afsk_flush
                0x00000e68       0x3e obj/aprs/bertos/net/afsk.o
 .text.afsk_read
                0x00000ea6      0x102 obj/aprs/bertos/net/afsk.o
 .text.afsk_write
                0x00000fa8      0x1d0 obj/aprs/bertos/net/afsk.o
 .text.afsk_dac_isr
                0x00001178      0x284 obj/aprs/bertos/net/afsk.o
                0x00001178                afsk_dac_isr
 .text.afsk_init
                0x000013fc      0x146 obj/aprs/bertos/net/afsk.o
                0x000013fc                afsk_init
 .text.ax25_init
                0x00001542       0x76 obj/aprs/bertos/net/ax25.o
                0x00001542                ax25_init
 .text.ax25_putchar
                0x000015b8       0x72 obj/aprs/bertos/net/ax25.o
 .text.ax25_sendVia
                0x0000162a      0x21c obj/aprs/bertos/net/ax25.o
                0x0000162a                ax25_sendVia
 .text.ax25_poll
                0x00001846      0x450 obj/aprs/bertos/net/ax25.o
                0x00001846                ax25_poll
 .text._formatted_write
                0x00001c96      0xef6 obj/aprs/bertos/mware/formatwr.o
                0x00001c96                _formatted_write
 .text.timer_init
                0x00002b8c       0x5a obj/aprs/bertos/drv/timer.o
                0x00002b8c                timer_init
 .text.__vector_14
                0x00002be6      0x102 obj/aprs/bertos/drv/timer.o
                0x00002be6                __vector_14
 .text.uart0_init
                0x00002ce8        0x8 obj/aprs/bertos/cpu/avr/drv/ser_avr.o
 .text.uart0_cleanup
                0x00002cf0        0x6 obj/aprs/bertos/cpu/avr/drv/ser_avr.o
 .text.uart0_enabletxirq
                0x00002cf6       0x14 obj/aprs/bertos/cpu/avr/drv/ser_avr.o
 .text.uart0_setbaudrate
                0x00002d0a       0x2a obj/aprs/bertos/cpu/avr/drv/ser_avr.o
 .text.uart0_setparity
                0x00002d34       0x18 obj/aprs/bertos/cpu/avr/drv/ser_avr.o
 .text.spi_init
                0x00002d4c       0x2e obj/aprs/bertos/cpu/avr/drv/ser_avr.o
 .text.spi_cleanup
                0x00002d7a       0x10 obj/aprs/bertos/cpu/avr/drv/ser_avr.o
 .text.spi_starttx
                0x00002d8a       0x70 obj/aprs/bertos/cpu/avr/drv/ser_avr.o
 .text.spi_setbaudrate
                0x00002dfa        0x2 obj/aprs/bertos/cpu/avr/drv/ser_avr.o
 .text.spi_setparity
                0x00002dfc        0x2 obj/aprs/bertos/cpu/avr/drv/ser_avr.o
 .text.tx_sending
                0x00002dfe        0x6 obj/aprs/bertos/cpu/avr/drv/ser_avr.o
 .text.__vector_19
                0x00002e04       0x9e obj/aprs/bertos/cpu/avr/drv/ser_avr.o
                0x00002e04                __vector_19
 .text.__vector_18
                0x00002ea2       0xea obj/aprs/bertos/cpu/avr/drv/ser_avr.o
                0x00002ea2                __vector_18
 .text.__vector_17
                0x00002f8c      0x120 obj/aprs/bertos/cpu/avr/drv/ser_avr.o
                0x00002f8c                __vector_17
 .text.ser_hw_getdesc
                0x000030ac       0x3a obj/aprs/bertos/cpu/avr/drv/ser_avr.o
                0x000030ac                ser_hw_getdesc
 .text.ser_putchar
                0x000030e6       0xd0 obj/aprs/bertos/drv/ser.o
 .text.ser_getchar
                0x000031b6       0x9e obj/aprs/bertos/drv/ser.o
 .text.ser_setbaudrate
                0x00003254       0x18 obj/aprs/bertos/drv/ser.o
                0x00003254                ser_setbaudrate
 .text.ser_write
                0x0000326c       0x76 obj/aprs/bertos/drv/ser.o
 .text.ser_flush
                0x000032e2       0x5a obj/aprs/bertos/drv/ser.o
 .text.ser_clearerr
                0x0000333c       0x30 obj/aprs/bertos/drv/ser.o
 .text.ser_error
                0x0000336c       0x32 obj/aprs/bertos/drv/ser.o
 .text.ser_read
                0x0000339e       0x72 obj/aprs/bertos/drv/ser.o
 .text.ser_close
                0x00003410       0x84 obj/aprs/bertos/drv/ser.o
 .text.ser_open
                0x00003494      0x13e obj/aprs/bertos/drv/ser.o
 .text.ser_init
                0x000035d2       0x5c obj/aprs/bertos/drv/ser.o
                0x000035d2                ser_init
 .text.ser_reopen
                0x0000362e       0x40 obj/aprs/bertos/drv/ser.o
 .text.main     0x0000366e       0xc8 obj/aprs/aprs/main.o
                0x0000366e                main
 .text.message_callback
                0x00003736      0x174 obj/aprs/aprs/main.o
 .text.__vector_21
                0x000038aa       0x82 obj/aprs/aprs/hw/hw_afsk.o
                0x000038aa                __vector_21
 .text.hw_afsk_adcInit
                0x0000392c       0x80 obj/aprs/aprs/hw/hw_afsk.o
                0x0000392c                hw_afsk_adcInit
 .text._formatted_write_P
                0x000039ac      0xef8 obj/aprs/bertos/mware/formatwr_P.o
                0x000039ac                _formatted_write_P
 .text.__kputchar
                0x000048a4       0x36 obj/aprs/bertos/drv/kdebug_P.o
 .text.kputchar
                0x000048da       0x32 obj/aprs/bertos/drv/kdebug_P.o
                0x000048da                kputchar
 .text.kputs_P  0x0000490c       0x48 obj/aprs/bertos/drv/kdebug_P.o
                0x0000490c                kputs_P
 .text.kdbg_init
                0x00004954       0x18 obj/aprs/bertos/drv/kdebug_P.o
                0x00004954                kdbg_init
 .text.kputnum  0x0000496c       0x7e obj/aprs/bertos/drv/kdebug_P.o
                0x0000496c                kputnum
 .text.klocation
                0x000049ea       0x24 obj/aprs/bertos/drv/kdebug_P.o
 .text.__bassert_P
                0x00004a0e       0x2c obj/aprs/bertos/drv/kdebug_P.o
                0x00004a0e                __bassert_P
 .text.kprintf_P
                0x00004a3a       0x4c obj/aprs/bertos/drv/kdebug_P.o
                0x00004a3a                kprintf_P
 .text.__invalid_ptr_P
                0x00004a86       0x50 obj/aprs/bertos/drv/kdebug_P.o
                0x00004a86                __invalid_ptr_P
 .text.avr-libc.fplib
                0x00004ad6        0xa /usr/local/CrossPack-AVR-20121207/lib/gcc/avr/4.6.2/../../../../avr/lib/avr5/libm.a(addsf3.o)
                0x00004ad6                __subsf3
                0x00004ad8                __addsf3
 .text.avr-libc.fplib
                0x00004ae0       0xc0 /usr/local/CrossPack-AVR-20121207/lib/gcc/avr/4.6.2/../../../../avr/lib/avr5/libm.a(addsf3x.o)
                0x00004afa                __addsf3x
 .text.avr-libc.fplib
                0x00004ba0        0x8 /usr/local/CrossPack-AVR-20121207/lib/gcc/avr/4.6.2/../../../../avr/lib/avr5/libm.a(cmpsf2.o)
                0x00004ba0                __lesf2
                0x00004ba0                __nesf2
                0x00004ba0                __eqsf2
                0x00004ba0                __cmpsf2
                0x00004ba0                __ltsf2
 .text.avr-libc.fplib
                0x00004ba8        0x4 /usr/local/CrossPack-AVR-20121207/lib/gcc/avr/4.6.2/../../../../avr/lib/avr5/libm.a(divsf3.o)
                0x00004ba8                __divsf3
 .text.avr-libc.fplib
                0x00004bac       0xcc /usr/local/CrossPack-AVR-20121207/lib/gcc/avr/4.6.2/../../../../avr/lib/avr5/libm.a(divsf3x.o)
                0x00004bc2                __divsf3x
                0x00004bc6                __divsf3_pse
 .text.avr-libc.fplib
                0x00004c78        0xa /usr/local/CrossPack-AVR-20121207/lib/gcc/avr/4.6.2/../../../../avr/lib/avr5/libm.a(fixsfsi.o)
                0x00004c78                __fixsfsi
 .text.avr-libc.fplib
                0x00004c82       0x58 /usr/local/CrossPack-AVR-20121207/lib/gcc/avr/4.6.2/../../../../avr/lib/avr5/libm.a(fixunssfsi.o)
                0x00004c82                __fixunssfsi
 .text.avr-libc.fplib
                0x00004cda       0x7a /usr/local/CrossPack-AVR-20121207/lib/gcc/avr/4.6.2/../../../../avr/lib/avr5/libm.a(floatsisf.o)
                0x00004cda                __floatunsisf
                0x00004cde                __floatsisf
 .text.avr-libc.fplib
                0x00004d54       0x48 /usr/local/CrossPack-AVR-20121207/lib/gcc/avr/4.6.2/../../../../avr/lib/avr5/libm.a(fp_cmp.o)
                0x00004d54                __fp_cmp
 .text.avr-libc.fplib
                0x00004d9c        0xc /usr/local/CrossPack-AVR-20121207/lib/gcc/avr/4.6.2/../../../../avr/lib/avr5/libm.a(fp_inf.o)
                0x00004d9c                __fp_inf
 .text.avr-libc.fplib
                0x00004da8        0x6 /usr/local/CrossPack-AVR-20121207/lib/gcc/avr/4.6.2/../../../../avr/lib/avr5/libm.a(fp_nan.o)
                0x00004da8                __fp_nan
 .text.avr-libc.fplib
                0x00004dae        0xe /usr/local/CrossPack-AVR-20121207/lib/gcc/avr/4.6.2/../../../../avr/lib/avr5/libm.a(fp_pscA.o)
                0x00004dae                __fp_pscA
 .text.avr-libc.fplib
                0x00004dbc        0xe /usr/local/CrossPack-AVR-20121207/lib/gcc/avr/4.6.2/../../../../avr/lib/avr5/libm.a(fp_pscB.o)
                0x00004dbc                __fp_pscB
 .text.avr-libc.fplib
                0x00004dca       0x22 /usr/local/CrossPack-AVR-20121207/lib/gcc/avr/4.6.2/../../../../avr/lib/avr5/libm.a(fp_round.o)
                0x00004dca                __fp_round
 .text.avr-libc.fplib
                0x00004dec       0x44 /usr/local/CrossPack-AVR-20121207/lib/gcc/avr/4.6.2/../../../../avr/lib/avr5/libm.a(fp_split3.o)
                0x00004dec                __fp_split3
                0x00004dfc                __fp_splitA
 .text.avr-libc.fplib
                0x00004e30        0xe /usr/local/CrossPack-AVR-20121207/lib/gcc/avr/4.6.2/../../../../avr/lib/avr5/libm.a(fp_zero.o)
                0x00004e30                __fp_zero
                0x00004e32                __fp_szero
 .text.avr-libc.fplib
                0x00004e3e        0x8 /usr/local/CrossPack-AVR-20121207/lib/gcc/avr/4.6.2/../../../../avr/lib/avr5/libm.a(gesf2.o)
                0x00004e3e                __gtsf2
                0x00004e3e                __gesf2
 .text.avr-libc.fplib
                0x00004e46        0x4 /usr/local/CrossPack-AVR-20121207/lib/gcc/avr/4.6.2/../../../../avr/lib/avr5/libm.a(mulsf3.o)
                0x00004e46                __mulsf3
 .text.avr-libc.fplib
                0x00004e4a       0xc2 /usr/local/CrossPack-AVR-20121207/lib/gcc/avr/4.6.2/../../../../avr/lib/avr5/libm.a(mulsf3x.o)
                0x00004e5e                __mulsf3x
                0x00004e62                __mulsf3_pse
 .text.libgcc   0x00004f0c       0x26 /usr/local/CrossPack-AVR-20121207/lib/gcc/avr/4.6.2/avr5/libgcc.a(_divmodhi4.o)
                0x00004f0c                __divmodhi4
                0x00004f0c                _div
 .text.libgcc   0x00004f32       0x44 /usr/local/CrossPack-AVR-20121207/lib/gcc/avr/4.6.2/avr5/libgcc.a(_udivmodsi4.o)
                0x00004f32                __udivmodsi4
 .text.libgcc   0x00004f76       0x28 /usr/local/CrossPack-AVR-20121207/lib/gcc/avr/4.6.2/avr5/libgcc.a(_udivmodhi4.o)
                0x00004f76                __udivmodhi4
 .text.avr-libc
                0x00004f9e       0x10 /usr/local/CrossPack-AVR-20121207/lib/gcc/avr/4.6.2/../../../../avr/lib/avr5/libc.a(isalnum.o)
                0x00004f9e                isalnum
 .text.avr-libc
                0x00004fae        0x6 /usr/local/CrossPack-AVR-20121207/lib/gcc/avr/4.6.2/../../../../avr/lib/avr5/libc.a(cty_isfalse.o)
                0x00004fae                __ctype_isfalse
                0x00004fb2                __ctype_istrue
 .text.avr-libc
                0x00004fb4       0x12 /usr/local/CrossPack-AVR-20121207/lib/gcc/avr/4.6.2/../../../../avr/lib/avr5/libc.a(isalpha.o)
                0x00004fb4                isupper
                0x00004fb8                isalpha
                0x00004fba                islower
 .text.avr-libc
                0x00004fc6       0x10 /usr/local/CrossPack-AVR-20121207/lib/gcc/avr/4.6.2/../../../../avr/lib/avr5/libc.a(toupper.o)
                0x00004fc6                toupper
                0x00004fd6                . = ALIGN (0x2)
 *(.fini9)
 .fini9         0x00004fd6        0x0 /usr/local/CrossPack-AVR-20121207/lib/gcc/avr/4.6.2/avr5/libgcc.a(_exit.o)
                0x00004fd6                exit
                0x00004fd6                _exit
 *(.fini9)
 *(.fini8)
 *(.fini8)
 *(.fini7)
 *(.fini7)
 *(.fini6)
 *(.fini6)
 *(.fini5)
 *(.fini5)
 *(.fini4)
 *(.fini4)
 *(.fini3)
 *(.fini3)
 *(.fini2)
 *(.fini2)
 *(.fini1)
 *(.fini1)
 *(.fini0)
 .fini0         0x00004fd6        0x4 /usr/local/CrossPack-AVR-20121207/lib/gcc/avr/4.6.2/avr5/libgcc.a(_exit.o)
 *(.fini0)
                0x00004fda                _etext = .

.data           0x00800100       0xfe load address 0x00004fda
                0x00800100                PROVIDE (__data_start, .)
 *(.data)
 .data          0x00800100        0x0 /usr/local/CrossPack-AVR-20121207/lib/gcc/avr/4.6.2/../../../../avr/lib/avr5/crtm328p.o
 .data          0x00800100        0x0 obj/aprs/bertos/kern/kfile.o
 .data          0x00800100        0x0 obj/aprs/bertos/cpu/avr/drv/timer_avr.o
 .data          0x00800100        0x0 obj/aprs/bertos/net/afsk.o
 .data          0x00800100       0x19 obj/aprs/bertos/net/ax25.o
 .data          0x00800119        0x0 obj/aprs/bertos/mware/formatwr.o
 .data          0x00800119        0x0 obj/aprs/bertos/algo/crc_ccitt.o
 .data          0x00800119        0x0 obj/aprs/bertos/drv/timer.o
 .data          0x00800119        0x0 obj/aprs/bertos/mware/event.o
 .data          0x00800119        0x0 obj/aprs/bertos/cpu/avr/drv/ser_avr.o
 .data          0x00800119        0x0 obj/aprs/bertos/drv/ser.o
 .data          0x00800119        0x0 obj/aprs/bertos/mware/hex.o
 .data          0x00800119       0x65 obj/aprs/aprs/main.o
 .data          0x0080017e        0x0 obj/aprs/aprs/hw/hw_afsk.o
 .data          0x0080017e        0x0 obj/aprs/bertos/mware/formatwr_P.o
 .data          0x0080017e        0x0 obj/aprs/bertos/drv/kdebug_P.o
 .data          0x0080017e        0x0 /usr/local/CrossPack-AVR-20121207/lib/gcc/avr/4.6.2/../../../../avr/lib/avr5/libm.a(addsf3.o)
 .data          0x0080017e        0x0 /usr/local/CrossPack-AVR-20121207/lib/gcc/avr/4.6.2/../../../../avr/lib/avr5/libm.a(addsf3x.o)
 .data          0x0080017e        0x0 /usr/local/CrossPack-AVR-20121207/lib/gcc/avr/4.6.2/../../../../avr/lib/avr5/libm.a(cmpsf2.o)
 .data          0x0080017e        0x0 /usr/local/CrossPack-AVR-20121207/lib/gcc/avr/4.6.2/../../../../avr/lib/avr5/libm.a(divsf3.o)
 .data          0x0080017e        0x0 /usr/local/CrossPack-AVR-20121207/lib/gcc/avr/4.6.2/../../../../avr/lib/avr5/libm.a(divsf3x.o)
 .data          0x0080017e        0x0 /usr/local/CrossPack-AVR-20121207/lib/gcc/avr/4.6.2/../../../../avr/lib/avr5/libm.a(fixsfsi.o)
 .data          0x0080017e        0x0 /usr/local/CrossPack-AVR-20121207/lib/gcc/avr/4.6.2/../../../../avr/lib/avr5/libm.a(fixunssfsi.o)
 .data          0x0080017e        0x0 /usr/local/CrossPack-AVR-20121207/lib/gcc/avr/4.6.2/../../../../avr/lib/avr5/libm.a(floatsisf.o)
 .data          0x0080017e        0x0 /usr/local/CrossPack-AVR-20121207/lib/gcc/avr/4.6.2/../../../../avr/lib/avr5/libm.a(fp_cmp.o)
 .data          0x0080017e        0x0 /usr/local/CrossPack-AVR-20121207/lib/gcc/avr/4.6.2/../../../../avr/lib/avr5/libm.a(fp_inf.o)
 .data          0x0080017e        0x0 /usr/local/CrossPack-AVR-20121207/lib/gcc/avr/4.6.2/../../../../avr/lib/avr5/libm.a(fp_nan.o)
 .data          0x0080017e        0x0 /usr/local/CrossPack-AVR-20121207/lib/gcc/avr/4.6.2/../../../../avr/lib/avr5/libm.a(fp_pscA.o)
 .data          0x0080017e        0x0 /usr/local/CrossPack-AVR-20121207/lib/gcc/avr/4.6.2/../../../../avr/lib/avr5/libm.a(fp_pscB.o)
 .data          0x0080017e        0x0 /usr/local/CrossPack-AVR-20121207/lib/gcc/avr/4.6.2/../../../../avr/lib/avr5/libm.a(fp_round.o)
 .data          0x0080017e        0x0 /usr/local/CrossPack-AVR-20121207/lib/gcc/avr/4.6.2/../../../../avr/lib/avr5/libm.a(fp_split3.o)
 .data          0x0080017e        0x0 /usr/local/CrossPack-AVR-20121207/lib/gcc/avr/4.6.2/../../../../avr/lib/avr5/libm.a(fp_zero.o)
 .data          0x0080017e        0x0 /usr/local/CrossPack-AVR-20121207/lib/gcc/avr/4.6.2/../../../../avr/lib/avr5/libm.a(gesf2.o)
 .data          0x0080017e        0x0 /usr/local/CrossPack-AVR-20121207/lib/gcc/avr/4.6.2/../../../../avr/lib/avr5/libm.a(mulsf3.o)
 .data          0x0080017e        0x0 /usr/local/CrossPack-AVR-20121207/lib/gcc/avr/4.6.2/../../../../avr/lib/avr5/libm.a(mulsf3x.o)
 .data          0x0080017e        0x0 /usr/local/CrossPack-AVR-20121207/lib/gcc/avr/4.6.2/avr5/libgcc.a(_udivmodqi4.o)
 .data          0x0080017e        0x0 /usr/local/CrossPack-AVR-20121207/lib/gcc/avr/4.6.2/avr5/libgcc.a(_divmodhi4.o)
 .data          0x0080017e        0x0 /usr/local/CrossPack-AVR-20121207/lib/gcc/avr/4.6.2/avr5/libgcc.a(_udivmodsi4.o)
 .data          0x0080017e        0x0 /usr/local/CrossPack-AVR-20121207/lib/gcc/avr/4.6.2/avr5/libgcc.a(_exit.o)
 .data          0x0080017e        0x0 /usr/local/CrossPack-AVR-20121207/lib/gcc/avr/4.6.2/avr5/libgcc.a(_copy_data.o)
 .data          0x0080017e        0x0 /usr/local/CrossPack-AVR-20121207/lib/gcc/avr/4.6.2/avr5/libgcc.a(_clear_bss.o)
 .data          0x0080017e        0x0 /usr/local/CrossPack-AVR-20121207/lib/gcc/avr/4.6.2/avr5/libgcc.a(_udivmodhi4.o)
 .data          0x0080017e        0x0 /usr/local/CrossPack-AVR-20121207/lib/gcc/avr/4.6.2/../../../../avr/lib/avr5/libc.a(isalnum.o)
 .data          0x0080017e        0x0 /usr/local/CrossPack-AVR-20121207/lib/gcc/avr/4.6.2/../../../../avr/lib/avr5/libc.a(cty_isfalse.o)
 .data          0x0080017e        0x0 /usr/local/CrossPack-AVR-20121207/lib/gcc/avr/4.6.2/../../../../avr/lib/avr5/libc.a(isalpha.o)
 .data          0x0080017e        0x0 /usr/local/CrossPack-AVR-20121207/lib/gcc/avr/4.6.2/../../../../avr/lib/avr5/libc.a(toupper.o)
 *(.data*)
 .data.null_pointer.1394
                0x0080017e        0x7 obj/aprs/bertos/mware/formatwr.o
 .data.bad_conversion.1393
                0x00800185        0x4 obj/aprs/bertos/mware/formatwr.o
 .data.UARTDescs
                0x00800189       0x16 obj/aprs/bertos/cpu/avr/drv/ser_avr.o
 .data.path     0x0080019f       0x1c obj/aprs/aprs/main.o
 .data.null_pointer.1394
                0x008001bb        0x7 obj/aprs/bertos/mware/formatwr_P.o
 .data.bad_conversion.1393
                0x008001c2        0x4 obj/aprs/bertos/mware/formatwr_P.o
 *(.rodata)
 *(.rodata*)
 .rodata.UART0_VT
                0x008001c6        0xc obj/aprs/bertos/cpu/avr/drv/ser_avr.o
 .rodata.SPI_VT
                0x008001d2        0xc obj/aprs/bertos/cpu/avr/drv/ser_avr.o
 .rodata.hex_tab
                0x008001de       0x10 obj/aprs/bertos/mware/hex.o
                0x008001de                hex_tab
 .rodata.HEX_tab
                0x008001ee       0x10 obj/aprs/bertos/mware/hex.o
                0x008001ee                HEX_tab
 *(.gnu.linkonce.d*)
                0x008001fe                . = ALIGN (0x2)
                0x008001fe                _edata = .
                0x008001fe                PROVIDE (__data_end, .)

.bss            0x008001fe      0x2f8
                0x008001fe                PROVIDE (__bss_start, .)
 *(.bss)
 *(.bss*)
 .bss.timers_queue
                0x008001fe        0x8 obj/aprs/bertos/drv/timer.o
 .bss.uart0_txbuffer
                0x00800206       0x20 obj/aprs/bertos/cpu/avr/drv/ser_avr.o
 .bss.uart0_rxbuffer
                0x00800226       0x20 obj/aprs/bertos/cpu/avr/drv/ser_avr.o
 .bss.spi_txbuffer
                0x00800246       0x20 obj/aprs/bertos/cpu/avr/drv/ser_avr.o
 .bss.spi_rxbuffer
                0x00800266       0x20 obj/aprs/bertos/cpu/avr/drv/ser_avr.o
 .bss.afsk      0x00800286       0xdc obj/aprs/aprs/main.o
 .bss.ax25      0x00800362      0x156 obj/aprs/aprs/main.o
 .bss.ser       0x008004b8       0x32 obj/aprs/aprs/main.o
 .bss.ctx       0x008004ea        0x2 obj/aprs/aprs/hw/hw_afsk.o
 *(COMMON)
 COMMON         0x008004ec        0x5 obj/aprs/bertos/drv/timer.o
                0x008004ec                _clock
                0x008004f0                timer_initialized
 COMMON         0x008004f1        0x4 obj/aprs/bertos/drv/ser.o
                0x008004f1                ser_handles
 COMMON         0x008004f5        0x1 obj/aprs/aprs/hw/hw_afsk.o
                0x008004f5                hw_afsk_dac_isr
                0x008004f6                PROVIDE (__bss_end, .)
                0x00004fda                __data_load_start = LOADADDR (.data)
                0x000050d8                __data_load_end = (__data_load_start + SIZEOF (.data))

.noinit         0x008004f6        0x0
                0x008004f6                PROVIDE (__noinit_start, .)
 *(.noinit*)
                0x008004f6                PROVIDE (__noinit_end, .)
                0x008004f6                _end = .
                0x008004f6                PROVIDE (__heap_start, .)

.eeprom         0x00810000        0x0
 *(.eeprom*)
                0x00810000                __eeprom_end = .

.fuse
 *(.fuse)
 *(.lfuse)
 *(.hfuse)
 *(.efuse)

.lock
 *(.lock*)

.signature
 *(.signature*)

.stab           0x00000000     0x2688
 *(.stab)
 .stab          0x00000000      0x6cc /usr/local/CrossPack-AVR-20121207/lib/gcc/avr/4.6.2/../../../../avr/lib/avr5/crtm328p.o
 .stab          0x000006cc       0x78 /usr/local/CrossPack-AVR-20121207/lib/gcc/avr/4.6.2/../../../../avr/lib/avr5/libm.a(addsf3.o)
                                 0x84 (size before relaxing)
 .stab          0x00000744      0x4bc /usr/local/CrossPack-AVR-20121207/lib/gcc/avr/4.6.2/../../../../avr/lib/avr5/libm.a(addsf3x.o)
                                0x4c8 (size before relaxing)
 .stab          0x00000c00       0x90 /usr/local/CrossPack-AVR-20121207/lib/gcc/avr/4.6.2/../../../../avr/lib/avr5/libm.a(cmpsf2.o)
                                 0x9c (size before relaxing)
 .stab          0x00000c90       0x48 /usr/local/CrossPack-AVR-20121207/lib/gcc/avr/4.6.2/../../../../avr/lib/avr5/libm.a(divsf3.o)
                                 0x54 (size before relaxing)
 .stab          0x00000cd8      0x510 /usr/local/CrossPack-AVR-20121207/lib/gcc/avr/4.6.2/../../../../avr/lib/avr5/libm.a(divsf3x.o)
                                0x51c (size before relaxing)
 .stab          0x000011e8       0x6c /usr/local/CrossPack-AVR-20121207/lib/gcc/avr/4.6.2/../../../../avr/lib/avr5/libm.a(fixsfsi.o)
                                 0x78 (size before relaxing)
 .stab          0x00001254      0x240 /usr/local/CrossPack-AVR-20121207/lib/gcc/avr/4.6.2/../../../../avr/lib/avr5/libm.a(fixunssfsi.o)
                                0x24c (size before relaxing)
 .stab          0x00001494      0x318 /usr/local/CrossPack-AVR-20121207/lib/gcc/avr/4.6.2/../../../../avr/lib/avr5/libm.a(floatsisf.o)
                                0x324 (size before relaxing)
 .stab          0x000017ac      0x1e0 /usr/local/CrossPack-AVR-20121207/lib/gcc/avr/4.6.2/../../../../avr/lib/avr5/libm.a(fp_cmp.o)
                                0x1ec (size before relaxing)
 .stab          0x0000198c       0x78 /usr/local/CrossPack-AVR-20121207/lib/gcc/avr/4.6.2/../../../../avr/lib/avr5/libm.a(fp_inf.o)
                                 0x84 (size before relaxing)
 .stab          0x00001a04       0x54 /usr/local/CrossPack-AVR-20121207/lib/gcc/avr/4.6.2/../../../../avr/lib/avr5/libm.a(fp_nan.o)
                                 0x60 (size before relaxing)
 .stab          0x00001a58       0x84 /usr/local/CrossPack-AVR-20121207/lib/gcc/avr/4.6.2/../../../../avr/lib/avr5/libm.a(fp_pscA.o)
                                 0x90 (size before relaxing)
 .stab          0x00001adc       0x84 /usr/local/CrossPack-AVR-20121207/lib/gcc/avr/4.6.2/../../../../avr/lib/avr5/libm.a(fp_pscB.o)
                                 0x90 (size before relaxing)
 .stab          0x00001b60       0xfc /usr/local/CrossPack-AVR-20121207/lib/gcc/avr/4.6.2/../../../../avr/lib/avr5/libm.a(fp_round.o)
                                0x108 (size before relaxing)
 .stab          0x00001c5c      0x1d4 /usr/local/CrossPack-AVR-20121207/lib/gcc/avr/4.6.2/../../../../avr/lib/avr5/libm.a(fp_split3.o)
                                0x1e0 (size before relaxing)
 .stab          0x00001e30       0x90 /usr/local/CrossPack-AVR-20121207/lib/gcc/avr/4.6.2/../../../../avr/lib/avr5/libm.a(fp_zero.o)
                                 0x9c (size before relaxing)
 .stab          0x00001ec0       0x6c /usr/local/CrossPack-AVR-20121207/lib/gcc/avr/4.6.2/../../../../avr/lib/avr5/libm.a(gesf2.o)
                                 0x78 (size before relaxing)
 .stab          0x00001f2c       0x48 /usr/local/CrossPack-AVR-20121207/lib/gcc/avr/4.6.2/../../../../avr/lib/avr5/libm.a(mulsf3.o)
                                 0x54 (size before relaxing)
 .stab          0x00001f74      0x4d4 /usr/local/CrossPack-AVR-20121207/lib/gcc/avr/4.6.2/../../../../avr/lib/avr5/libm.a(mulsf3x.o)
                                0x4e0 (size before relaxing)
 .stab          0x00002448       0x9c /usr/local/CrossPack-AVR-20121207/lib/gcc/avr/4.6.2/../../../../avr/lib/avr5/libc.a(isalnum.o)
                                 0xa8 (size before relaxing)
 .stab          0x000024e4       0x60 /usr/local/CrossPack-AVR-20121207/lib/gcc/avr/4.6.2/../../../../avr/lib/avr5/libc.a(cty_isfalse.o)
                                 0x6c (size before relaxing)
 .stab          0x00002544       0xa8 /usr/local/CrossPack-AVR-20121207/lib/gcc/avr/4.6.2/../../../../avr/lib/avr5/libc.a(isalpha.o)
                                 0xb4 (size before relaxing)
 .stab          0x000025ec       0x9c /usr/local/CrossPack-AVR-20121207/lib/gcc/avr/4.6.2/../../../../avr/lib/avr5/libc.a(toupper.o)
                                 0xa8 (size before relaxing)

.stabstr        0x00000000      0x886
 *(.stabstr)
 .stabstr       0x00000000      0x886 /usr/local/CrossPack-AVR-20121207/lib/gcc/avr/4.6.2/../../../../avr/lib/avr5/crtm328p.o

.stab.excl
 *(.stab.excl)

.stab.exclstr
 *(.stab.exclstr)

.stab.index
 *(.stab.index)

.stab.indexstr
 *(.stab.indexstr)

.comment
 *(.comment)

.debug
 *(.debug)

.line
 *(.line)

.debug_srcinfo
 *(.debug_srcinfo)

.debug_sfnames
 *(.debug_sfnames)

.debug_aranges  0x00000000      0x510
 *(.debug_aranges)
 .debug_aranges
                0x00000000       0x68 obj/aprs/bertos/kern/kfile.o
 .debug_aranges
                0x00000068       0x20 obj/aprs/bertos/cpu/avr/drv/timer_avr.o
 .debug_aranges
                0x00000088       0x58 obj/aprs/bertos/net/afsk.o
 .debug_aranges
                0x000000e0       0x48 obj/aprs/bertos/net/ax25.o
 .debug_aranges
                0x00000128       0x20 obj/aprs/bertos/mware/formatwr.o
 .debug_aranges
                0x00000148       0x20 obj/aprs/bertos/algo/crc_ccitt.o
 .debug_aranges
                0x00000168       0x60 obj/aprs/bertos/drv/timer.o
 .debug_aranges
                0x000001c8       0x28 obj/aprs/bertos/mware/event.o
 .debug_aranges
                0x000001f0       0x90 obj/aprs/bertos/cpu/avr/drv/ser_avr.o
 .debug_aranges
                0x00000280       0xb8 obj/aprs/bertos/drv/ser.o
 .debug_aranges
                0x00000338       0x28 obj/aprs/aprs/main.o
 .debug_aranges
                0x00000360       0x28 obj/aprs/aprs/hw/hw_afsk.o
 .debug_aranges
                0x00000388       0x20 obj/aprs/bertos/mware/formatwr_P.o
 .debug_aranges
                0x000003a8       0x88 obj/aprs/bertos/drv/kdebug_P.o
 .debug_aranges
                0x00000430       0x20 /usr/local/CrossPack-AVR-20121207/lib/gcc/avr/4.6.2/avr5/libgcc.a(_udivmodqi4.o)
 .debug_aranges
                0x00000450       0x20 /usr/local/CrossPack-AVR-20121207/lib/gcc/avr/4.6.2/avr5/libgcc.a(_divmodhi4.o)
 .debug_aranges
                0x00000470       0x20 /usr/local/CrossPack-AVR-20121207/lib/gcc/avr/4.6.2/avr5/libgcc.a(_udivmodsi4.o)
 .debug_aranges
                0x00000490       0x20 /usr/local/CrossPack-AVR-20121207/lib/gcc/avr/4.6.2/avr5/libgcc.a(_exit.o)
 .debug_aranges
                0x000004b0       0x20 /usr/local/CrossPack-AVR-20121207/lib/gcc/avr/4.6.2/avr5/libgcc.a(_copy_data.o)
 .debug_aranges
                0x000004d0       0x20 /usr/local/CrossPack-AVR-20121207/lib/gcc/avr/4.6.2/avr5/libgcc.a(_clear_bss.o)
 .debug_aranges
                0x000004f0       0x20 /usr/local/CrossPack-AVR-20121207/lib/gcc/avr/4.6.2/avr5/libgcc.a(_udivmodhi4.o)

.debug_pubnames
                0x00000000      0x54e
 *(.debug_pubnames)
 .debug_pubnames
                0x00000000       0xb6 obj/aprs/bertos/kern/kfile.o
 .debug_pubnames
                0x000000b6       0x24 obj/aprs/bertos/cpu/avr/drv/timer_avr.o
 .debug_pubnames
                0x000000da       0x42 obj/aprs/bertos/net/afsk.o
 .debug_pubnames
                0x0000011c       0x4e obj/aprs/bertos/net/ax25.o
 .debug_pubnames
                0x0000016a       0x27 obj/aprs/bertos/mware/formatwr.o
 .debug_pubnames
                0x00000191       0x32 obj/aprs/bertos/algo/crc_ccitt.o
 .debug_pubnames
                0x000001c3       0xcf obj/aprs/bertos/drv/timer.o
 .debug_pubnames
                0x00000292       0x3f obj/aprs/bertos/mware/event.o
 .debug_pubnames
                0x000002d1       0x55 obj/aprs/bertos/cpu/avr/drv/ser_avr.o
 .debug_pubnames
                0x00000326       0xad obj/aprs/bertos/drv/ser.o
 .debug_pubnames
                0x000003d3       0x2a obj/aprs/bertos/mware/hex.o
 .debug_pubnames
                0x000003fd       0x1b obj/aprs/aprs/main.o
 .debug_pubnames
                0x00000418       0x4a obj/aprs/aprs/hw/hw_afsk.o
 .debug_pubnames
                0x00000462       0x29 obj/aprs/bertos/mware/formatwr_P.o
 .debug_pubnames
                0x0000048b       0xc3 obj/aprs/bertos/drv/kdebug_P.o

.debug_info     0x00000000     0x8290
 *(.debug_info)
 .debug_info    0x00000000      0x9f6 obj/aprs/bertos/kern/kfile.o
 .debug_info    0x000009f6      0x181 obj/aprs/bertos/cpu/avr/drv/timer_avr.o
 .debug_info    0x00000b77     0x11fd obj/aprs/bertos/net/afsk.o
 .debug_info    0x00001d74      0xc6f obj/aprs/bertos/net/ax25.o
 .debug_info    0x000029e3      0x57a obj/aprs/bertos/mware/formatwr.o
 .debug_info    0x00002f5d      0x1b8 obj/aprs/bertos/algo/crc_ccitt.o
 .debug_info    0x00003115      0x96e obj/aprs/bertos/drv/timer.o
 .debug_info    0x00003a83      0x156 obj/aprs/bertos/mware/event.o
 .debug_info    0x00003bd9      0xc63 obj/aprs/bertos/cpu/avr/drv/ser_avr.o
 .debug_info    0x0000483c     0x1527 obj/aprs/bertos/drv/ser.o
 .debug_info    0x00005d63       0x6e obj/aprs/bertos/mware/hex.o
 .debug_info    0x00005dd1      0xa48 obj/aprs/aprs/main.o
 .debug_info    0x00006819      0x6c1 obj/aprs/aprs/hw/hw_afsk.o
 .debug_info    0x00006eda      0x780 obj/aprs/bertos/mware/formatwr_P.o
 .debug_info    0x0000765a      0x6f6 obj/aprs/bertos/drv/kdebug_P.o
 .debug_info    0x00007d50       0xc0 /usr/local/CrossPack-AVR-20121207/lib/gcc/avr/4.6.2/avr5/libgcc.a(_udivmodqi4.o)
 .debug_info    0x00007e10       0xc0 /usr/local/CrossPack-AVR-20121207/lib/gcc/avr/4.6.2/avr5/libgcc.a(_divmodhi4.o)
 .debug_info    0x00007ed0       0xc0 /usr/local/CrossPack-AVR-20121207/lib/gcc/avr/4.6.2/avr5/libgcc.a(_udivmodsi4.o)
 .debug_info    0x00007f90       0xc0 /usr/local/CrossPack-AVR-20121207/lib/gcc/avr/4.6.2/avr5/libgcc.a(_exit.o)
 .debug_info    0x00008050       0xc0 /usr/local/CrossPack-AVR-20121207/lib/gcc/avr/4.6.2/avr5/libgcc.a(_copy_data.o)
 .debug_info    0x00008110       0xc0 /usr/local/CrossPack-AVR-20121207/lib/gcc/avr/4.6.2/avr5/libgcc.a(_clear_bss.o)
 .debug_info    0x000081d0       0xc0 /usr/local/CrossPack-AVR-20121207/lib/gcc/avr/4.6.2/avr5/libgcc.a(_udivmodhi4.o)
 *(.gnu.linkonce.wi.*)

.debug_abbrev   0x00000000     0x1f9e
 *(.debug_abbrev)
 .debug_abbrev  0x00000000      0x29b obj/aprs/bertos/kern/kfile.o
 .debug_abbrev  0x0000029b       0xcd obj/aprs/bertos/cpu/avr/drv/timer_avr.o
 .debug_abbrev  0x00000368      0x382 obj/aprs/bertos/net/afsk.o
 .debug_abbrev  0x000006ea      0x306 obj/aprs/bertos/net/ax25.o
 .debug_abbrev  0x000009f0      0x1fc obj/aprs/bertos/mware/formatwr.o
 .debug_abbrev  0x00000bec      0x14e obj/aprs/bertos/algo/crc_ccitt.o
 .debug_abbrev  0x00000d3a      0x30d obj/aprs/bertos/drv/timer.o
 .debug_abbrev  0x00001047       0xf7 obj/aprs/bertos/mware/event.o
 .debug_abbrev  0x0000113e      0x2aa obj/aprs/bertos/cpu/avr/drv/ser_avr.o
 .debug_abbrev  0x000013e8      0x367 obj/aprs/bertos/drv/ser.o
 .debug_abbrev  0x0000174f       0x52 obj/aprs/bertos/mware/hex.o
 .debug_abbrev  0x000017a1      0x216 obj/aprs/aprs/main.o
 .debug_abbrev  0x000019b7      0x166 obj/aprs/aprs/hw/hw_afsk.o
 .debug_abbrev  0x00001b1d      0x1fc obj/aprs/bertos/mware/formatwr_P.o
 .debug_abbrev  0x00001d19      0x1f9 obj/aprs/bertos/drv/kdebug_P.o
 .debug_abbrev  0x00001f12       0x14 /usr/local/CrossPack-AVR-20121207/lib/gcc/avr/4.6.2/avr5/libgcc.a(_udivmodqi4.o)
 .debug_abbrev  0x00001f26       0x14 /usr/local/CrossPack-AVR-20121207/lib/gcc/avr/4.6.2/avr5/libgcc.a(_divmodhi4.o)
 .debug_abbrev  0x00001f3a       0x14 /usr/local/CrossPack-AVR-20121207/lib/gcc/avr/4.6.2/avr5/libgcc.a(_udivmodsi4.o)
 .debug_abbrev  0x00001f4e       0x14 /usr/local/CrossPack-AVR-20121207/lib/gcc/avr/4.6.2/avr5/libgcc.a(_exit.o)
 .debug_abbrev  0x00001f62       0x14 /usr/local/CrossPack-AVR-20121207/lib/gcc/avr/4.6.2/avr5/libgcc.a(_copy_data.o)
 .debug_abbrev  0x00001f76       0x14 /usr/local/CrossPack-AVR-20121207/lib/gcc/avr/4.6.2/avr5/libgcc.a(_clear_bss.o)
 .debug_abbrev  0x00001f8a       0x14 /usr/local/CrossPack-AVR-20121207/lib/gcc/avr/4.6.2/avr5/libgcc.a(_udivmodhi4.o)

.debug_line     0x00000000     0x4516
 *(.debug_line)
 .debug_line    0x00000000      0x3eb obj/aprs/bertos/kern/kfile.o
 .debug_line    0x000003eb      0x18b obj/aprs/bertos/cpu/avr/drv/timer_avr.o
 .debug_line    0x00000576      0x9d1 obj/aprs/bertos/net/afsk.o
 .debug_line    0x00000f47      0x5a6 obj/aprs/bertos/net/ax25.o
 .debug_line    0x000014ed      0x733 obj/aprs/bertos/mware/formatwr.o
 .debug_line    0x00001c20      0x15d obj/aprs/bertos/algo/crc_ccitt.o
 .debug_line    0x00001d7d      0x421 obj/aprs/bertos/drv/timer.o
 .debug_line    0x0000219e       0x9d obj/aprs/bertos/mware/event.o
 .debug_line    0x0000223b      0x5ec obj/aprs/bertos/cpu/avr/drv/ser_avr.o
 .debug_line    0x00002827      0x8d6 obj/aprs/bertos/drv/ser.o
 .debug_line    0x000030fd       0x54 obj/aprs/bertos/mware/hex.o
 .debug_line    0x00003151      0x2b7 obj/aprs/aprs/main.o
 .debug_line    0x00003408      0x259 obj/aprs/aprs/hw/hw_afsk.o
 .debug_line    0x00003661      0x733 obj/aprs/bertos/mware/formatwr_P.o
 .debug_line    0x00003d94      0x4a2 obj/aprs/bertos/drv/kdebug_P.o
 .debug_line    0x00004236       0x66 /usr/local/CrossPack-AVR-20121207/lib/gcc/avr/4.6.2/avr5/libgcc.a(_udivmodqi4.o)
 .debug_line    0x0000429c       0x6d /usr/local/CrossPack-AVR-20121207/lib/gcc/avr/4.6.2/avr5/libgcc.a(_divmodhi4.o)
 .debug_line    0x00004309       0x7c /usr/local/CrossPack-AVR-20121207/lib/gcc/avr/4.6.2/avr5/libgcc.a(_udivmodsi4.o)
 .debug_line    0x00004385       0x5c /usr/local/CrossPack-AVR-20121207/lib/gcc/avr/4.6.2/avr5/libgcc.a(_exit.o)
 .debug_line    0x000043e1       0x65 /usr/local/CrossPack-AVR-20121207/lib/gcc/avr/4.6.2/avr5/libgcc.a(_copy_data.o)
 .debug_line    0x00004446       0x62 /usr/local/CrossPack-AVR-20121207/lib/gcc/avr/4.6.2/avr5/libgcc.a(_clear_bss.o)
 .debug_line    0x000044a8       0x6e /usr/local/CrossPack-AVR-20121207/lib/gcc/avr/4.6.2/avr5/libgcc.a(_udivmodhi4.o)

.debug_frame    0x00000000      0x6a0
 *(.debug_frame)
 .debug_frame   0x00000000       0xb0 obj/aprs/bertos/kern/kfile.o
 .debug_frame   0x000000b0       0x20 obj/aprs/bertos/cpu/avr/drv/timer_avr.o
 .debug_frame   0x000000d0       0x90 obj/aprs/bertos/net/afsk.o
 .debug_frame   0x00000160       0x70 obj/aprs/bertos/net/ax25.o
 .debug_frame   0x000001d0       0x20 obj/aprs/bertos/mware/formatwr.o
 .debug_frame   0x000001f0       0x20 obj/aprs/bertos/algo/crc_ccitt.o
 .debug_frame   0x00000210       0xa0 obj/aprs/bertos/drv/timer.o
 .debug_frame   0x000002b0       0x30 obj/aprs/bertos/mware/event.o
 .debug_frame   0x000002e0      0x100 obj/aprs/bertos/cpu/avr/drv/ser_avr.o
 .debug_frame   0x000003e0      0x150 obj/aprs/bertos/drv/ser.o
 .debug_frame   0x00000530       0x30 obj/aprs/aprs/main.o
 .debug_frame   0x00000560       0x30 obj/aprs/aprs/hw/hw_afsk.o
 .debug_frame   0x00000590       0x20 obj/aprs/bertos/mware/formatwr_P.o
 .debug_frame   0x000005b0       0xf0 obj/aprs/bertos/drv/kdebug_P.o

.debug_str      0x00000000      0xf4f
 *(.debug_str)
 .debug_str     0x00000000      0x2ed obj/aprs/bertos/kern/kfile.o
                                0x386 (size before relaxing)
 .debug_str     0x000002ed       0x2d obj/aprs/bertos/cpu/avr/drv/timer_avr.o
                                0x145 (size before relaxing)
 .debug_str     0x0000031a      0x2a4 obj/aprs/bertos/net/afsk.o
                                0x53a (size before relaxing)
 .debug_str     0x000005be      0x133 obj/aprs/bertos/net/ax25.o
                                0x329 (size before relaxing)
 .debug_str     0x000006f1      0x20c obj/aprs/bertos/mware/formatwr.o
                                0x30f (size before relaxing)
 .debug_str     0x000008fd       0x18 obj/aprs/bertos/algo/crc_ccitt.o
                                0x113 (size before relaxing)
 .debug_str     0x00000915      0x13c obj/aprs/bertos/drv/timer.o
                                0x2e1 (size before relaxing)
 .debug_str     0x00000a51       0x3a obj/aprs/bertos/mware/event.o
                                 0xda (size before relaxing)
 .debug_str     0x00000a8b      0x1f3 obj/aprs/bertos/cpu/avr/drv/ser_avr.o
                                0x4cf (size before relaxing)
 .debug_str     0x00000c7e      0x143 obj/aprs/bertos/drv/ser.o
                                0x4ff (size before relaxing)
 .debug_str     0x00000dc1       0x13 obj/aprs/bertos/mware/hex.o
                                 0x40 (size before relaxing)
 .debug_str     0x00000dd4       0x2c obj/aprs/aprs/main.o
                                0x4a9 (size before relaxing)
 .debug_str     0x00000e00       0x33 obj/aprs/aprs/hw/hw_afsk.o
                                0x39a (size before relaxing)
 .debug_str     0x00000e33       0x13 obj/aprs/bertos/mware/formatwr_P.o
                                0x311 (size before relaxing)
 .debug_str     0x00000e46      0x109 obj/aprs/bertos/drv/kdebug_P.o
                                0x21f (size before relaxing)

.debug_loc      0x00000000     0x37a0
 *(.debug_loc)
 .debug_loc     0x00000000      0x37a obj/aprs/bertos/kern/kfile.o
 .debug_loc     0x0000037a      0x4aa obj/aprs/bertos/net/afsk.o
 .debug_loc     0x00000824      0x56f obj/aprs/bertos/net/ax25.o
 .debug_loc     0x00000d93      0x98f obj/aprs/bertos/mware/formatwr.o
 .debug_loc     0x00001722       0x70 obj/aprs/bertos/algo/crc_ccitt.o
 .debug_loc     0x00001792      0x317 obj/aprs/bertos/drv/timer.o
 .debug_loc     0x00001aa9       0x28 obj/aprs/bertos/mware/event.o
 .debug_loc     0x00001ad1      0x11e obj/aprs/bertos/cpu/avr/drv/ser_avr.o
 .debug_loc     0x00001bef      0x6d9 obj/aprs/bertos/drv/ser.o
 .debug_loc     0x000022c8       0xad obj/aprs/aprs/main.o
 .debug_loc     0x00002375       0x50 obj/aprs/aprs/hw/hw_afsk.o
 .debug_loc     0x000023c5      0xef0 obj/aprs/bertos/mware/formatwr_P.o
 .debug_loc     0x000032b5      0x4eb obj/aprs/bertos/drv/kdebug_P.o

.debug_macinfo
 *(.debug_macinfo)
OUTPUT(images/aprs.elf elf32-avr)
LOAD linker stubs

.debug_ranges   0x00000000      0x638
 .debug_ranges  0x00000000       0x60 obj/aprs/bertos/kern/kfile.o
 .debug_ranges  0x00000060       0x18 obj/aprs/bertos/cpu/avr/drv/timer_avr.o
 .debug_ranges  0x00000078      0x158 obj/aprs/bertos/net/afsk.o
 .debug_ranges  0x000001d0      0x130 obj/aprs/bertos/net/ax25.o
 .debug_ranges  0x00000300       0x18 obj/aprs/bertos/mware/formatwr.o
 .debug_ranges  0x00000318       0x18 obj/aprs/bertos/algo/crc_ccitt.o
 .debug_ranges  0x00000330       0xd8 obj/aprs/bertos/drv/timer.o
 .debug_ranges  0x00000408       0x20 obj/aprs/bertos/mware/event.o
 .debug_ranges  0x00000428       0x88 obj/aprs/bertos/cpu/avr/drv/ser_avr.o
 .debug_ranges  0x000004b0       0xb0 obj/aprs/bertos/drv/ser.o
 .debug_ranges  0x00000560       0x20 obj/aprs/aprs/main.o
 .debug_ranges  0x00000580       0x20 obj/aprs/aprs/hw/hw_afsk.o
 .debug_ranges  0x000005a0       0x18 obj/aprs/bertos/mware/formatwr_P.o
 .debug_ranges  0x000005b8       0x80 obj/aprs/bertos/drv/kdebug_P.o

Cross Reference Table

Symbol                                            File
HEX_tab                                           obj/aprs/bertos/mware/hex.o
                                                  obj/aprs/bertos/mware/formatwr_P.o
                                                  obj/aprs/bertos/mware/formatwr.o
__addsf3                                          /usr/local/CrossPack-AVR-20121207/lib/gcc/avr/4.6.2/../../../../avr/lib/avr5/libm.a(addsf3.o)
__addsf3x                                         /usr/local/CrossPack-AVR-20121207/lib/gcc/avr/4.6.2/../../../../avr/lib/avr5/libm.a(addsf3x.o)
                                                  /usr/local/CrossPack-AVR-20121207/lib/gcc/avr/4.6.2/../../../../avr/lib/avr5/libm.a(addsf3.o)
__bad_interrupt                                   /usr/local/CrossPack-AVR-20121207/lib/gcc/avr/4.6.2/../../../../avr/lib/avr5/crtm328p.o
__bassert_P                                       obj/aprs/bertos/drv/kdebug_P.o
                                                  obj/aprs/bertos/mware/formatwr_P.o
                                                  obj/aprs/aprs/hw/hw_afsk.o
                                                  obj/aprs/bertos/drv/ser.o
                                                  obj/aprs/bertos/cpu/avr/drv/ser_avr.o
                                                  obj/aprs/bertos/drv/timer.o
                                                  obj/aprs/bertos/mware/formatwr.o
                                                  obj/aprs/bertos/net/ax25.o
                                                  obj/aprs/bertos/net/afsk.o
                                                  obj/aprs/bertos/kern/kfile.o
__bss_end                                         /usr/local/CrossPack-AVR-20121207/lib/gcc/avr/4.6.2/avr5/libgcc.a(_clear_bss.o)
__bss_start                                       /usr/local/CrossPack-AVR-20121207/lib/gcc/avr/4.6.2/avr5/libgcc.a(_clear_bss.o)
__check_wall_P                                    obj/aprs/bertos/drv/kdebug_P.o
__cmpsf2                                          /usr/local/CrossPack-AVR-20121207/lib/gcc/avr/4.6.2/../../../../avr/lib/avr5/libm.a(cmpsf2.o)
__ctype_isfalse                                   /usr/local/CrossPack-AVR-20121207/lib/gcc/avr/4.6.2/../../../../avr/lib/avr5/libc.a(cty_isfalse.o)
                                                  /usr/local/CrossPack-AVR-20121207/lib/gcc/avr/4.6.2/../../../../avr/lib/avr5/libc.a(isalpha.o)
                                                  /usr/local/CrossPack-AVR-20121207/lib/gcc/avr/4.6.2/../../../../avr/lib/avr5/libc.a(isalnum.o)
__ctype_istrue                                    /usr/local/CrossPack-AVR-20121207/lib/gcc/avr/4.6.2/../../../../avr/lib/avr5/libc.a(cty_isfalse.o)
__data_end                                        /usr/local/CrossPack-AVR-20121207/lib/gcc/avr/4.6.2/avr5/libgcc.a(_copy_data.o)
__data_load_start                                 /usr/local/CrossPack-AVR-20121207/lib/gcc/avr/4.6.2/avr5/libgcc.a(_copy_data.o)
__data_start                                      /usr/local/CrossPack-AVR-20121207/lib/gcc/avr/4.6.2/avr5/libgcc.a(_copy_data.o)
__divmodhi4                                       /usr/local/CrossPack-AVR-20121207/lib/gcc/avr/4.6.2/avr5/libgcc.a(_divmodhi4.o)
                                                  obj/aprs/bertos/drv/kdebug_P.o
                                                  obj/aprs/bertos/mware/formatwr_P.o
                                                  obj/aprs/bertos/mware/formatwr.o
__divsf3                                          /usr/local/CrossPack-AVR-20121207/lib/gcc/avr/4.6.2/../../../../avr/lib/avr5/libm.a(divsf3.o)
                                                  obj/aprs/bertos/mware/formatwr_P.o
                                                  obj/aprs/bertos/mware/formatwr.o
__divsf3_pse                                      /usr/local/CrossPack-AVR-20121207/lib/gcc/avr/4.6.2/../../../../avr/lib/avr5/libm.a(divsf3x.o)
__divsf3x                                         /usr/local/CrossPack-AVR-20121207/lib/gcc/avr/4.6.2/../../../../avr/lib/avr5/libm.a(divsf3x.o)
                                                  /usr/local/CrossPack-AVR-20121207/lib/gcc/avr/4.6.2/../../../../avr/lib/avr5/libm.a(divsf3.o)
__do_clear_bss                                    /usr/local/CrossPack-AVR-20121207/lib/gcc/avr/4.6.2/avr5/libgcc.a(_clear_bss.o)
                                                  obj/aprs/aprs/hw/hw_afsk.o
                                                  obj/aprs/aprs/main.o
                                                  obj/aprs/bertos/drv/ser.o
                                                  obj/aprs/bertos/cpu/avr/drv/ser_avr.o
                                                  obj/aprs/bertos/drv/timer.o
__do_copy_data                                    /usr/local/CrossPack-AVR-20121207/lib/gcc/avr/4.6.2/avr5/libgcc.a(_copy_data.o)
                                                  obj/aprs/bertos/mware/formatwr_P.o
                                                  obj/aprs/aprs/main.o
                                                  obj/aprs/bertos/mware/hex.o
                                                  obj/aprs/bertos/cpu/avr/drv/ser_avr.o
                                                  obj/aprs/bertos/mware/formatwr.o
                                                  obj/aprs/bertos/net/ax25.o
__eqsf2                                           /usr/local/CrossPack-AVR-20121207/lib/gcc/avr/4.6.2/../../../../avr/lib/avr5/libm.a(cmpsf2.o)
__fixsfsi                                         /usr/local/CrossPack-AVR-20121207/lib/gcc/avr/4.6.2/../../../../avr/lib/avr5/libm.a(fixsfsi.o)
                                                  obj/aprs/bertos/mware/formatwr_P.o
                                                  obj/aprs/bertos/mware/formatwr.o
__fixunssfsi                                      /usr/local/CrossPack-AVR-20121207/lib/gcc/avr/4.6.2/../../../../avr/lib/avr5/libm.a(fixunssfsi.o)
                                                  /usr/local/CrossPack-AVR-20121207/lib/gcc/avr/4.6.2/../../../../avr/lib/avr5/libm.a(fixsfsi.o)
__floatsisf                                       /usr/local/CrossPack-AVR-20121207/lib/gcc/avr/4.6.2/../../../../avr/lib/avr5/libm.a(floatsisf.o)
                                                  obj/aprs/bertos/mware/formatwr_P.o
                                                  obj/aprs/bertos/mware/formatwr.o
__floatunsisf                                     /usr/local/CrossPack-AVR-20121207/lib/gcc/avr/4.6.2/../../../../avr/lib/avr5/libm.a(floatsisf.o)
__fp_cmp                                          /usr/local/CrossPack-AVR-20121207/lib/gcc/avr/4.6.2/../../../../avr/lib/avr5/libm.a(fp_cmp.o)
                                                  /usr/local/CrossPack-AVR-20121207/lib/gcc/avr/4.6.2/../../../../avr/lib/avr5/libm.a(gesf2.o)
                                                  /usr/local/CrossPack-AVR-20121207/lib/gcc/avr/4.6.2/../../../../avr/lib/avr5/libm.a(cmpsf2.o)
__fp_inf                                          /usr/local/CrossPack-AVR-20121207/lib/gcc/avr/4.6.2/../../../../avr/lib/avr5/libm.a(fp_inf.o)
                                                  /usr/local/CrossPack-AVR-20121207/lib/gcc/avr/4.6.2/../../../../avr/lib/avr5/libm.a(mulsf3x.o)
                                                  /usr/local/CrossPack-AVR-20121207/lib/gcc/avr/4.6.2/../../../../avr/lib/avr5/libm.a(divsf3x.o)
                                                  /usr/local/CrossPack-AVR-20121207/lib/gcc/avr/4.6.2/../../../../avr/lib/avr5/libm.a(addsf3x.o)
__fp_nan                                          /usr/local/CrossPack-AVR-20121207/lib/gcc/avr/4.6.2/../../../../avr/lib/avr5/libm.a(fp_nan.o)
                                                  /usr/local/CrossPack-AVR-20121207/lib/gcc/avr/4.6.2/../../../../avr/lib/avr5/libm.a(mulsf3x.o)
                                                  /usr/local/CrossPack-AVR-20121207/lib/gcc/avr/4.6.2/../../../../avr/lib/avr5/libm.a(divsf3x.o)
                                                  /usr/local/CrossPack-AVR-20121207/lib/gcc/avr/4.6.2/../../../../avr/lib/avr5/libm.a(addsf3x.o)
__fp_pscA                                         /usr/local/CrossPack-AVR-20121207/lib/gcc/avr/4.6.2/../../../../avr/lib/avr5/libm.a(fp_pscA.o)
                                                  /usr/local/CrossPack-AVR-20121207/lib/gcc/avr/4.6.2/../../../../avr/lib/avr5/libm.a(mulsf3x.o)
                                                  /usr/local/CrossPack-AVR-20121207/lib/gcc/avr/4.6.2/../../../../avr/lib/avr5/libm.a(divsf3x.o)
                                                  /usr/local/CrossPack-AVR-20121207/lib/gcc/avr/4.6.2/../../../../avr/lib/avr5/libm.a(addsf3x.o)
__fp_pscB                                         /usr/local/CrossPack-AVR-20121207/lib/gcc/avr/4.6.2/../../../../avr/lib/avr5/libm.a(fp_pscB.o)
                                                  /usr/local/CrossPack-AVR-20121207/lib/gcc/avr/4.6.2/../../../../avr/lib/avr5/libm.a(mulsf3x.o)
                                                  /usr/local/CrossPack-AVR-20121207/lib/gcc/avr/4.6.2/../../../../avr/lib/avr5/libm.a(divsf3x.o)
                                                  /usr/local/CrossPack-AVR-20121207/lib/gcc/avr/4.6.2/../../../../avr/lib/avr5/libm.a(addsf3x.o)
__fp_round                                        /usr/local/CrossPack-AVR-20121207/lib/gcc/avr/4.6.2/../../../../avr/lib/avr5/libm.a(fp_round.o)
                                                  /usr/local/CrossPack-AVR-20121207/lib/gcc/avr/4.6.2/../../../../avr/lib/avr5/libm.a(mulsf3.o)
                                                  /usr/local/CrossPack-AVR-20121207/lib/gcc/avr/4.6.2/../../../../avr/lib/avr5/libm.a(divsf3.o)
                                                  /usr/local/CrossPack-AVR-20121207/lib/gcc/avr/4.6.2/../../../../avr/lib/avr5/libm.a(addsf3.o)
__fp_split3                                       /usr/local/CrossPack-AVR-20121207/lib/gcc/avr/4.6.2/../../../../avr/lib/avr5/libm.a(fp_split3.o)
                                                  /usr/local/CrossPack-AVR-20121207/lib/gcc/avr/4.6.2/../../../../avr/lib/avr5/libm.a(mulsf3x.o)
                                                  /usr/local/CrossPack-AVR-20121207/lib/gcc/avr/4.6.2/../../../../avr/lib/avr5/libm.a(divsf3x.o)
                                                  /usr/local/CrossPack-AVR-20121207/lib/gcc/avr/4.6.2/../../../../avr/lib/avr5/libm.a(addsf3x.o)
__fp_splitA                                       /usr/local/CrossPack-AVR-20121207/lib/gcc/avr/4.6.2/../../../../avr/lib/avr5/libm.a(fp_split3.o)
                                                  /usr/local/CrossPack-AVR-20121207/lib/gcc/avr/4.6.2/../../../../avr/lib/avr5/libm.a(fixunssfsi.o)
__fp_szero                                        /usr/local/CrossPack-AVR-20121207/lib/gcc/avr/4.6.2/../../../../avr/lib/avr5/libm.a(fp_zero.o)
                                                  /usr/local/CrossPack-AVR-20121207/lib/gcc/avr/4.6.2/../../../../avr/lib/avr5/libm.a(mulsf3x.o)
                                                  /usr/local/CrossPack-AVR-20121207/lib/gcc/avr/4.6.2/../../../../avr/lib/avr5/libm.a(fixsfsi.o)
                                                  /usr/local/CrossPack-AVR-20121207/lib/gcc/avr/4.6.2/../../../../avr/lib/avr5/libm.a(divsf3x.o)
__fp_zero                                         /usr/local/CrossPack-AVR-20121207/lib/gcc/avr/4.6.2/../../../../avr/lib/avr5/libm.a(fp_zero.o)
                                                  /usr/local/CrossPack-AVR-20121207/lib/gcc/avr/4.6.2/../../../../avr/lib/avr5/libm.a(fixunssfsi.o)
                                                  /usr/local/CrossPack-AVR-20121207/lib/gcc/avr/4.6.2/../../../../avr/lib/avr5/libm.a(addsf3x.o)
__gesf2                                           /usr/local/CrossPack-AVR-20121207/lib/gcc/avr/4.6.2/../../../../avr/lib/avr5/libm.a(gesf2.o)
                                                  obj/aprs/bertos/mware/formatwr_P.o
                                                  obj/aprs/bertos/mware/formatwr.o
__gtsf2                                           /usr/local/CrossPack-AVR-20121207/lib/gcc/avr/4.6.2/../../../../avr/lib/avr5/libm.a(gesf2.o)
__heap_end                                        /usr/local/CrossPack-AVR-20121207/lib/gcc/avr/4.6.2/../../../../avr/lib/avr5/crtm328p.o
__init                                            /usr/local/CrossPack-AVR-20121207/lib/gcc/avr/4.6.2/../../../../avr/lib/avr5/crtm328p.o
__init_wall                                       obj/aprs/bertos/drv/kdebug_P.o
__invalid_ptr_P                                   obj/aprs/bertos/drv/kdebug_P.o
                                                  obj/aprs/bertos/drv/timer.o
__lesf2                                           /usr/local/CrossPack-AVR-20121207/lib/gcc/avr/4.6.2/../../../../avr/lib/avr5/libm.a(cmpsf2.o)
                                                  obj/aprs/bertos/mware/formatwr_P.o
                                                  obj/aprs/bertos/mware/formatwr.o
__ltsf2                                           /usr/local/CrossPack-AVR-20121207/lib/gcc/avr/4.6.2/../../../../avr/lib/avr5/libm.a(cmpsf2.o)
                                                  obj/aprs/bertos/mware/formatwr_P.o
                                                  obj/aprs/bertos/mware/formatwr.o
__mulsf3                                          /usr/local/CrossPack-AVR-20121207/lib/gcc/avr/4.6.2/../../../../avr/lib/avr5/libm.a(mulsf3.o)
                                                  obj/aprs/bertos/mware/formatwr_P.o
                                                  obj/aprs/bertos/mware/formatwr.o
__mulsf3_pse                                      /usr/local/CrossPack-AVR-20121207/lib/gcc/avr/4.6.2/../../../../avr/lib/avr5/libm.a(mulsf3x.o)
__mulsf3x                                         /usr/local/CrossPack-AVR-20121207/lib/gcc/avr/4.6.2/../../../../avr/lib/avr5/libm.a(mulsf3x.o)
                                                  /usr/local/CrossPack-AVR-20121207/lib/gcc/avr/4.6.2/../../../../avr/lib/avr5/libm.a(mulsf3.o)
__nesf2                                           /usr/local/CrossPack-AVR-20121207/lib/gcc/avr/4.6.2/../../../../avr/lib/avr5/libm.a(cmpsf2.o)
                                                  obj/aprs/bertos/mware/formatwr_P.o
                                                  obj/aprs/bertos/mware/formatwr.o
__stack                                           /usr/local/CrossPack-AVR-20121207/lib/gcc/avr/4.6.2/../../../../avr/lib/avr5/crtm328p.o
__subsf3                                          /usr/local/CrossPack-AVR-20121207/lib/gcc/avr/4.6.2/../../../../avr/lib/avr5/libm.a(addsf3.o)
                                                  obj/aprs/bertos/mware/formatwr_P.o
                                                  obj/aprs/bertos/mware/formatwr.o
__trace_P                                         obj/aprs/bertos/drv/kdebug_P.o
__tracemsg_P                                      obj/aprs/bertos/drv/kdebug_P.o
__udivmodhi4                                      /usr/local/CrossPack-AVR-20121207/lib/gcc/avr/4.6.2/avr5/libgcc.a(_udivmodhi4.o)
                                                  /usr/local/CrossPack-AVR-20121207/lib/gcc/avr/4.6.2/avr5/libgcc.a(_divmodhi4.o)
__udivmodqi4                                      /usr/local/CrossPack-AVR-20121207/lib/gcc/avr/4.6.2/avr5/libgcc.a(_udivmodqi4.o)
                                                  obj/aprs/bertos/drv/timer.o
__udivmodsi4                                      /usr/local/CrossPack-AVR-20121207/lib/gcc/avr/4.6.2/avr5/libgcc.a(_udivmodsi4.o)
                                                  obj/aprs/bertos/mware/formatwr_P.o
                                                  obj/aprs/bertos/cpu/avr/drv/ser_avr.o
                                                  obj/aprs/bertos/drv/timer.o
                                                  obj/aprs/bertos/mware/formatwr.o
__vector_1                                        /usr/local/CrossPack-AVR-20121207/lib/gcc/avr/4.6.2/../../../../avr/lib/avr5/crtm328p.o
__vector_10                                       /usr/local/CrossPack-AVR-20121207/lib/gcc/avr/4.6.2/../../../../avr/lib/avr5/crtm328p.o
__vector_11                                       /usr/local/CrossPack-AVR-20121207/lib/gcc/avr/4.6.2/../../../../avr/lib/avr5/crtm328p.o
__vector_12                                       /usr/local/CrossPack-AVR-20121207/lib/gcc/avr/4.6.2/../../../../avr/lib/avr5/crtm328p.o
__vector_13                                       /usr/local/CrossPack-AVR-20121207/lib/gcc/avr/4.6.2/../../../../avr/lib/avr5/crtm328p.o
__vector_14                                       obj/aprs/bertos/drv/timer.o
                                                  /usr/local/CrossPack-AVR-20121207/lib/gcc/avr/4.6.2/../../../../avr/lib/avr5/crtm328p.o
__vector_15                                       /usr/local/CrossPack-AVR-20121207/lib/gcc/avr/4.6.2/../../../../avr/lib/avr5/crtm328p.o
__vector_16                                       /usr/local/CrossPack-AVR-20121207/lib/gcc/avr/4.6.2/../../../../avr/lib/avr5/crtm328p.o
__vector_17                                       obj/aprs/bertos/cpu/avr/drv/ser_avr.o
                                                  /usr/local/CrossPack-AVR-20121207/lib/gcc/avr/4.6.2/../../../../avr/lib/avr5/crtm328p.o
__vector_18                                       obj/aprs/bertos/cpu/avr/drv/ser_avr.o
                                                  /usr/local/CrossPack-AVR-20121207/lib/gcc/avr/4.6.2/../../../../avr/lib/avr5/crtm328p.o
__vector_19                                       obj/aprs/bertos/cpu/avr/drv/ser_avr.o
                                                  /usr/local/CrossPack-AVR-20121207/lib/gcc/avr/4.6.2/../../../../avr/lib/avr5/crtm328p.o
__vector_2                                        /usr/local/CrossPack-AVR-20121207/lib/gcc/avr/4.6.2/../../../../avr/lib/avr5/crtm328p.o
__vector_20                                       /usr/local/CrossPack-AVR-20121207/lib/gcc/avr/4.6.2/../../../../avr/lib/avr5/crtm328p.o
__vector_21                                       obj/aprs/aprs/hw/hw_afsk.o
                                                  /usr/local/CrossPack-AVR-20121207/lib/gcc/avr/4.6.2/../../../../avr/lib/avr5/crtm328p.o
__vector_22                                       /usr/local/CrossPack-AVR-20121207/lib/gcc/avr/4.6.2/../../../../avr/lib/avr5/crtm328p.o
__vector_23                                       /usr/local/CrossPack-AVR-20121207/lib/gcc/avr/4.6.2/../../../../avr/lib/avr5/crtm328p.o
__vector_24                                       /usr/local/CrossPack-AVR-20121207/lib/gcc/avr/4.6.2/../../../../avr/lib/avr5/crtm328p.o
__vector_25                                       /usr/local/CrossPack-AVR-20121207/lib/gcc/avr/4.6.2/../../../../avr/lib/avr5/crtm328p.o
__vector_3                                        /usr/local/CrossPack-AVR-20121207/lib/gcc/avr/4.6.2/../../../../avr/lib/avr5/crtm328p.o
__vector_4                                        /usr/local/CrossPack-AVR-20121207/lib/gcc/avr/4.6.2/../../../../avr/lib/avr5/crtm328p.o
__vector_5                                        /usr/local/CrossPack-AVR-20121207/lib/gcc/avr/4.6.2/../../../../avr/lib/avr5/crtm328p.o
__vector_6                                        /usr/local/CrossPack-AVR-20121207/lib/gcc/avr/4.6.2/../../../../avr/lib/avr5/crtm328p.o
__vector_7                                        /usr/local/CrossPack-AVR-20121207/lib/gcc/avr/4.6.2/../../../../avr/lib/avr5/crtm328p.o
__vector_8                                        /usr/local/CrossPack-AVR-20121207/lib/gcc/avr/4.6.2/../../../../avr/lib/avr5/crtm328p.o
__vector_9                                        /usr/local/CrossPack-AVR-20121207/lib/gcc/avr/4.6.2/../../../../avr/lib/avr5/crtm328p.o
__vector_default                                  /usr/local/CrossPack-AVR-20121207/lib/gcc/avr/4.6.2/../../../../avr/lib/avr5/crtm328p.o
__vectors                                         /usr/local/CrossPack-AVR-20121207/lib/gcc/avr/4.6.2/../../../../avr/lib/avr5/crtm328p.o
_clock                                            obj/aprs/aprs/main.o
                                                  obj/aprs/bertos/drv/timer.o
                                                  obj/aprs/bertos/net/afsk.o
                                                  obj/aprs/bertos/kern/kfile.o
_div                                              /usr/local/CrossPack-AVR-20121207/lib/gcc/avr/4.6.2/avr5/libgcc.a(_divmodhi4.o)
_exit                                             /usr/local/CrossPack-AVR-20121207/lib/gcc/avr/4.6.2/avr5/libgcc.a(_exit.o)
_formatted_write                                  obj/aprs/bertos/mware/formatwr.o
                                                  obj/aprs/bertos/kern/kfile.o
_formatted_write_P                                obj/aprs/bertos/mware/formatwr_P.o
                                                  obj/aprs/bertos/drv/kdebug_P.o
afsk_adc_isr                                      obj/aprs/bertos/net/afsk.o
                                                  obj/aprs/aprs/hw/hw_afsk.o
afsk_dac_isr                                      obj/aprs/bertos/net/afsk.o
                                                  obj/aprs/aprs/hw/hw_afsk.o
afsk_init                                         obj/aprs/bertos/net/afsk.o
                                                  obj/aprs/aprs/main.o
ax25_init                                         obj/aprs/bertos/net/ax25.o
                                                  obj/aprs/aprs/main.o
ax25_poll                                         obj/aprs/bertos/net/ax25.o
                                                  obj/aprs/aprs/main.o
ax25_print                                        obj/aprs/bertos/net/ax25.o
ax25_sendVia                                      obj/aprs/bertos/net/ax25.o
                                                  obj/aprs/aprs/main.o
crc_ccitt                                         obj/aprs/bertos/algo/crc_ccitt.o
crc_ccitt_tab                                     obj/aprs/bertos/algo/crc_ccitt.o
                                                  obj/aprs/bertos/net/ax25.o
event_hook_ignore                                 obj/aprs/bertos/mware/event.o
event_hook_softint                                obj/aprs/bertos/mware/event.o
exit                                              /usr/local/CrossPack-AVR-20121207/lib/gcc/avr/4.6.2/avr5/libgcc.a(_exit.o)
                                                  /usr/local/CrossPack-AVR-20121207/lib/gcc/avr/4.6.2/../../../../avr/lib/avr5/crtm328p.o
hex_tab                                           obj/aprs/bertos/mware/hex.o
                                                  obj/aprs/bertos/mware/formatwr_P.o
                                                  obj/aprs/bertos/mware/formatwr.o
hw_afsk_adcInit                                   obj/aprs/aprs/hw/hw_afsk.o
                                                  obj/aprs/bertos/net/afsk.o
hw_afsk_dac_isr                                   obj/aprs/aprs/hw/hw_afsk.o
                                                  obj/aprs/bertos/net/afsk.o
isalnum                                           /usr/local/CrossPack-AVR-20121207/lib/gcc/avr/4.6.2/../../../../avr/lib/avr5/libc.a(isalnum.o)
                                                  obj/aprs/bertos/net/ax25.o
isalpha                                           /usr/local/CrossPack-AVR-20121207/lib/gcc/avr/4.6.2/../../../../avr/lib/avr5/libc.a(isalpha.o)
                                                  /usr/local/CrossPack-AVR-20121207/lib/gcc/avr/4.6.2/../../../../avr/lib/avr5/libc.a(isalnum.o)
islower                                           /usr/local/CrossPack-AVR-20121207/lib/gcc/avr/4.6.2/../../../../avr/lib/avr5/libc.a(isalpha.o)
isupper                                           /usr/local/CrossPack-AVR-20121207/lib/gcc/avr/4.6.2/../../../../avr/lib/avr5/libc.a(isalpha.o)
kdbg_init                                         obj/aprs/bertos/drv/kdebug_P.o
                                                  obj/aprs/aprs/main.o
kdump                                             obj/aprs/bertos/drv/kdebug_P.o
kfile_genericClose                                obj/aprs/bertos/kern/kfile.o
kfile_genericReopen                               obj/aprs/bertos/kern/kfile.o
kfile_genericSeek                                 obj/aprs/bertos/kern/kfile.o
kfile_getc                                        obj/aprs/bertos/kern/kfile.o
                                                  obj/aprs/bertos/net/ax25.o
kfile_init                                        obj/aprs/bertos/kern/kfile.o
kfile_print                                       obj/aprs/bertos/kern/kfile.o
kfile_printf                                      obj/aprs/bertos/kern/kfile.o
                                                  obj/aprs/aprs/main.o
                                                  obj/aprs/bertos/net/ax25.o
kfile_putc                                        obj/aprs/bertos/kern/kfile.o
                                                  obj/aprs/bertos/net/ax25.o
kfile_resync                                      obj/aprs/bertos/kern/kfile.o
kprintf_P                                         obj/aprs/bertos/drv/kdebug_P.o
                                                  obj/aprs/bertos/net/ax25.o
kputchar                                          obj/aprs/bertos/drv/kdebug_P.o
kputnum                                           obj/aprs/bertos/drv/kdebug_P.o
kputs_P                                           obj/aprs/bertos/drv/kdebug_P.o
main                                              obj/aprs/aprs/main.o
                                                  /usr/local/CrossPack-AVR-20121207/lib/gcc/avr/4.6.2/../../../../avr/lib/avr5/crtm328p.o
ser_getchar_nowait                                obj/aprs/bertos/drv/ser.o
ser_handles                                       obj/aprs/bertos/drv/ser.o
                                                  obj/aprs/bertos/cpu/avr/drv/ser_avr.o
ser_hw_getdesc                                    obj/aprs/bertos/cpu/avr/drv/ser_avr.o
                                                  obj/aprs/bertos/drv/ser.o
ser_init                                          obj/aprs/bertos/drv/ser.o
                                                  obj/aprs/aprs/main.o
ser_purge                                         obj/aprs/bertos/drv/ser.o
ser_purgeRx                                       obj/aprs/bertos/drv/ser.o
ser_purgeTx                                       obj/aprs/bertos/drv/ser.o
ser_setbaudrate                                   obj/aprs/bertos/drv/ser.o
                                                  obj/aprs/aprs/main.o
ser_setparity                                     obj/aprs/bertos/drv/ser.o
spimaster_init                                    obj/aprs/bertos/drv/ser.o
synctimer_add                                     obj/aprs/bertos/drv/timer.o
synctimer_poll                                    obj/aprs/bertos/drv/timer.o
timer_abort                                       obj/aprs/bertos/drv/timer.o
timer_add                                         obj/aprs/bertos/drv/timer.o
timer_busyWait                                    obj/aprs/bertos/drv/timer.o
timer_delayHp                                     obj/aprs/bertos/drv/timer.o
timer_delayTicks                                  obj/aprs/bertos/drv/timer.o
timer_hw_init                                     obj/aprs/bertos/cpu/avr/drv/timer_avr.o
                                                  obj/aprs/bertos/drv/timer.o
timer_init                                        obj/aprs/bertos/drv/timer.o
                                                  obj/aprs/aprs/main.o
timer_initialized                                 obj/aprs/bertos/drv/timer.o
                                                  obj/aprs/bertos/net/afsk.o
toupper                                           /usr/local/CrossPack-AVR-20121207/lib/gcc/avr/4.6.2/../../../../avr/lib/avr5/libc.a(toupper.o)
                                                  obj/aprs/bertos/net/ax25.o
