Archive member included because of file (symbol)

/usr/local/CrossPack-AVR-20121207/lib/gcc/avr/4.6.2/../../../../avr/lib/avr5/libm.a(addsf3.o)
                              obj/aprs/bertos/mware/formatwr.o (__subsf3)
/usr/local/CrossPack-AVR-20121207/lib/gcc/avr/4.6.2/../../../../avr/lib/avr5/libm.a(addsf3x.o)
                              /usr/local/CrossPack-AVR-20121207/lib/gcc/avr/4.6.2/../../../../avr/lib/avr5/libm.a(addsf3.o) (__addsf3x)
/usr/local/CrossPack-AVR-20121207/lib/gcc/avr/4.6.2/../../../../avr/lib/avr5/libm.a(cmpsf2.o)
                              obj/aprs/bertos/mware/formatwr.o (__nesf2)
/usr/local/CrossPack-AVR-20121207/lib/gcc/avr/4.6.2/../../../../avr/lib/avr5/libm.a(divsf3.o)
                              obj/aprs/bertos/mware/formatwr.o (__divsf3)
/usr/local/CrossPack-AVR-20121207/lib/gcc/avr/4.6.2/../../../../avr/lib/avr5/libm.a(divsf3x.o)
                              /usr/local/CrossPack-AVR-20121207/lib/gcc/avr/4.6.2/../../../../avr/lib/avr5/libm.a(divsf3.o) (__divsf3x)
/usr/local/CrossPack-AVR-20121207/lib/gcc/avr/4.6.2/../../../../avr/lib/avr5/libm.a(fixsfsi.o)
                              obj/aprs/bertos/mware/formatwr.o (__fixsfsi)
/usr/local/CrossPack-AVR-20121207/lib/gcc/avr/4.6.2/../../../../avr/lib/avr5/libm.a(fixunssfsi.o)
                              /usr/local/CrossPack-AVR-20121207/lib/gcc/avr/4.6.2/../../../../avr/lib/avr5/libm.a(fixsfsi.o) (__fixunssfsi)
/usr/local/CrossPack-AVR-20121207/lib/gcc/avr/4.6.2/../../../../avr/lib/avr5/libm.a(floatsisf.o)
                              obj/aprs/bertos/mware/formatwr.o (__floatsisf)
/usr/local/CrossPack-AVR-20121207/lib/gcc/avr/4.6.2/../../../../avr/lib/avr5/libm.a(fp_cmp.o)
                              /usr/local/CrossPack-AVR-20121207/lib/gcc/avr/4.6.2/../../../../avr/lib/avr5/libm.a(cmpsf2.o) (__fp_cmp)
/usr/local/CrossPack-AVR-20121207/lib/gcc/avr/4.6.2/../../../../avr/lib/avr5/libm.a(fp_inf.o)
                              /usr/local/CrossPack-AVR-20121207/lib/gcc/avr/4.6.2/../../../../avr/lib/avr5/libm.a(addsf3x.o) (__fp_inf)
/usr/local/CrossPack-AVR-20121207/lib/gcc/avr/4.6.2/../../../../avr/lib/avr5/libm.a(fp_nan.o)
                              /usr/local/CrossPack-AVR-20121207/lib/gcc/avr/4.6.2/../../../../avr/lib/avr5/libm.a(addsf3x.o) (__fp_nan)
/usr/local/CrossPack-AVR-20121207/lib/gcc/avr/4.6.2/../../../../avr/lib/avr5/libm.a(fp_pscA.o)
                              /usr/local/CrossPack-AVR-20121207/lib/gcc/avr/4.6.2/../../../../avr/lib/avr5/libm.a(addsf3x.o) (__fp_pscA)
/usr/local/CrossPack-AVR-20121207/lib/gcc/avr/4.6.2/../../../../avr/lib/avr5/libm.a(fp_pscB.o)
                              /usr/local/CrossPack-AVR-20121207/lib/gcc/avr/4.6.2/../../../../avr/lib/avr5/libm.a(addsf3x.o) (__fp_pscB)
/usr/local/CrossPack-AVR-20121207/lib/gcc/avr/4.6.2/../../../../avr/lib/avr5/libm.a(fp_round.o)
                              /usr/local/CrossPack-AVR-20121207/lib/gcc/avr/4.6.2/../../../../avr/lib/avr5/libm.a(addsf3.o) (__fp_round)
/usr/local/CrossPack-AVR-20121207/lib/gcc/avr/4.6.2/../../../../avr/lib/avr5/libm.a(fp_split3.o)
                              /usr/local/CrossPack-AVR-20121207/lib/gcc/avr/4.6.2/../../../../avr/lib/avr5/libm.a(addsf3x.o) (__fp_split3)
/usr/local/CrossPack-AVR-20121207/lib/gcc/avr/4.6.2/../../../../avr/lib/avr5/libm.a(fp_zero.o)
                              /usr/local/CrossPack-AVR-20121207/lib/gcc/avr/4.6.2/../../../../avr/lib/avr5/libm.a(addsf3x.o) (__fp_zero)
/usr/local/CrossPack-AVR-20121207/lib/gcc/avr/4.6.2/../../../../avr/lib/avr5/libm.a(gesf2.o)
                              obj/aprs/bertos/mware/formatwr.o (__gesf2)
/usr/local/CrossPack-AVR-20121207/lib/gcc/avr/4.6.2/../../../../avr/lib/avr5/libm.a(mulsf3.o)
                              obj/aprs/bertos/mware/formatwr.o (__mulsf3)
/usr/local/CrossPack-AVR-20121207/lib/gcc/avr/4.6.2/../../../../avr/lib/avr5/libm.a(mulsf3x.o)
                              /usr/local/CrossPack-AVR-20121207/lib/gcc/avr/4.6.2/../../../../avr/lib/avr5/libm.a(mulsf3.o) (__mulsf3x)
/usr/local/CrossPack-AVR-20121207/lib/gcc/avr/4.6.2/avr5/libgcc.a(_udivmodqi4.o)
                              obj/aprs/bertos/drv/timer.o (__udivmodqi4)
/usr/local/CrossPack-AVR-20121207/lib/gcc/avr/4.6.2/avr5/libgcc.a(_divmodhi4.o)
                              obj/aprs/bertos/mware/formatwr.o (__divmodhi4)
/usr/local/CrossPack-AVR-20121207/lib/gcc/avr/4.6.2/avr5/libgcc.a(_udivmodsi4.o)
                              obj/aprs/bertos/mware/formatwr.o (__udivmodsi4)
/usr/local/CrossPack-AVR-20121207/lib/gcc/avr/4.6.2/avr5/libgcc.a(_exit.o)
                              /usr/local/CrossPack-AVR-20121207/lib/gcc/avr/4.6.2/../../../../avr/lib/avr5/crtm328p.o (exit)
/usr/local/CrossPack-AVR-20121207/lib/gcc/avr/4.6.2/avr5/libgcc.a(_copy_data.o)
                              obj/aprs/bertos/kern/kfile.o (__do_copy_data)
/usr/local/CrossPack-AVR-20121207/lib/gcc/avr/4.6.2/avr5/libgcc.a(_clear_bss.o)
                              obj/aprs/bertos/kern/kfile.o (__do_clear_bss)
/usr/local/CrossPack-AVR-20121207/lib/gcc/avr/4.6.2/avr5/libgcc.a(_udivmodhi4.o)
                              /usr/local/CrossPack-AVR-20121207/lib/gcc/avr/4.6.2/avr5/libgcc.a(_divmodhi4.o) (__udivmodhi4)
/usr/local/CrossPack-AVR-20121207/lib/gcc/avr/4.6.2/../../../../avr/lib/avr5/libc.a(isalnum.o)
                              obj/aprs/bertos/net/ax25.o (isalnum)
/usr/local/CrossPack-AVR-20121207/lib/gcc/avr/4.6.2/../../../../avr/lib/avr5/libc.a(cty_isfalse.o)
                              /usr/local/CrossPack-AVR-20121207/lib/gcc/avr/4.6.2/../../../../avr/lib/avr5/libc.a(isalnum.o) (__ctype_isfalse)
/usr/local/CrossPack-AVR-20121207/lib/gcc/avr/4.6.2/../../../../avr/lib/avr5/libc.a(isalpha.o)
                              /usr/local/CrossPack-AVR-20121207/lib/gcc/avr/4.6.2/../../../../avr/lib/avr5/libc.a(isalnum.o) (isalpha)
/usr/local/CrossPack-AVR-20121207/lib/gcc/avr/4.6.2/../../../../avr/lib/avr5/libc.a(toupper.o)
                              obj/aprs/bertos/net/ax25.o (toupper)
/usr/local/CrossPack-AVR-20121207/lib/gcc/avr/4.6.2/../../../../avr/lib/avr5/libc.a(strcat.o)
                              obj/aprs/aprs/main.o (strcat)
/usr/local/CrossPack-AVR-20121207/lib/gcc/avr/4.6.2/../../../../avr/lib/avr5/libc.a(strncat.o)
                              obj/aprs/aprs/main.o (strncat)

Allocating common symbols
Common symbol       size              file

ser_handles         0x4               obj/aprs/bertos/drv/ser.o
_clock              0x4               obj/aprs/bertos/drv/timer.o
timer_initialized   0x1               obj/aprs/bertos/drv/timer.o
hw_afsk_dac_isr     0x1               obj/aprs/aprs/hw/hw_afsk.o

Discarded input sections

 .bss           0x00000000        0x0 /usr/local/CrossPack-AVR-20121207/lib/gcc/avr/4.6.2/../../../../avr/lib/avr5/crtm328p.o
 .text          0x00000000        0x0 obj/aprs/bertos/kern/kfile.o
 .bss           0x00000000        0x0 obj/aprs/bertos/kern/kfile.o
 .text.kfile_genericClose
                0x00000000        0x6 obj/aprs/bertos/kern/kfile.o
 .text.kfile_generic
                0x00000000        0x6 obj/aprs/bertos/kern/kfile.o
 .text.kfile_genericReopen
                0x00000000       0x58 obj/aprs/bertos/kern/kfile.o
 .text.kfile_genericSeek
                0x00000000       0x64 obj/aprs/bertos/kern/kfile.o
 .text.kfile_print
                0x00000000       0x3c obj/aprs/bertos/kern/kfile.o
 .text.kfile_resync
                0x00000000       0xb2 obj/aprs/bertos/kern/kfile.o
 .text.kfile_init
                0x00000000       0x5a obj/aprs/bertos/kern/kfile.o
 .text          0x00000000        0x0 obj/aprs/bertos/cpu/avr/drv/timer_avr.o
 .bss           0x00000000        0x0 obj/aprs/bertos/cpu/avr/drv/timer_avr.o
 .text          0x00000000        0x0 obj/aprs/bertos/net/afsk.o
 .bss           0x00000000        0x0 obj/aprs/bertos/net/afsk.o
 .text          0x00000000        0x0 obj/aprs/bertos/net/ax25.o
 .bss           0x00000000        0x0 obj/aprs/bertos/net/ax25.o
 .text.ax25_putchar
                0x00000000       0x70 obj/aprs/bertos/net/ax25.o
 .text.print_call
                0x00000000       0x8c obj/aprs/bertos/net/ax25.o
 .text.ax25_sendVia
                0x00000000      0x220 obj/aprs/bertos/net/ax25.o
 .text.ax25_print
                0x00000000       0xdc obj/aprs/bertos/net/ax25.o
 .text          0x00000000        0x0 obj/aprs/bertos/mware/formatwr.o
 .bss           0x00000000        0x0 obj/aprs/bertos/mware/formatwr.o
 .text          0x00000000        0x0 obj/aprs/bertos/algo/crc_ccitt.o
 .bss           0x00000000        0x0 obj/aprs/bertos/algo/crc_ccitt.o
 .text.crc_ccitt
                0x00000000       0x2e obj/aprs/bertos/algo/crc_ccitt.o
 .text          0x00000000        0x0 obj/aprs/bertos/drv/timer.o
 .bss           0x00000000        0x0 obj/aprs/bertos/drv/timer.o
 .text.timer_add
                0x00000000       0xf4 obj/aprs/bertos/drv/timer.o
 .text.timer_abort
                0x00000000       0x58 obj/aprs/bertos/drv/timer.o
 .text.synctimer_add
                0x00000000       0xea obj/aprs/bertos/drv/timer.o
 .text.synctimer_poll
                0x00000000       0xa8 obj/aprs/bertos/drv/timer.o
 .text.timer_delayTicks
                0x00000000       0x6a obj/aprs/bertos/drv/timer.o
 .text.timer_busyWait
                0x00000000       0x4c obj/aprs/bertos/drv/timer.o
 .text.timer_delayHp
                0x00000000       0x24 obj/aprs/bertos/drv/timer.o
 .text          0x00000000        0x0 obj/aprs/bertos/mware/event.o
 .bss           0x00000000        0x0 obj/aprs/bertos/mware/event.o
 .text.event_hook_ignore
                0x00000000        0x2 obj/aprs/bertos/mware/event.o
 .text.event_hook_softint
                0x00000000       0x16 obj/aprs/bertos/mware/event.o
 .text          0x00000000        0x0 obj/aprs/bertos/cpu/avr/drv/ser_avr.o
 .bss           0x00000000        0x0 obj/aprs/bertos/cpu/avr/drv/ser_avr.o
 .text          0x00000000        0x0 obj/aprs/bertos/drv/ser.o
 .bss           0x00000000        0x0 obj/aprs/bertos/drv/ser.o
 .text.ser_getchar_nowait
                0x00000000       0x4a obj/aprs/bertos/drv/ser.o
 .text.ser_setparity
                0x00000000       0x1a obj/aprs/bertos/drv/ser.o
 .text.spimaster_write
                0x00000000       0x58 obj/aprs/bertos/drv/ser.o
 .text.spimaster_read
                0x00000000       0x92 obj/aprs/bertos/drv/ser.o
 .text.spimaster_init
                0x00000000       0x20 obj/aprs/bertos/drv/ser.o
 .text          0x00000000        0x0 obj/aprs/bertos/mware/hex.o
 .bss           0x00000000        0x0 obj/aprs/bertos/mware/hex.o
 .text          0x00000000        0x0 obj/aprs/aprs/main.o
 .bss           0x00000000        0x0 obj/aprs/aprs/main.o
 .text          0x00000000        0x0 obj/aprs/aprs/hw/hw_afsk.o
 .bss           0x00000000        0x0 obj/aprs/aprs/hw/hw_afsk.o
 .text          0x00000000        0x0 obj/aprs/bertos/mware/formatwr_P.o
 .bss           0x00000000        0x0 obj/aprs/bertos/mware/formatwr_P.o
 .text          0x00000000        0x0 obj/aprs/bertos/drv/kdebug_P.o
 .bss           0x00000000        0x0 obj/aprs/bertos/drv/kdebug_P.o
 .text.__trace_P
                0x00000000       0x22 obj/aprs/bertos/drv/kdebug_P.o
 .text.__tracemsg_P
                0x00000000       0x46 obj/aprs/bertos/drv/kdebug_P.o
 .text.__init_wall
                0x00000000       0x1e obj/aprs/bertos/drv/kdebug_P.o
 .text.__check_wall_P
                0x00000000       0xe6 obj/aprs/bertos/drv/kdebug_P.o
 .text.kdump    0x00000000       0x60 obj/aprs/bertos/drv/kdebug_P.o
 .text          0x00000000        0x0 /usr/local/CrossPack-AVR-20121207/lib/gcc/avr/4.6.2/../../../../avr/lib/avr5/libm.a(addsf3.o)
 .bss           0x00000000        0x0 /usr/local/CrossPack-AVR-20121207/lib/gcc/avr/4.6.2/../../../../avr/lib/avr5/libm.a(addsf3.o)
 .text          0x00000000        0x0 /usr/local/CrossPack-AVR-20121207/lib/gcc/avr/4.6.2/../../../../avr/lib/avr5/libm.a(addsf3x.o)
 .bss           0x00000000        0x0 /usr/local/CrossPack-AVR-20121207/lib/gcc/avr/4.6.2/../../../../avr/lib/avr5/libm.a(addsf3x.o)
 .text          0x00000000        0x0 /usr/local/CrossPack-AVR-20121207/lib/gcc/avr/4.6.2/../../../../avr/lib/avr5/libm.a(cmpsf2.o)
 .bss           0x00000000        0x0 /usr/local/CrossPack-AVR-20121207/lib/gcc/avr/4.6.2/../../../../avr/lib/avr5/libm.a(cmpsf2.o)
 .text          0x00000000        0x0 /usr/local/CrossPack-AVR-20121207/lib/gcc/avr/4.6.2/../../../../avr/lib/avr5/libm.a(divsf3.o)
 .bss           0x00000000        0x0 /usr/local/CrossPack-AVR-20121207/lib/gcc/avr/4.6.2/../../../../avr/lib/avr5/libm.a(divsf3.o)
 .text          0x00000000        0x0 /usr/local/CrossPack-AVR-20121207/lib/gcc/avr/4.6.2/../../../../avr/lib/avr5/libm.a(divsf3x.o)
 .bss           0x00000000        0x0 /usr/local/CrossPack-AVR-20121207/lib/gcc/avr/4.6.2/../../../../avr/lib/avr5/libm.a(divsf3x.o)
 .text          0x00000000        0x0 /usr/local/CrossPack-AVR-20121207/lib/gcc/avr/4.6.2/../../../../avr/lib/avr5/libm.a(fixsfsi.o)
 .bss           0x00000000        0x0 /usr/local/CrossPack-AVR-20121207/lib/gcc/avr/4.6.2/../../../../avr/lib/avr5/libm.a(fixsfsi.o)
 .text          0x00000000        0x0 /usr/local/CrossPack-AVR-20121207/lib/gcc/avr/4.6.2/../../../../avr/lib/avr5/libm.a(fixunssfsi.o)
 .bss           0x00000000        0x0 /usr/local/CrossPack-AVR-20121207/lib/gcc/avr/4.6.2/../../../../avr/lib/avr5/libm.a(fixunssfsi.o)
 .text          0x00000000        0x0 /usr/local/CrossPack-AVR-20121207/lib/gcc/avr/4.6.2/../../../../avr/lib/avr5/libm.a(floatsisf.o)
 .bss           0x00000000        0x0 /usr/local/CrossPack-AVR-20121207/lib/gcc/avr/4.6.2/../../../../avr/lib/avr5/libm.a(floatsisf.o)
 .text          0x00000000        0x0 /usr/local/CrossPack-AVR-20121207/lib/gcc/avr/4.6.2/../../../../avr/lib/avr5/libm.a(fp_cmp.o)
 .bss           0x00000000        0x0 /usr/local/CrossPack-AVR-20121207/lib/gcc/avr/4.6.2/../../../../avr/lib/avr5/libm.a(fp_cmp.o)
 .text          0x00000000        0x0 /usr/local/CrossPack-AVR-20121207/lib/gcc/avr/4.6.2/../../../../avr/lib/avr5/libm.a(fp_inf.o)
 .bss           0x00000000        0x0 /usr/local/CrossPack-AVR-20121207/lib/gcc/avr/4.6.2/../../../../avr/lib/avr5/libm.a(fp_inf.o)
 .text          0x00000000        0x0 /usr/local/CrossPack-AVR-20121207/lib/gcc/avr/4.6.2/../../../../avr/lib/avr5/libm.a(fp_nan.o)
 .bss           0x00000000        0x0 /usr/local/CrossPack-AVR-20121207/lib/gcc/avr/4.6.2/../../../../avr/lib/avr5/libm.a(fp_nan.o)
 .text          0x00000000        0x0 /usr/local/CrossPack-AVR-20121207/lib/gcc/avr/4.6.2/../../../../avr/lib/avr5/libm.a(fp_pscA.o)
 .bss           0x00000000        0x0 /usr/local/CrossPack-AVR-20121207/lib/gcc/avr/4.6.2/../../../../avr/lib/avr5/libm.a(fp_pscA.o)
 .text          0x00000000        0x0 /usr/local/CrossPack-AVR-20121207/lib/gcc/avr/4.6.2/../../../../avr/lib/avr5/libm.a(fp_pscB.o)
 .bss           0x00000000        0x0 /usr/local/CrossPack-AVR-20121207/lib/gcc/avr/4.6.2/../../../../avr/lib/avr5/libm.a(fp_pscB.o)
 .text          0x00000000        0x0 /usr/local/CrossPack-AVR-20121207/lib/gcc/avr/4.6.2/../../../../avr/lib/avr5/libm.a(fp_round.o)
 .bss           0x00000000        0x0 /usr/local/CrossPack-AVR-20121207/lib/gcc/avr/4.6.2/../../../../avr/lib/avr5/libm.a(fp_round.o)
 .text          0x00000000        0x0 /usr/local/CrossPack-AVR-20121207/lib/gcc/avr/4.6.2/../../../../avr/lib/avr5/libm.a(fp_split3.o)
 .bss           0x00000000        0x0 /usr/local/CrossPack-AVR-20121207/lib/gcc/avr/4.6.2/../../../../avr/lib/avr5/libm.a(fp_split3.o)
 .text          0x00000000        0x0 /usr/local/CrossPack-AVR-20121207/lib/gcc/avr/4.6.2/../../../../avr/lib/avr5/libm.a(fp_zero.o)
 .bss           0x00000000        0x0 /usr/local/CrossPack-AVR-20121207/lib/gcc/avr/4.6.2/../../../../avr/lib/avr5/libm.a(fp_zero.o)
 .text          0x00000000        0x0 /usr/local/CrossPack-AVR-20121207/lib/gcc/avr/4.6.2/../../../../avr/lib/avr5/libm.a(gesf2.o)
 .bss           0x00000000        0x0 /usr/local/CrossPack-AVR-20121207/lib/gcc/avr/4.6.2/../../../../avr/lib/avr5/libm.a(gesf2.o)
 .text          0x00000000        0x0 /usr/local/CrossPack-AVR-20121207/lib/gcc/avr/4.6.2/../../../../avr/lib/avr5/libm.a(mulsf3.o)
 .bss           0x00000000        0x0 /usr/local/CrossPack-AVR-20121207/lib/gcc/avr/4.6.2/../../../../avr/lib/avr5/libm.a(mulsf3.o)
 .text          0x00000000        0x0 /usr/local/CrossPack-AVR-20121207/lib/gcc/avr/4.6.2/../../../../avr/lib/avr5/libm.a(mulsf3x.o)
 .bss           0x00000000        0x0 /usr/local/CrossPack-AVR-20121207/lib/gcc/avr/4.6.2/../../../../avr/lib/avr5/libm.a(mulsf3x.o)
 .text          0x00000000        0x0 /usr/local/CrossPack-AVR-20121207/lib/gcc/avr/4.6.2/avr5/libgcc.a(_udivmodqi4.o)
 .bss           0x00000000        0x0 /usr/local/CrossPack-AVR-20121207/lib/gcc/avr/4.6.2/avr5/libgcc.a(_udivmodqi4.o)
 .text.libgcc   0x00000000       0x18 /usr/local/CrossPack-AVR-20121207/lib/gcc/avr/4.6.2/avr5/libgcc.a(_udivmodqi4.o)
 .text          0x00000000        0x0 /usr/local/CrossPack-AVR-20121207/lib/gcc/avr/4.6.2/avr5/libgcc.a(_divmodhi4.o)
 .bss           0x00000000        0x0 /usr/local/CrossPack-AVR-20121207/lib/gcc/avr/4.6.2/avr5/libgcc.a(_divmodhi4.o)
 .text          0x00000000        0x0 /usr/local/CrossPack-AVR-20121207/lib/gcc/avr/4.6.2/avr5/libgcc.a(_udivmodsi4.o)
 .bss           0x00000000        0x0 /usr/local/CrossPack-AVR-20121207/lib/gcc/avr/4.6.2/avr5/libgcc.a(_udivmodsi4.o)
 .text          0x00000000        0x0 /usr/local/CrossPack-AVR-20121207/lib/gcc/avr/4.6.2/avr5/libgcc.a(_exit.o)
 .bss           0x00000000        0x0 /usr/local/CrossPack-AVR-20121207/lib/gcc/avr/4.6.2/avr5/libgcc.a(_exit.o)
 .text.libgcc   0x00000000        0x0 /usr/local/CrossPack-AVR-20121207/lib/gcc/avr/4.6.2/avr5/libgcc.a(_exit.o)
 .text          0x00000000        0x0 /usr/local/CrossPack-AVR-20121207/lib/gcc/avr/4.6.2/avr5/libgcc.a(_copy_data.o)
 .bss           0x00000000        0x0 /usr/local/CrossPack-AVR-20121207/lib/gcc/avr/4.6.2/avr5/libgcc.a(_copy_data.o)
 .text.libgcc   0x00000000        0x0 /usr/local/CrossPack-AVR-20121207/lib/gcc/avr/4.6.2/avr5/libgcc.a(_copy_data.o)
 .text          0x00000000        0x0 /usr/local/CrossPack-AVR-20121207/lib/gcc/avr/4.6.2/avr5/libgcc.a(_clear_bss.o)
 .bss           0x00000000        0x0 /usr/local/CrossPack-AVR-20121207/lib/gcc/avr/4.6.2/avr5/libgcc.a(_clear_bss.o)
 .text.libgcc   0x00000000        0x0 /usr/local/CrossPack-AVR-20121207/lib/gcc/avr/4.6.2/avr5/libgcc.a(_clear_bss.o)
 .text          0x00000000        0x0 /usr/local/CrossPack-AVR-20121207/lib/gcc/avr/4.6.2/avr5/libgcc.a(_udivmodhi4.o)
 .bss           0x00000000        0x0 /usr/local/CrossPack-AVR-20121207/lib/gcc/avr/4.6.2/avr5/libgcc.a(_udivmodhi4.o)
 .text          0x00000000        0x0 /usr/local/CrossPack-AVR-20121207/lib/gcc/avr/4.6.2/../../../../avr/lib/avr5/libc.a(isalnum.o)
 .bss           0x00000000        0x0 /usr/local/CrossPack-AVR-20121207/lib/gcc/avr/4.6.2/../../../../avr/lib/avr5/libc.a(isalnum.o)
 .text.avr-libc
                0x00000000       0x10 /usr/local/CrossPack-AVR-20121207/lib/gcc/avr/4.6.2/../../../../avr/lib/avr5/libc.a(isalnum.o)
 .text          0x00000000        0x0 /usr/local/CrossPack-AVR-20121207/lib/gcc/avr/4.6.2/../../../../avr/lib/avr5/libc.a(cty_isfalse.o)
 .bss           0x00000000        0x0 /usr/local/CrossPack-AVR-20121207/lib/gcc/avr/4.6.2/../../../../avr/lib/avr5/libc.a(cty_isfalse.o)
 .text.avr-libc
                0x00000000        0x6 /usr/local/CrossPack-AVR-20121207/lib/gcc/avr/4.6.2/../../../../avr/lib/avr5/libc.a(cty_isfalse.o)
 .text          0x00000000        0x0 /usr/local/CrossPack-AVR-20121207/lib/gcc/avr/4.6.2/../../../../avr/lib/avr5/libc.a(isalpha.o)
 .bss           0x00000000        0x0 /usr/local/CrossPack-AVR-20121207/lib/gcc/avr/4.6.2/../../../../avr/lib/avr5/libc.a(isalpha.o)
 .text.avr-libc
                0x00000000       0x12 /usr/local/CrossPack-AVR-20121207/lib/gcc/avr/4.6.2/../../../../avr/lib/avr5/libc.a(isalpha.o)
 .text          0x00000000        0x0 /usr/local/CrossPack-AVR-20121207/lib/gcc/avr/4.6.2/../../../../avr/lib/avr5/libc.a(toupper.o)
 .bss           0x00000000        0x0 /usr/local/CrossPack-AVR-20121207/lib/gcc/avr/4.6.2/../../../../avr/lib/avr5/libc.a(toupper.o)
 .text.avr-libc
                0x00000000       0x10 /usr/local/CrossPack-AVR-20121207/lib/gcc/avr/4.6.2/../../../../avr/lib/avr5/libc.a(toupper.o)
 .text          0x00000000        0x0 /usr/local/CrossPack-AVR-20121207/lib/gcc/avr/4.6.2/../../../../avr/lib/avr5/libc.a(strcat.o)
 .bss           0x00000000        0x0 /usr/local/CrossPack-AVR-20121207/lib/gcc/avr/4.6.2/../../../../avr/lib/avr5/libc.a(strcat.o)
 .text          0x00000000        0x0 /usr/local/CrossPack-AVR-20121207/lib/gcc/avr/4.6.2/../../../../avr/lib/avr5/libc.a(strncat.o)
 .bss           0x00000000        0x0 /usr/local/CrossPack-AVR-20121207/lib/gcc/avr/4.6.2/../../../../avr/lib/avr5/libc.a(strncat.o)

Memory Configuration

Name             Origin             Length             Attributes
text             0x00000000         0x00020000         xr
data             0x00800060         0x0000ffa0         rw !x
eeprom           0x00810000         0x00010000         rw !x
fuse             0x00820000         0x00000400         rw !x
lock             0x00830000         0x00000400         rw !x
signature        0x00840000         0x00000400         rw !x
*default*        0x00000000         0xffffffff

Linker script and memory map

Address of section .data set to 0x800100
LOAD /usr/local/CrossPack-AVR-20121207/lib/gcc/avr/4.6.2/../../../../avr/lib/avr5/crtm328p.o
LOAD obj/aprs/bertos/kern/kfile.o
LOAD obj/aprs/bertos/cpu/avr/drv/timer_avr.o
LOAD obj/aprs/bertos/net/afsk.o
LOAD obj/aprs/bertos/net/ax25.o
LOAD obj/aprs/bertos/mware/formatwr.o
LOAD obj/aprs/bertos/algo/crc_ccitt.o
LOAD obj/aprs/bertos/drv/timer.o
LOAD obj/aprs/bertos/mware/event.o
LOAD obj/aprs/bertos/cpu/avr/drv/ser_avr.o
LOAD obj/aprs/bertos/drv/ser.o
LOAD obj/aprs/bertos/mware/hex.o
LOAD obj/aprs/aprs/main.o
LOAD obj/aprs/aprs/hw/hw_afsk.o
LOAD obj/aprs/bertos/mware/formatwr_P.o
LOAD obj/aprs/bertos/drv/kdebug_P.o
LOAD /usr/local/CrossPack-AVR-20121207/lib/gcc/avr/4.6.2/../../../../avr/lib/avr5/libm.a
LOAD /usr/local/CrossPack-AVR-20121207/lib/gcc/avr/4.6.2/avr5/libgcc.a
LOAD /usr/local/CrossPack-AVR-20121207/lib/gcc/avr/4.6.2/../../../../avr/lib/avr5/libc.a
LOAD /usr/local/CrossPack-AVR-20121207/lib/gcc/avr/4.6.2/avr5/libgcc.a

.hash
 *(.hash)

.dynsym
 *(.dynsym)

.dynstr
 *(.dynstr)

.gnu.version
 *(.gnu.version)

.gnu.version_d
 *(.gnu.version_d)

.gnu.version_r
 *(.gnu.version_r)

.rel.init
 *(.rel.init)

.rela.init
 *(.rela.init)

.rel.text
 *(.rel.text)
 *(.rel.text.*)
 *(.rel.gnu.linkonce.t*)

.rela.text
 *(.rela.text)
 *(.rela.text.*)
 *(.rela.gnu.linkonce.t*)

.rel.fini
 *(.rel.fini)

.rela.fini
 *(.rela.fini)

.rel.rodata
 *(.rel.rodata)
 *(.rel.rodata.*)
 *(.rel.gnu.linkonce.r*)

.rela.rodata
 *(.rela.rodata)
 *(.rela.rodata.*)
 *(.rela.gnu.linkonce.r*)

.rel.data
 *(.rel.data)
 *(.rel.data.*)
 *(.rel.gnu.linkonce.d*)

.rela.data
 *(.rela.data)
 *(.rela.data.*)
 *(.rela.gnu.linkonce.d*)

.rel.ctors
 *(.rel.ctors)

.rela.ctors
 *(.rela.ctors)

.rel.dtors
 *(.rel.dtors)

.rela.dtors
 *(.rela.dtors)

.rel.got
 *(.rel.got)

.rela.got
 *(.rela.got)

.rel.bss
 *(.rel.bss)

.rela.bss
 *(.rela.bss)

.rel.plt
 *(.rel.plt)

.rela.plt
 *(.rela.plt)

.text           0x00000000     0x50de
 *(.vectors)
 .vectors       0x00000000       0x68 /usr/local/CrossPack-AVR-20121207/lib/gcc/avr/4.6.2/../../../../avr/lib/avr5/crtm328p.o
                0x00000000                __vectors
                0x00000000                __vector_default
 *(.vectors)
 *(.progmem.gcc*)
 *(.progmem*)
 .progmem.data  0x00000068       0xc4 obj/aprs/bertos/kern/kfile.o
 .progmem.data  0x0000012c       0xec obj/aprs/bertos/net/afsk.o
 .progmem.data  0x00000218      0x189 obj/aprs/bertos/net/ax25.o
 .progmem.data  0x000003a1       0x2b obj/aprs/bertos/mware/formatwr.o
 .progmem.data  0x000003cc      0x200 obj/aprs/bertos/algo/crc_ccitt.o
                0x000003cc                crc_ccitt_tab
 .progmem.data  0x000005cc       0xfc obj/aprs/bertos/drv/timer.o
 .progmem.data  0x000006c8       0x2c obj/aprs/bertos/cpu/avr/drv/ser_avr.o
 .progmem.data  0x000006f4       0xf8 obj/aprs/bertos/drv/ser.o
 .progmem.data  0x000007ec       0x1a obj/aprs/aprs/hw/hw_afsk.o
 .progmem.data  0x00000806       0x2b obj/aprs/bertos/mware/formatwr_P.o
 .progmem.data  0x00000831       0x7e obj/aprs/bertos/drv/kdebug_P.o
                0x000008b0                . = ALIGN (0x2)
 *fill*         0x000008af        0x1 00
                0x000008b0                __trampolines_start = .
 *(.trampolines)
 .trampolines   0x000008b0        0x0 linker stubs
 *(.trampolines*)
                0x000008b0                __trampolines_end = .
 *(.jumptables)
 *(.jumptables*)
 *(.lowtext)
 *(.lowtext*)
                0x000008b0                __ctors_start = .
 *(.ctors)
                0x000008b0                __ctors_end = .
                0x000008b0                __dtors_start = .
 *(.dtors)
                0x000008b0                __dtors_end = .
 SORT(*)(.ctors)
 SORT(*)(.dtors)
 *(.init0)
 .init0         0x000008b0        0x0 /usr/local/CrossPack-AVR-20121207/lib/gcc/avr/4.6.2/../../../../avr/lib/avr5/crtm328p.o
                0x000008b0                __init
 *(.init0)
 *(.init1)
 *(.init1)
 *(.init2)
 .init2         0x000008b0        0xc /usr/local/CrossPack-AVR-20121207/lib/gcc/avr/4.6.2/../../../../avr/lib/avr5/crtm328p.o
 *(.init2)
 *(.init3)
 *(.init3)
 *(.init4)
 .init4         0x000008bc       0x16 /usr/local/CrossPack-AVR-20121207/lib/gcc/avr/4.6.2/avr5/libgcc.a(_copy_data.o)
                0x000008bc                __do_copy_data
 .init4         0x000008d2       0x10 /usr/local/CrossPack-AVR-20121207/lib/gcc/avr/4.6.2/avr5/libgcc.a(_clear_bss.o)
                0x000008d2                __do_clear_bss
 *(.init4)
 *(.init5)
 *(.init5)
 *(.init6)
 *(.init6)
 *(.init7)
 *(.init7)
 *(.init8)
 *(.init8)
 *(.init9)
 .init9         0x000008e2        0x8 /usr/local/CrossPack-AVR-20121207/lib/gcc/avr/4.6.2/../../../../avr/lib/avr5/crtm328p.o
 *(.init9)
 *(.text)
 .text          0x000008ea        0x4 /usr/local/CrossPack-AVR-20121207/lib/gcc/avr/4.6.2/../../../../avr/lib/avr5/crtm328p.o
                0x000008ea                __vector_20
                0x000008ea                __vector_1
                0x000008ea                __vector_24
                0x000008ea                __vector_12
                0x000008ea                __bad_interrupt
                0x000008ea                __vector_6
                0x000008ea                __vector_3
                0x000008ea                __vector_23
                0x000008ea                __vector_25
                0x000008ea                __vector_11
                0x000008ea                __vector_13
                0x000008ea                __vector_7
                0x000008ea                __vector_5
                0x000008ea                __vector_4
                0x000008ea                __vector_9
                0x000008ea                __vector_2
                0x000008ea                __vector_15
                0x000008ea                __vector_8
                0x000008ea                __vector_10
                0x000008ea                __vector_16
                0x000008ea                __vector_22
                0x000008ee                . = ALIGN (0x2)
 *(.text.*)
 .text.kfile_putc
                0x000008ee       0x6a obj/aprs/bertos/kern/kfile.o
                0x000008ee                kfile_putc
 .text.kfile_getc
                0x00000958       0x5c obj/aprs/bertos/kern/kfile.o
                0x00000958                kfile_getc
 .text.kfile_printf
                0x000009b4       0x24 obj/aprs/bertos/kern/kfile.o
                0x000009b4                kfile_printf
 .text.timer_hw_init
                0x000009d8       0x34 obj/aprs/bertos/cpu/avr/drv/timer_avr.o
                0x000009d8                timer_hw_init
 .text.afsk_read
                0x00000a0c      0x100 obj/aprs/bertos/net/afsk.o
 .text.afsk_write
                0x00000b0c      0x194 obj/aprs/bertos/net/afsk.o
 .text.afsk_flush
                0x00000ca0       0x42 obj/aprs/bertos/net/afsk.o
 .text.afsk_error
                0x00000ce2       0x42 obj/aprs/bertos/net/afsk.o
 .text.afsk_clearerr
                0x00000d24       0x42 obj/aprs/bertos/net/afsk.o
 .text.afsk_adc_isr
                0x00000d66      0x3d8 obj/aprs/bertos/net/afsk.o
                0x00000d66                afsk_adc_isr
 .text.afsk_dac_isr
                0x0000113e      0x1fc obj/aprs/bertos/net/afsk.o
                0x0000113e                afsk_dac_isr
 .text.afsk_init
                0x0000133a      0x11e obj/aprs/bertos/net/afsk.o
                0x0000133a                afsk_init
 .text.ax25_poll
                0x00001458      0x408 obj/aprs/bertos/net/ax25.o
                0x00001458                ax25_poll
 .text.ax25_init
                0x00001860       0x84 obj/aprs/bertos/net/ax25.o
                0x00001860                ax25_init
 .text._formatted_write
                0x000018e4     0x1084 obj/aprs/bertos/mware/formatwr.o
                0x000018e4                _formatted_write
 .text.__vector_14
                0x00002968      0x104 obj/aprs/bertos/drv/timer.o
                0x00002968                __vector_14
 .text.timer_init
                0x00002a6c       0x5e obj/aprs/bertos/drv/timer.o
                0x00002a6c                timer_init
 .text.uart0_init
                0x00002aca        0x8 obj/aprs/bertos/cpu/avr/drv/ser_avr.o
 .text.uart0_cleanup
                0x00002ad2        0x6 obj/aprs/bertos/cpu/avr/drv/ser_avr.o
 .text.uart0_enabletxirq
                0x00002ad8       0x14 obj/aprs/bertos/cpu/avr/drv/ser_avr.o
 .text.uart0_setbaudrate
                0x00002aec       0x2e obj/aprs/bertos/cpu/avr/drv/ser_avr.o
 .text.uart0_setparity
                0x00002b1a       0x18 obj/aprs/bertos/cpu/avr/drv/ser_avr.o
 .text.spi_init
                0x00002b32       0x2e obj/aprs/bertos/cpu/avr/drv/ser_avr.o
 .text.spi_cleanup
                0x00002b60       0x10 obj/aprs/bertos/cpu/avr/drv/ser_avr.o
 .text.spi_setbaudrate
                0x00002b70        0x2 obj/aprs/bertos/cpu/avr/drv/ser_avr.o
 .text.spi_setparity
                0x00002b72        0x2 obj/aprs/bertos/cpu/avr/drv/ser_avr.o
 .text.tx_sending
                0x00002b74        0x6 obj/aprs/bertos/cpu/avr/drv/ser_avr.o
 .text.spi_starttx
                0x00002b7a       0x56 obj/aprs/bertos/cpu/avr/drv/ser_avr.o
 .text.ser_hw_getdesc
                0x00002bd0       0x38 obj/aprs/bertos/cpu/avr/drv/ser_avr.o
                0x00002bd0                ser_hw_getdesc
 .text.__vector_19
                0x00002c08       0x7e obj/aprs/bertos/cpu/avr/drv/ser_avr.o
                0x00002c08                __vector_19
 .text.__vector_18
                0x00002c86       0xac obj/aprs/bertos/cpu/avr/drv/ser_avr.o
                0x00002c86                __vector_18
 .text.__vector_17
                0x00002d32       0xec obj/aprs/bertos/cpu/avr/drv/ser_avr.o
                0x00002d32                __vector_17
 .text.ser_putchar
                0x00002e1e       0x9a obj/aprs/bertos/drv/ser.o
 .text.ser_getchar
                0x00002eb8       0x6a obj/aprs/bertos/drv/ser.o
 .text.ser_read
                0x00002f22       0x7c obj/aprs/bertos/drv/ser.o
 .text.ser_write
                0x00002f9e       0x7e obj/aprs/bertos/drv/ser.o
 .text.ser_error
                0x0000301c       0x38 obj/aprs/bertos/drv/ser.o
 .text.ser_clearerr
                0x00003054       0x36 obj/aprs/bertos/drv/ser.o
 .text.ser_flush
                0x0000308a       0x5c obj/aprs/bertos/drv/ser.o
 .text.ser_open
                0x000030e6      0x15e obj/aprs/bertos/drv/ser.o
 .text.ser_setbaudrate
                0x00003244       0x1a obj/aprs/bertos/drv/ser.o
                0x00003244                ser_setbaudrate
 .text.ser_purgeRx
                0x0000325e       0x12 obj/aprs/bertos/drv/ser.o
                0x0000325e                ser_purgeRx
 .text.ser_purgeTx
                0x00003270       0x12 obj/aprs/bertos/drv/ser.o
                0x00003270                ser_purgeTx
 .text.ser_purge
                0x00003282       0x16 obj/aprs/bertos/drv/ser.o
                0x00003282                ser_purge
 .text.ser_close
                0x00003298       0x72 obj/aprs/bertos/drv/ser.o
 .text.ser_reopen
                0x0000330a       0x46 obj/aprs/bertos/drv/ser.o
 .text.ser_init
                0x00003350       0x5c obj/aprs/bertos/drv/ser.o
                0x00003350                ser_init
 .text.KISS_ify
                0x000033ac       0x6a obj/aprs/aprs/main.o
                0x000033ac                KISS_ify
 .text.message_callback
                0x00003416      0x224 obj/aprs/aprs/main.o
 .text.startup.main
                0x0000363a      0x124 obj/aprs/aprs/main.o
                0x0000363a                main
 .text.hw_afsk_adcInit
                0x0000375e       0x80 obj/aprs/aprs/hw/hw_afsk.o
                0x0000375e                hw_afsk_adcInit
 .text.__vector_21
                0x000037de       0x82 obj/aprs/aprs/hw/hw_afsk.o
                0x000037de                __vector_21
 .text._formatted_write_P
                0x00003860     0x1140 obj/aprs/bertos/mware/formatwr_P.o
                0x00003860                _formatted_write_P
 .text.__kputchar
                0x000049a0       0x34 obj/aprs/bertos/drv/kdebug_P.o
 .text.kvprintf_P
                0x000049d4       0x38 obj/aprs/bertos/drv/kdebug_P.o
 .text.kputchar
                0x00004a0c       0x32 obj/aprs/bertos/drv/kdebug_P.o
                0x00004a0c                kputchar
 .text.kprintf_P
                0x00004a3e       0x1c obj/aprs/bertos/drv/kdebug_P.o
                0x00004a3e                kprintf_P
 .text.kputs_P  0x00004a5a       0x48 obj/aprs/bertos/drv/kdebug_P.o
                0x00004a5a                kputs_P
 .text.kdbg_init
                0x00004aa2       0x1a obj/aprs/bertos/drv/kdebug_P.o
                0x00004aa2                kdbg_init
 .text.kputnum  0x00004abc       0x80 obj/aprs/bertos/drv/kdebug_P.o
                0x00004abc                kputnum
 .text.klocation
                0x00004b3c       0x24 obj/aprs/bertos/drv/kdebug_P.o
 .text.__bassert_P
                0x00004b60       0x2c obj/aprs/bertos/drv/kdebug_P.o
                0x00004b60                __bassert_P
 .text.__invalid_ptr_P
                0x00004b8c       0x50 obj/aprs/bertos/drv/kdebug_P.o
                0x00004b8c                __invalid_ptr_P
 .text.avr-libc.fplib
                0x00004bdc        0xa /usr/local/CrossPack-AVR-20121207/lib/gcc/avr/4.6.2/../../../../avr/lib/avr5/libm.a(addsf3.o)
                0x00004bdc                __subsf3
                0x00004bde                __addsf3
 .text.avr-libc.fplib
                0x00004be6       0xc0 /usr/local/CrossPack-AVR-20121207/lib/gcc/avr/4.6.2/../../../../avr/lib/avr5/libm.a(addsf3x.o)
                0x00004c00                __addsf3x
 .text.avr-libc.fplib
                0x00004ca6        0x8 /usr/local/CrossPack-AVR-20121207/lib/gcc/avr/4.6.2/../../../../avr/lib/avr5/libm.a(cmpsf2.o)
                0x00004ca6                __lesf2
                0x00004ca6                __nesf2
                0x00004ca6                __eqsf2
                0x00004ca6                __cmpsf2
                0x00004ca6                __ltsf2
 .text.avr-libc.fplib
                0x00004cae        0x4 /usr/local/CrossPack-AVR-20121207/lib/gcc/avr/4.6.2/../../../../avr/lib/avr5/libm.a(divsf3.o)
                0x00004cae                __divsf3
 .text.avr-libc.fplib
                0x00004cb2       0xcc /usr/local/CrossPack-AVR-20121207/lib/gcc/avr/4.6.2/../../../../avr/lib/avr5/libm.a(divsf3x.o)
                0x00004cc8                __divsf3x
                0x00004ccc                __divsf3_pse
 .text.avr-libc.fplib
                0x00004d7e        0xa /usr/local/CrossPack-AVR-20121207/lib/gcc/avr/4.6.2/../../../../avr/lib/avr5/libm.a(fixsfsi.o)
                0x00004d7e                __fixsfsi
 .text.avr-libc.fplib
                0x00004d88       0x58 /usr/local/CrossPack-AVR-20121207/lib/gcc/avr/4.6.2/../../../../avr/lib/avr5/libm.a(fixunssfsi.o)
                0x00004d88                __fixunssfsi
 .text.avr-libc.fplib
                0x00004de0       0x7a /usr/local/CrossPack-AVR-20121207/lib/gcc/avr/4.6.2/../../../../avr/lib/avr5/libm.a(floatsisf.o)
                0x00004de0                __floatunsisf
                0x00004de4                __floatsisf
 .text.avr-libc.fplib
                0x00004e5a       0x48 /usr/local/CrossPack-AVR-20121207/lib/gcc/avr/4.6.2/../../../../avr/lib/avr5/libm.a(fp_cmp.o)
                0x00004e5a                __fp_cmp
 .text.avr-libc.fplib
                0x00004ea2        0xc /usr/local/CrossPack-AVR-20121207/lib/gcc/avr/4.6.2/../../../../avr/lib/avr5/libm.a(fp_inf.o)
                0x00004ea2                __fp_inf
 .text.avr-libc.fplib
                0x00004eae        0x6 /usr/local/CrossPack-AVR-20121207/lib/gcc/avr/4.6.2/../../../../avr/lib/avr5/libm.a(fp_nan.o)
                0x00004eae                __fp_nan
 .text.avr-libc.fplib
                0x00004eb4        0xe /usr/local/CrossPack-AVR-20121207/lib/gcc/avr/4.6.2/../../../../avr/lib/avr5/libm.a(fp_pscA.o)
                0x00004eb4                __fp_pscA
 .text.avr-libc.fplib
                0x00004ec2        0xe /usr/local/CrossPack-AVR-20121207/lib/gcc/avr/4.6.2/../../../../avr/lib/avr5/libm.a(fp_pscB.o)
                0x00004ec2                __fp_pscB
 .text.avr-libc.fplib
                0x00004ed0       0x22 /usr/local/CrossPack-AVR-20121207/lib/gcc/avr/4.6.2/../../../../avr/lib/avr5/libm.a(fp_round.o)
                0x00004ed0                __fp_round
 .text.avr-libc.fplib
                0x00004ef2       0x44 /usr/local/CrossPack-AVR-20121207/lib/gcc/avr/4.6.2/../../../../avr/lib/avr5/libm.a(fp_split3.o)
                0x00004ef2                __fp_split3
                0x00004f02                __fp_splitA
 .text.avr-libc.fplib
                0x00004f36        0xe /usr/local/CrossPack-AVR-20121207/lib/gcc/avr/4.6.2/../../../../avr/lib/avr5/libm.a(fp_zero.o)
                0x00004f36                __fp_zero
                0x00004f38                __fp_szero
 .text.avr-libc.fplib
                0x00004f44        0x8 /usr/local/CrossPack-AVR-20121207/lib/gcc/avr/4.6.2/../../../../avr/lib/avr5/libm.a(gesf2.o)
                0x00004f44                __gtsf2
                0x00004f44                __gesf2
 .text.avr-libc.fplib
                0x00004f4c        0x4 /usr/local/CrossPack-AVR-20121207/lib/gcc/avr/4.6.2/../../../../avr/lib/avr5/libm.a(mulsf3.o)
                0x00004f4c                __mulsf3
 .text.avr-libc.fplib
                0x00004f50       0xc2 /usr/local/CrossPack-AVR-20121207/lib/gcc/avr/4.6.2/../../../../avr/lib/avr5/libm.a(mulsf3x.o)
                0x00004f64                __mulsf3x
                0x00004f68                __mulsf3_pse
 .text.libgcc   0x00005012       0x26 /usr/local/CrossPack-AVR-20121207/lib/gcc/avr/4.6.2/avr5/libgcc.a(_divmodhi4.o)
                0x00005012                __divmodhi4
                0x00005012                _div
 .text.libgcc   0x00005038       0x44 /usr/local/CrossPack-AVR-20121207/lib/gcc/avr/4.6.2/avr5/libgcc.a(_udivmodsi4.o)
                0x00005038                __udivmodsi4
 .text.libgcc   0x0000507c       0x28 /usr/local/CrossPack-AVR-20121207/lib/gcc/avr/4.6.2/avr5/libgcc.a(_udivmodhi4.o)
                0x0000507c                __udivmodhi4
 .text.avr-libc
                0x000050a4       0x16 /usr/local/CrossPack-AVR-20121207/lib/gcc/avr/4.6.2/../../../../avr/lib/avr5/libc.a(strcat.o)
                0x000050a4                strcat
 .text.avr-libc
                0x000050ba       0x20 /usr/local/CrossPack-AVR-20121207/lib/gcc/avr/4.6.2/../../../../avr/lib/avr5/libc.a(strncat.o)
                0x000050ba                strncat
                0x000050da                . = ALIGN (0x2)
 *(.fini9)
 .fini9         0x000050da        0x0 /usr/local/CrossPack-AVR-20121207/lib/gcc/avr/4.6.2/avr5/libgcc.a(_exit.o)
                0x000050da                exit
                0x000050da                _exit
 *(.fini9)
 *(.fini8)
 *(.fini8)
 *(.fini7)
 *(.fini7)
 *(.fini6)
 *(.fini6)
 *(.fini5)
 *(.fini5)
 *(.fini4)
 *(.fini4)
 *(.fini3)
 *(.fini3)
 *(.fini2)
 *(.fini2)
 *(.fini1)
 *(.fini1)
 *(.fini0)
 .fini0         0x000050da        0x4 /usr/local/CrossPack-AVR-20121207/lib/gcc/avr/4.6.2/avr5/libgcc.a(_exit.o)
 *(.fini0)
                0x000050de                _etext = .

.data           0x00800100       0x98 load address 0x000050de
                0x00800100                PROVIDE (__data_start, .)
 *(.data)
 .data          0x00800100        0x0 /usr/local/CrossPack-AVR-20121207/lib/gcc/avr/4.6.2/../../../../avr/lib/avr5/crtm328p.o
 .data          0x00800100        0x0 obj/aprs/bertos/kern/kfile.o
 .data          0x00800100        0x0 obj/aprs/bertos/cpu/avr/drv/timer_avr.o
 .data          0x00800100        0x0 obj/aprs/bertos/net/afsk.o
 .data          0x00800100       0x19 obj/aprs/bertos/net/ax25.o
 .data          0x00800119        0x0 obj/aprs/bertos/mware/formatwr.o
 .data          0x00800119        0x0 obj/aprs/bertos/algo/crc_ccitt.o
 .data          0x00800119        0x0 obj/aprs/bertos/drv/timer.o
 .data          0x00800119        0x0 obj/aprs/bertos/mware/event.o
 .data          0x00800119        0x0 obj/aprs/bertos/cpu/avr/drv/ser_avr.o
 .data          0x00800119        0x0 obj/aprs/bertos/drv/ser.o
 .data          0x00800119        0x0 obj/aprs/bertos/mware/hex.o
 .data          0x00800119       0x1b obj/aprs/aprs/main.o
 .data          0x00800134        0x0 obj/aprs/aprs/hw/hw_afsk.o
 .data          0x00800134        0x0 obj/aprs/bertos/mware/formatwr_P.o
 .data          0x00800134        0x0 obj/aprs/bertos/drv/kdebug_P.o
 .data          0x00800134        0x0 /usr/local/CrossPack-AVR-20121207/lib/gcc/avr/4.6.2/../../../../avr/lib/avr5/libm.a(addsf3.o)
 .data          0x00800134        0x0 /usr/local/CrossPack-AVR-20121207/lib/gcc/avr/4.6.2/../../../../avr/lib/avr5/libm.a(addsf3x.o)
 .data          0x00800134        0x0 /usr/local/CrossPack-AVR-20121207/lib/gcc/avr/4.6.2/../../../../avr/lib/avr5/libm.a(cmpsf2.o)
 .data          0x00800134        0x0 /usr/local/CrossPack-AVR-20121207/lib/gcc/avr/4.6.2/../../../../avr/lib/avr5/libm.a(divsf3.o)
 .data          0x00800134        0x0 /usr/local/CrossPack-AVR-20121207/lib/gcc/avr/4.6.2/../../../../avr/lib/avr5/libm.a(divsf3x.o)
 .data          0x00800134        0x0 /usr/local/CrossPack-AVR-20121207/lib/gcc/avr/4.6.2/../../../../avr/lib/avr5/libm.a(fixsfsi.o)
 .data          0x00800134        0x0 /usr/local/CrossPack-AVR-20121207/lib/gcc/avr/4.6.2/../../../../avr/lib/avr5/libm.a(fixunssfsi.o)
 .data          0x00800134        0x0 /usr/local/CrossPack-AVR-20121207/lib/gcc/avr/4.6.2/../../../../avr/lib/avr5/libm.a(floatsisf.o)
 .data          0x00800134        0x0 /usr/local/CrossPack-AVR-20121207/lib/gcc/avr/4.6.2/../../../../avr/lib/avr5/libm.a(fp_cmp.o)
 .data          0x00800134        0x0 /usr/local/CrossPack-AVR-20121207/lib/gcc/avr/4.6.2/../../../../avr/lib/avr5/libm.a(fp_inf.o)
 .data          0x00800134        0x0 /usr/local/CrossPack-AVR-20121207/lib/gcc/avr/4.6.2/../../../../avr/lib/avr5/libm.a(fp_nan.o)
 .data          0x00800134        0x0 /usr/local/CrossPack-AVR-20121207/lib/gcc/avr/4.6.2/../../../../avr/lib/avr5/libm.a(fp_pscA.o)
 .data          0x00800134        0x0 /usr/local/CrossPack-AVR-20121207/lib/gcc/avr/4.6.2/../../../../avr/lib/avr5/libm.a(fp_pscB.o)
 .data          0x00800134        0x0 /usr/local/CrossPack-AVR-20121207/lib/gcc/avr/4.6.2/../../../../avr/lib/avr5/libm.a(fp_round.o)
 .data          0x00800134        0x0 /usr/local/CrossPack-AVR-20121207/lib/gcc/avr/4.6.2/../../../../avr/lib/avr5/libm.a(fp_split3.o)
 .data          0x00800134        0x0 /usr/local/CrossPack-AVR-20121207/lib/gcc/avr/4.6.2/../../../../avr/lib/avr5/libm.a(fp_zero.o)
 .data          0x00800134        0x0 /usr/local/CrossPack-AVR-20121207/lib/gcc/avr/4.6.2/../../../../avr/lib/avr5/libm.a(gesf2.o)
 .data          0x00800134        0x0 /usr/local/CrossPack-AVR-20121207/lib/gcc/avr/4.6.2/../../../../avr/lib/avr5/libm.a(mulsf3.o)
 .data          0x00800134        0x0 /usr/local/CrossPack-AVR-20121207/lib/gcc/avr/4.6.2/../../../../avr/lib/avr5/libm.a(mulsf3x.o)
 .data          0x00800134        0x0 /usr/local/CrossPack-AVR-20121207/lib/gcc/avr/4.6.2/avr5/libgcc.a(_udivmodqi4.o)
 .data          0x00800134        0x0 /usr/local/CrossPack-AVR-20121207/lib/gcc/avr/4.6.2/avr5/libgcc.a(_divmodhi4.o)
 .data          0x00800134        0x0 /usr/local/CrossPack-AVR-20121207/lib/gcc/avr/4.6.2/avr5/libgcc.a(_udivmodsi4.o)
 .data          0x00800134        0x0 /usr/local/CrossPack-AVR-20121207/lib/gcc/avr/4.6.2/avr5/libgcc.a(_exit.o)
 .data          0x00800134        0x0 /usr/local/CrossPack-AVR-20121207/lib/gcc/avr/4.6.2/avr5/libgcc.a(_copy_data.o)
 .data          0x00800134        0x0 /usr/local/CrossPack-AVR-20121207/lib/gcc/avr/4.6.2/avr5/libgcc.a(_clear_bss.o)
 .data          0x00800134        0x0 /usr/local/CrossPack-AVR-20121207/lib/gcc/avr/4.6.2/avr5/libgcc.a(_udivmodhi4.o)
 .data          0x00800134        0x0 /usr/local/CrossPack-AVR-20121207/lib/gcc/avr/4.6.2/../../../../avr/lib/avr5/libc.a(isalnum.o)
 .data          0x00800134        0x0 /usr/local/CrossPack-AVR-20121207/lib/gcc/avr/4.6.2/../../../../avr/lib/avr5/libc.a(cty_isfalse.o)
 .data          0x00800134        0x0 /usr/local/CrossPack-AVR-20121207/lib/gcc/avr/4.6.2/../../../../avr/lib/avr5/libc.a(isalpha.o)
 .data          0x00800134        0x0 /usr/local/CrossPack-AVR-20121207/lib/gcc/avr/4.6.2/../../../../avr/lib/avr5/libc.a(toupper.o)
 .data          0x00800134        0x0 /usr/local/CrossPack-AVR-20121207/lib/gcc/avr/4.6.2/../../../../avr/lib/avr5/libc.a(strcat.o)
 .data          0x00800134        0x0 /usr/local/CrossPack-AVR-20121207/lib/gcc/avr/4.6.2/../../../../avr/lib/avr5/libc.a(strncat.o)
 *(.data*)
 .data.null_pointer.1419
                0x00800134        0x7 obj/aprs/bertos/mware/formatwr.o
 .data.bad_conversion.1418
                0x0080013b        0x4 obj/aprs/bertos/mware/formatwr.o
 .data.UARTDescs
                0x0080013f       0x16 obj/aprs/bertos/cpu/avr/drv/ser_avr.o
 .data.null_pointer.1419
                0x00800155        0x7 obj/aprs/bertos/mware/formatwr_P.o
 .data.bad_conversion.1418
                0x0080015c        0x4 obj/aprs/bertos/mware/formatwr_P.o
 *(.rodata)
 *(.rodata*)
 .rodata.UART0_VT
                0x00800160        0xc obj/aprs/bertos/cpu/avr/drv/ser_avr.o
 .rodata.SPI_VT
                0x0080016c        0xc obj/aprs/bertos/cpu/avr/drv/ser_avr.o
 .rodata.HEX_tab
                0x00800178       0x10 obj/aprs/bertos/mware/hex.o
                0x00800178                HEX_tab
 .rodata.hex_tab
                0x00800188       0x10 obj/aprs/bertos/mware/hex.o
                0x00800188                hex_tab
 *(.gnu.linkonce.d*)
                0x00800198                . = ALIGN (0x2)
                0x00800198                _edata = .
                0x00800198                PROVIDE (__data_end, .)

.bss            0x00800198      0x2fa
                0x00800198                PROVIDE (__bss_start, .)
 *(.bss)
 *(.bss*)
 .bss.timers_queue
                0x00800198        0x8 obj/aprs/bertos/drv/timer.o
 .bss.uart0_txbuffer
                0x008001a0       0x20 obj/aprs/bertos/cpu/avr/drv/ser_avr.o
 .bss.uart0_rxbuffer
                0x008001c0       0x20 obj/aprs/bertos/cpu/avr/drv/ser_avr.o
 .bss.spi_txbuffer
                0x008001e0       0x20 obj/aprs/bertos/cpu/avr/drv/ser_avr.o
 .bss.spi_rxbuffer
                0x00800200       0x20 obj/aprs/bertos/cpu/avr/drv/ser_avr.o
 .bss.count     0x00800220        0x2 obj/aprs/aprs/main.o
                0x00800220                count
 .bss.afsk      0x00800222       0xdc obj/aprs/aprs/main.o
 .bss.ax25      0x008002fe      0x156 obj/aprs/aprs/main.o
 .bss.ser       0x00800454       0x32 obj/aprs/aprs/main.o
 .bss.ctx       0x00800486        0x2 obj/aprs/aprs/hw/hw_afsk.o
 *(COMMON)
 COMMON         0x00800488        0x5 obj/aprs/bertos/drv/timer.o
                0x00800488                _clock
                0x0080048c                timer_initialized
 COMMON         0x0080048d        0x4 obj/aprs/bertos/drv/ser.o
                0x0080048d                ser_handles
 COMMON         0x00800491        0x1 obj/aprs/aprs/hw/hw_afsk.o
                0x00800491                hw_afsk_dac_isr
                0x00800492                PROVIDE (__bss_end, .)
                0x000050de                __data_load_start = LOADADDR (.data)
                0x00005176                __data_load_end = (__data_load_start + SIZEOF (.data))

.noinit         0x00800492        0x0
                0x00800492                PROVIDE (__noinit_start, .)
 *(.noinit*)
                0x00800492                PROVIDE (__noinit_end, .)
                0x00800492                _end = .
                0x00800492                PROVIDE (__heap_start, .)

.eeprom         0x00810000        0x0
 *(.eeprom*)
                0x00810000                __eeprom_end = .

.fuse
 *(.fuse)
 *(.lfuse)
 *(.hfuse)
 *(.efuse)

.lock
 *(.lock*)

.signature
 *(.signature*)

.stab           0x00000000     0x261c
 *(.stab)
 .stab          0x00000000      0x6cc /usr/local/CrossPack-AVR-20121207/lib/gcc/avr/4.6.2/../../../../avr/lib/avr5/crtm328p.o
 .stab          0x000006cc       0x78 /usr/local/CrossPack-AVR-20121207/lib/gcc/avr/4.6.2/../../../../avr/lib/avr5/libm.a(addsf3.o)
                                 0x84 (size before relaxing)
 .stab          0x00000744      0x4bc /usr/local/CrossPack-AVR-20121207/lib/gcc/avr/4.6.2/../../../../avr/lib/avr5/libm.a(addsf3x.o)
                                0x4c8 (size before relaxing)
 .stab          0x00000c00       0x90 /usr/local/CrossPack-AVR-20121207/lib/gcc/avr/4.6.2/../../../../avr/lib/avr5/libm.a(cmpsf2.o)
                                 0x9c (size before relaxing)
 .stab          0x00000c90       0x48 /usr/local/CrossPack-AVR-20121207/lib/gcc/avr/4.6.2/../../../../avr/lib/avr5/libm.a(divsf3.o)
                                 0x54 (size before relaxing)
 .stab          0x00000cd8      0x510 /usr/local/CrossPack-AVR-20121207/lib/gcc/avr/4.6.2/../../../../avr/lib/avr5/libm.a(divsf3x.o)
                                0x51c (size before relaxing)
 .stab          0x000011e8       0x6c /usr/local/CrossPack-AVR-20121207/lib/gcc/avr/4.6.2/../../../../avr/lib/avr5/libm.a(fixsfsi.o)
                                 0x78 (size before relaxing)
 .stab          0x00001254      0x240 /usr/local/CrossPack-AVR-20121207/lib/gcc/avr/4.6.2/../../../../avr/lib/avr5/libm.a(fixunssfsi.o)
                                0x24c (size before relaxing)
 .stab          0x00001494      0x318 /usr/local/CrossPack-AVR-20121207/lib/gcc/avr/4.6.2/../../../../avr/lib/avr5/libm.a(floatsisf.o)
                                0x324 (size before relaxing)
 .stab          0x000017ac      0x1e0 /usr/local/CrossPack-AVR-20121207/lib/gcc/avr/4.6.2/../../../../avr/lib/avr5/libm.a(fp_cmp.o)
                                0x1ec (size before relaxing)
 .stab          0x0000198c       0x78 /usr/local/CrossPack-AVR-20121207/lib/gcc/avr/4.6.2/../../../../avr/lib/avr5/libm.a(fp_inf.o)
                                 0x84 (size before relaxing)
 .stab          0x00001a04       0x54 /usr/local/CrossPack-AVR-20121207/lib/gcc/avr/4.6.2/../../../../avr/lib/avr5/libm.a(fp_nan.o)
                                 0x60 (size before relaxing)
 .stab          0x00001a58       0x84 /usr/local/CrossPack-AVR-20121207/lib/gcc/avr/4.6.2/../../../../avr/lib/avr5/libm.a(fp_pscA.o)
                                 0x90 (size before relaxing)
 .stab          0x00001adc       0x84 /usr/local/CrossPack-AVR-20121207/lib/gcc/avr/4.6.2/../../../../avr/lib/avr5/libm.a(fp_pscB.o)
                                 0x90 (size before relaxing)
 .stab          0x00001b60       0xfc /usr/local/CrossPack-AVR-20121207/lib/gcc/avr/4.6.2/../../../../avr/lib/avr5/libm.a(fp_round.o)
                                0x108 (size before relaxing)
 .stab          0x00001c5c      0x1d4 /usr/local/CrossPack-AVR-20121207/lib/gcc/avr/4.6.2/../../../../avr/lib/avr5/libm.a(fp_split3.o)
                                0x1e0 (size before relaxing)
 .stab          0x00001e30       0x90 /usr/local/CrossPack-AVR-20121207/lib/gcc/avr/4.6.2/../../../../avr/lib/avr5/libm.a(fp_zero.o)
                                 0x9c (size before relaxing)
 .stab          0x00001ec0       0x6c /usr/local/CrossPack-AVR-20121207/lib/gcc/avr/4.6.2/../../../../avr/lib/avr5/libm.a(gesf2.o)
                                 0x78 (size before relaxing)
 .stab          0x00001f2c       0x48 /usr/local/CrossPack-AVR-20121207/lib/gcc/avr/4.6.2/../../../../avr/lib/avr5/libm.a(mulsf3.o)
                                 0x54 (size before relaxing)
 .stab          0x00001f74      0x4d4 /usr/local/CrossPack-AVR-20121207/lib/gcc/avr/4.6.2/../../../../avr/lib/avr5/libm.a(mulsf3x.o)
                                0x4e0 (size before relaxing)
 .stab          0x00002448       0x18 /usr/local/CrossPack-AVR-20121207/lib/gcc/avr/4.6.2/../../../../avr/lib/avr5/libc.a(isalnum.o)
                                 0xa8 (size before relaxing)
 .stab          0x00002460       0x18 /usr/local/CrossPack-AVR-20121207/lib/gcc/avr/4.6.2/../../../../avr/lib/avr5/libc.a(cty_isfalse.o)
                                 0x6c (size before relaxing)
 .stab          0x00002478       0x18 /usr/local/CrossPack-AVR-20121207/lib/gcc/avr/4.6.2/../../../../avr/lib/avr5/libc.a(isalpha.o)
                                 0xb4 (size before relaxing)
 .stab          0x00002490       0x18 /usr/local/CrossPack-AVR-20121207/lib/gcc/avr/4.6.2/../../../../avr/lib/avr5/libc.a(toupper.o)
                                 0xa8 (size before relaxing)
 .stab          0x000024a8       0x9c /usr/local/CrossPack-AVR-20121207/lib/gcc/avr/4.6.2/../../../../avr/lib/avr5/libc.a(strcat.o)
                                 0xa8 (size before relaxing)
 .stab          0x00002544       0xd8 /usr/local/CrossPack-AVR-20121207/lib/gcc/avr/4.6.2/../../../../avr/lib/avr5/libc.a(strncat.o)
                                 0xe4 (size before relaxing)

.stabstr        0x00000000      0x93d
 *(.stabstr)
 .stabstr       0x00000000      0x93d /usr/local/CrossPack-AVR-20121207/lib/gcc/avr/4.6.2/../../../../avr/lib/avr5/crtm328p.o

.stab.excl
 *(.stab.excl)

.stab.exclstr
 *(.stab.exclstr)

.stab.index
 *(.stab.index)

.stab.indexstr
 *(.stab.indexstr)

.comment
 *(.comment)

.debug
 *(.debug)

.line
 *(.line)

.debug_srcinfo
 *(.debug_srcinfo)

.debug_sfnames
 *(.debug_sfnames)

.debug_aranges  0x00000000      0x520
 *(.debug_aranges)
 .debug_aranges
                0x00000000       0x68 obj/aprs/bertos/kern/kfile.o
 .debug_aranges
                0x00000068       0x20 obj/aprs/bertos/cpu/avr/drv/timer_avr.o
 .debug_aranges
                0x00000088       0x58 obj/aprs/bertos/net/afsk.o
 .debug_aranges
                0x000000e0       0x48 obj/aprs/bertos/net/ax25.o
 .debug_aranges
                0x00000128       0x20 obj/aprs/bertos/mware/formatwr.o
 .debug_aranges
                0x00000148       0x20 obj/aprs/bertos/algo/crc_ccitt.o
 .debug_aranges
                0x00000168       0x60 obj/aprs/bertos/drv/timer.o
 .debug_aranges
                0x000001c8       0x28 obj/aprs/bertos/mware/event.o
 .debug_aranges
                0x000001f0       0x90 obj/aprs/bertos/cpu/avr/drv/ser_avr.o
 .debug_aranges
                0x00000280       0xb8 obj/aprs/bertos/drv/ser.o
 .debug_aranges
                0x00000338       0x30 obj/aprs/aprs/main.o
 .debug_aranges
                0x00000368       0x28 obj/aprs/aprs/hw/hw_afsk.o
 .debug_aranges
                0x00000390       0x20 obj/aprs/bertos/mware/formatwr_P.o
 .debug_aranges
                0x000003b0       0x90 obj/aprs/bertos/drv/kdebug_P.o
 .debug_aranges
                0x00000440       0x20 /usr/local/CrossPack-AVR-20121207/lib/gcc/avr/4.6.2/avr5/libgcc.a(_udivmodqi4.o)
 .debug_aranges
                0x00000460       0x20 /usr/local/CrossPack-AVR-20121207/lib/gcc/avr/4.6.2/avr5/libgcc.a(_divmodhi4.o)
 .debug_aranges
                0x00000480       0x20 /usr/local/CrossPack-AVR-20121207/lib/gcc/avr/4.6.2/avr5/libgcc.a(_udivmodsi4.o)
 .debug_aranges
                0x000004a0       0x20 /usr/local/CrossPack-AVR-20121207/lib/gcc/avr/4.6.2/avr5/libgcc.a(_exit.o)
 .debug_aranges
                0x000004c0       0x20 /usr/local/CrossPack-AVR-20121207/lib/gcc/avr/4.6.2/avr5/libgcc.a(_copy_data.o)
 .debug_aranges
                0x000004e0       0x20 /usr/local/CrossPack-AVR-20121207/lib/gcc/avr/4.6.2/avr5/libgcc.a(_clear_bss.o)
 .debug_aranges
                0x00000500       0x20 /usr/local/CrossPack-AVR-20121207/lib/gcc/avr/4.6.2/avr5/libgcc.a(_udivmodhi4.o)

.debug_pubnames
 *(.debug_pubnames)

.debug_info     0x00000000     0x8001
 *(.debug_info)
 .debug_info    0x00000000      0xa7b obj/aprs/bertos/kern/kfile.o
 .debug_info    0x00000a7b      0x190 obj/aprs/bertos/cpu/avr/drv/timer_avr.o
 .debug_info    0x00000c0b     0x1355 obj/aprs/bertos/net/afsk.o
 .debug_info    0x00001f60      0xbe2 obj/aprs/bertos/net/ax25.o
 .debug_info    0x00002b42      0x56c obj/aprs/bertos/mware/formatwr.o
 .debug_info    0x000030ae      0x1dc obj/aprs/bertos/algo/crc_ccitt.o
 .debug_info    0x0000328a      0x91e obj/aprs/bertos/drv/timer.o
 .debug_info    0x00003ba8      0x158 obj/aprs/bertos/mware/event.o
 .debug_info    0x00003d00      0xc49 obj/aprs/bertos/cpu/avr/drv/ser_avr.o
 .debug_info    0x00004949     0x127f obj/aprs/bertos/drv/ser.o
 .debug_info    0x00005bc8       0x72 obj/aprs/bertos/mware/hex.o
 .debug_info    0x00005c3a      0xb06 obj/aprs/aprs/main.o
 .debug_info    0x00006740      0x692 obj/aprs/aprs/hw/hw_afsk.o
 .debug_info    0x00006dd2      0x79a obj/aprs/bertos/mware/formatwr_P.o
 .debug_info    0x0000756c      0x555 obj/aprs/bertos/drv/kdebug_P.o
 .debug_info    0x00007ac1       0xc0 /usr/local/CrossPack-AVR-20121207/lib/gcc/avr/4.6.2/avr5/libgcc.a(_udivmodqi4.o)
 .debug_info    0x00007b81       0xc0 /usr/local/CrossPack-AVR-20121207/lib/gcc/avr/4.6.2/avr5/libgcc.a(_divmodhi4.o)
 .debug_info    0x00007c41       0xc0 /usr/local/CrossPack-AVR-20121207/lib/gcc/avr/4.6.2/avr5/libgcc.a(_udivmodsi4.o)
 .debug_info    0x00007d01       0xc0 /usr/local/CrossPack-AVR-20121207/lib/gcc/avr/4.6.2/avr5/libgcc.a(_exit.o)
 .debug_info    0x00007dc1       0xc0 /usr/local/CrossPack-AVR-20121207/lib/gcc/avr/4.6.2/avr5/libgcc.a(_copy_data.o)
 .debug_info    0x00007e81       0xc0 /usr/local/CrossPack-AVR-20121207/lib/gcc/avr/4.6.2/avr5/libgcc.a(_clear_bss.o)
 .debug_info    0x00007f41       0xc0 /usr/local/CrossPack-AVR-20121207/lib/gcc/avr/4.6.2/avr5/libgcc.a(_udivmodhi4.o)
 *(.gnu.linkonce.wi.*)

.debug_abbrev   0x00000000     0x1fa6
 *(.debug_abbrev)
 .debug_abbrev  0x00000000      0x31a obj/aprs/bertos/kern/kfile.o
 .debug_abbrev  0x0000031a       0xc4 obj/aprs/bertos/cpu/avr/drv/timer_avr.o
 .debug_abbrev  0x000003de      0x3a4 obj/aprs/bertos/net/afsk.o
 .debug_abbrev  0x00000782      0x30b obj/aprs/bertos/net/ax25.o
 .debug_abbrev  0x00000a8d      0x1d8 obj/aprs/bertos/mware/formatwr.o
 .debug_abbrev  0x00000c65      0x131 obj/aprs/bertos/algo/crc_ccitt.o
 .debug_abbrev  0x00000d96      0x30c obj/aprs/bertos/drv/timer.o
 .debug_abbrev  0x000010a2       0xf7 obj/aprs/bertos/mware/event.o
 .debug_abbrev  0x00001199      0x276 obj/aprs/bertos/cpu/avr/drv/ser_avr.o
 .debug_abbrev  0x0000140f      0x362 obj/aprs/bertos/drv/ser.o
 .debug_abbrev  0x00001771       0x49 obj/aprs/bertos/mware/hex.o
 .debug_abbrev  0x000017ba      0x251 obj/aprs/aprs/main.o
 .debug_abbrev  0x00001a0b      0x156 obj/aprs/aprs/hw/hw_afsk.o
 .debug_abbrev  0x00001b61      0x1d8 obj/aprs/bertos/mware/formatwr_P.o
 .debug_abbrev  0x00001d39      0x1e1 obj/aprs/bertos/drv/kdebug_P.o
 .debug_abbrev  0x00001f1a       0x14 /usr/local/CrossPack-AVR-20121207/lib/gcc/avr/4.6.2/avr5/libgcc.a(_udivmodqi4.o)
 .debug_abbrev  0x00001f2e       0x14 /usr/local/CrossPack-AVR-20121207/lib/gcc/avr/4.6.2/avr5/libgcc.a(_divmodhi4.o)
 .debug_abbrev  0x00001f42       0x14 /usr/local/CrossPack-AVR-20121207/lib/gcc/avr/4.6.2/avr5/libgcc.a(_udivmodsi4.o)
 .debug_abbrev  0x00001f56       0x14 /usr/local/CrossPack-AVR-20121207/lib/gcc/avr/4.6.2/avr5/libgcc.a(_exit.o)
 .debug_abbrev  0x00001f6a       0x14 /usr/local/CrossPack-AVR-20121207/lib/gcc/avr/4.6.2/avr5/libgcc.a(_copy_data.o)
 .debug_abbrev  0x00001f7e       0x14 /usr/local/CrossPack-AVR-20121207/lib/gcc/avr/4.6.2/avr5/libgcc.a(_clear_bss.o)
 .debug_abbrev  0x00001f92       0x14 /usr/local/CrossPack-AVR-20121207/lib/gcc/avr/4.6.2/avr5/libgcc.a(_udivmodhi4.o)

.debug_line     0x00000000     0x289f
 *(.debug_line)
 .debug_line    0x00000000      0x27e obj/aprs/bertos/kern/kfile.o
 .debug_line    0x0000027e      0x10e obj/aprs/bertos/cpu/avr/drv/timer_avr.o
 .debug_line    0x0000038c      0x4e0 obj/aprs/bertos/net/afsk.o
 .debug_line    0x0000086c      0x2e4 obj/aprs/bertos/net/ax25.o
 .debug_line    0x00000b50      0x390 obj/aprs/bertos/mware/formatwr.o
 .debug_line    0x00000ee0      0x11c obj/aprs/bertos/algo/crc_ccitt.o
 .debug_line    0x00000ffc      0x2b0 obj/aprs/bertos/drv/timer.o
 .debug_line    0x000012ac       0x5e obj/aprs/bertos/mware/event.o
 .debug_line    0x0000130a      0x35e obj/aprs/bertos/cpu/avr/drv/ser_avr.o
 .debug_line    0x00001668      0x4e0 obj/aprs/bertos/drv/ser.o
 .debug_line    0x00001b48       0x30 obj/aprs/bertos/mware/hex.o
 .debug_line    0x00001b78      0x245 obj/aprs/aprs/main.o
 .debug_line    0x00001dbd      0x19e obj/aprs/aprs/hw/hw_afsk.o
 .debug_line    0x00001f5b      0x3a1 obj/aprs/bertos/mware/formatwr_P.o
 .debug_line    0x000022fc      0x2c3 obj/aprs/bertos/drv/kdebug_P.o
 .debug_line    0x000025bf       0x66 /usr/local/CrossPack-AVR-20121207/lib/gcc/avr/4.6.2/avr5/libgcc.a(_udivmodqi4.o)
 .debug_line    0x00002625       0x6d /usr/local/CrossPack-AVR-20121207/lib/gcc/avr/4.6.2/avr5/libgcc.a(_divmodhi4.o)
 .debug_line    0x00002692       0x7c /usr/local/CrossPack-AVR-20121207/lib/gcc/avr/4.6.2/avr5/libgcc.a(_udivmodsi4.o)
 .debug_line    0x0000270e       0x5c /usr/local/CrossPack-AVR-20121207/lib/gcc/avr/4.6.2/avr5/libgcc.a(_exit.o)
 .debug_line    0x0000276a       0x65 /usr/local/CrossPack-AVR-20121207/lib/gcc/avr/4.6.2/avr5/libgcc.a(_copy_data.o)
 .debug_line    0x000027cf       0x62 /usr/local/CrossPack-AVR-20121207/lib/gcc/avr/4.6.2/avr5/libgcc.a(_clear_bss.o)
 .debug_line    0x00002831       0x6e /usr/local/CrossPack-AVR-20121207/lib/gcc/avr/4.6.2/avr5/libgcc.a(_udivmodhi4.o)

.debug_frame    0x00000000     0x10c0
 *(.debug_frame)
 .debug_frame   0x00000000      0x180 obj/aprs/bertos/kern/kfile.o
 .debug_frame   0x00000180       0x24 obj/aprs/bertos/cpu/avr/drv/timer_avr.o
 .debug_frame   0x000001a4      0x190 obj/aprs/bertos/net/afsk.o
 .debug_frame   0x00000334      0x1f8 obj/aprs/bertos/net/ax25.o
 .debug_frame   0x0000052c       0x98 obj/aprs/bertos/mware/formatwr.o
 .debug_frame   0x000005c4       0x24 obj/aprs/bertos/algo/crc_ccitt.o
 .debug_frame   0x000005e8      0x1dc obj/aprs/bertos/drv/timer.o
 .debug_frame   0x000007c4       0x34 obj/aprs/bertos/mware/event.o
 .debug_frame   0x000007f8      0x1d8 obj/aprs/bertos/cpu/avr/drv/ser_avr.o
 .debug_frame   0x000009d0      0x288 obj/aprs/bertos/drv/ser.o
 .debug_frame   0x00000c58       0xe4 obj/aprs/aprs/main.o
 .debug_frame   0x00000d3c       0x94 obj/aprs/aprs/hw/hw_afsk.o
 .debug_frame   0x00000dd0       0x98 obj/aprs/bertos/mware/formatwr_P.o
 .debug_frame   0x00000e68      0x258 obj/aprs/bertos/drv/kdebug_P.o

.debug_str      0x00000000     0x113e
 *(.debug_str)
 .debug_str     0x00000000      0x361 obj/aprs/bertos/kern/kfile.o
                                0x3ff (size before relaxing)
 .debug_str     0x00000361       0x2d obj/aprs/bertos/cpu/avr/drv/timer_avr.o
                                0x177 (size before relaxing)
 .debug_str     0x0000038e      0x2fb obj/aprs/bertos/net/afsk.o
                                0x5c3 (size before relaxing)
 .debug_str     0x00000689      0x1c1 obj/aprs/bertos/net/ax25.o
                                0x40a (size before relaxing)
 .debug_str     0x0000084a      0x20c obj/aprs/bertos/mware/formatwr.o
                                0x341 (size before relaxing)
 .debug_str     0x00000a56       0x18 obj/aprs/bertos/algo/crc_ccitt.o
                                0x145 (size before relaxing)
 .debug_str     0x00000a6e      0x178 obj/aprs/bertos/drv/timer.o
                                0x34f (size before relaxing)
 .debug_str     0x00000be6       0x3a obj/aprs/bertos/mware/event.o
                                0x100 (size before relaxing)
 .debug_str     0x00000c20      0x1f3 obj/aprs/bertos/cpu/avr/drv/ser_avr.o
                                0x501 (size before relaxing)
 .debug_str     0x00000e13      0x16c obj/aprs/bertos/drv/ser.o
                                0x595 (size before relaxing)
 .debug_str     0x00000f7f       0x13 obj/aprs/bertos/mware/hex.o
                                 0x73 (size before relaxing)
 .debug_str     0x00000f92       0x5d obj/aprs/aprs/main.o
                                0x50d (size before relaxing)
 .debug_str     0x00000fef       0x33 obj/aprs/aprs/hw/hw_afsk.o
                                0x3cc (size before relaxing)
 .debug_str     0x00001022       0x13 obj/aprs/bertos/mware/formatwr_P.o
                                0x343 (size before relaxing)
 .debug_str     0x00001035      0x109 obj/aprs/bertos/drv/kdebug_P.o
                                0x251 (size before relaxing)

.debug_loc      0x00000000     0x7713
 *(.debug_loc)
 .debug_loc     0x00000000      0x60c obj/aprs/bertos/kern/kfile.o
 .debug_loc     0x0000060c      0xd72 obj/aprs/bertos/net/afsk.o
 .debug_loc     0x0000137e      0xaa2 obj/aprs/bertos/net/ax25.o
 .debug_loc     0x00001e20     0x172e obj/aprs/bertos/mware/formatwr.o
 .debug_loc     0x0000354e       0xdc obj/aprs/bertos/algo/crc_ccitt.o
 .debug_loc     0x0000362a      0x699 obj/aprs/bertos/drv/timer.o
 .debug_loc     0x00003cc3       0x28 obj/aprs/bertos/mware/event.o
 .debug_loc     0x00003ceb      0x3f3 obj/aprs/bertos/cpu/avr/drv/ser_avr.o
 .debug_loc     0x000040de      0xf03 obj/aprs/bertos/drv/ser.o
 .debug_loc     0x00004fe1      0x23d obj/aprs/aprs/main.o
 .debug_loc     0x0000521e      0x149 obj/aprs/aprs/hw/hw_afsk.o
 .debug_loc     0x00005367     0x1ae6 obj/aprs/bertos/mware/formatwr_P.o
 .debug_loc     0x00006e4d      0x8c6 obj/aprs/bertos/drv/kdebug_P.o

.debug_macinfo
 *(.debug_macinfo)
OUTPUT(images/aprs.elf elf32-avr)
LOAD linker stubs

.debug_ranges   0x00000000      0x4b8
 .debug_ranges  0x00000000       0x58 obj/aprs/bertos/kern/kfile.o
 .debug_ranges  0x00000058       0x10 obj/aprs/bertos/cpu/avr/drv/timer_avr.o
 .debug_ranges  0x00000068      0x128 obj/aprs/bertos/net/afsk.o
 .debug_ranges  0x00000190       0xb0 obj/aprs/bertos/net/ax25.o
 .debug_ranges  0x00000240       0x10 obj/aprs/bertos/mware/formatwr.o
 .debug_ranges  0x00000250       0x10 obj/aprs/bertos/algo/crc_ccitt.o
 .debug_ranges  0x00000260       0x50 obj/aprs/bertos/drv/timer.o
 .debug_ranges  0x000002b0       0x18 obj/aprs/bertos/mware/event.o
 .debug_ranges  0x000002c8       0x80 obj/aprs/bertos/cpu/avr/drv/ser_avr.o
 .debug_ranges  0x00000348       0xa8 obj/aprs/bertos/drv/ser.o
 .debug_ranges  0x000003f0       0x20 obj/aprs/aprs/main.o
 .debug_ranges  0x00000410       0x18 obj/aprs/aprs/hw/hw_afsk.o
 .debug_ranges  0x00000428       0x10 obj/aprs/bertos/mware/formatwr_P.o
 .debug_ranges  0x00000438       0x80 obj/aprs/bertos/drv/kdebug_P.o

Cross Reference Table

Symbol                                            File
HEX_tab                                           obj/aprs/bertos/mware/hex.o
                                                  obj/aprs/bertos/mware/formatwr_P.o
                                                  obj/aprs/bertos/mware/formatwr.o
KISS_ify                                          obj/aprs/aprs/main.o
__addsf3                                          /usr/local/CrossPack-AVR-20121207/lib/gcc/avr/4.6.2/../../../../avr/lib/avr5/libm.a(addsf3.o)
__addsf3x                                         /usr/local/CrossPack-AVR-20121207/lib/gcc/avr/4.6.2/../../../../avr/lib/avr5/libm.a(addsf3x.o)
                                                  /usr/local/CrossPack-AVR-20121207/lib/gcc/avr/4.6.2/../../../../avr/lib/avr5/libm.a(addsf3.o)
__bad_interrupt                                   /usr/local/CrossPack-AVR-20121207/lib/gcc/avr/4.6.2/../../../../avr/lib/avr5/crtm328p.o
__bassert_P                                       obj/aprs/bertos/drv/kdebug_P.o
                                                  obj/aprs/bertos/mware/formatwr_P.o
                                                  obj/aprs/aprs/hw/hw_afsk.o
                                                  obj/aprs/bertos/drv/ser.o
                                                  obj/aprs/bertos/cpu/avr/drv/ser_avr.o
                                                  obj/aprs/bertos/drv/timer.o
                                                  obj/aprs/bertos/mware/formatwr.o
                                                  obj/aprs/bertos/net/ax25.o
                                                  obj/aprs/bertos/net/afsk.o
                                                  obj/aprs/bertos/kern/kfile.o
__bss_end                                         /usr/local/CrossPack-AVR-20121207/lib/gcc/avr/4.6.2/avr5/libgcc.a(_clear_bss.o)
__bss_start                                       /usr/local/CrossPack-AVR-20121207/lib/gcc/avr/4.6.2/avr5/libgcc.a(_clear_bss.o)
__check_wall_P                                    obj/aprs/bertos/drv/kdebug_P.o
__cmpsf2                                          /usr/local/CrossPack-AVR-20121207/lib/gcc/avr/4.6.2/../../../../avr/lib/avr5/libm.a(cmpsf2.o)
__ctype_isfalse                                   /usr/local/CrossPack-AVR-20121207/lib/gcc/avr/4.6.2/../../../../avr/lib/avr5/libc.a(cty_isfalse.o)
                                                  /usr/local/CrossPack-AVR-20121207/lib/gcc/avr/4.6.2/../../../../avr/lib/avr5/libc.a(isalpha.o)
                                                  /usr/local/CrossPack-AVR-20121207/lib/gcc/avr/4.6.2/../../../../avr/lib/avr5/libc.a(isalnum.o)
__ctype_istrue                                    /usr/local/CrossPack-AVR-20121207/lib/gcc/avr/4.6.2/../../../../avr/lib/avr5/libc.a(cty_isfalse.o)
__data_end                                        /usr/local/CrossPack-AVR-20121207/lib/gcc/avr/4.6.2/avr5/libgcc.a(_copy_data.o)
__data_load_start                                 /usr/local/CrossPack-AVR-20121207/lib/gcc/avr/4.6.2/avr5/libgcc.a(_copy_data.o)
__data_start                                      /usr/local/CrossPack-AVR-20121207/lib/gcc/avr/4.6.2/avr5/libgcc.a(_copy_data.o)
__divmodhi4                                       /usr/local/CrossPack-AVR-20121207/lib/gcc/avr/4.6.2/avr5/libgcc.a(_divmodhi4.o)
                                                  obj/aprs/bertos/drv/kdebug_P.o
                                                  obj/aprs/bertos/mware/formatwr_P.o
                                                  obj/aprs/bertos/mware/formatwr.o
__divsf3                                          /usr/local/CrossPack-AVR-20121207/lib/gcc/avr/4.6.2/../../../../avr/lib/avr5/libm.a(divsf3.o)
                                                  obj/aprs/bertos/mware/formatwr_P.o
                                                  obj/aprs/bertos/mware/formatwr.o
__divsf3_pse                                      /usr/local/CrossPack-AVR-20121207/lib/gcc/avr/4.6.2/../../../../avr/lib/avr5/libm.a(divsf3x.o)
__divsf3x                                         /usr/local/CrossPack-AVR-20121207/lib/gcc/avr/4.6.2/../../../../avr/lib/avr5/libm.a(divsf3x.o)
                                                  /usr/local/CrossPack-AVR-20121207/lib/gcc/avr/4.6.2/../../../../avr/lib/avr5/libm.a(divsf3.o)
__do_clear_bss                                    /usr/local/CrossPack-AVR-20121207/lib/gcc/avr/4.6.2/avr5/libgcc.a(_clear_bss.o)
                                                  obj/aprs/bertos/drv/kdebug_P.o
                                                  obj/aprs/bertos/mware/formatwr_P.o
                                                  obj/aprs/aprs/hw/hw_afsk.o
                                                  obj/aprs/aprs/main.o
                                                  obj/aprs/bertos/mware/hex.o
                                                  obj/aprs/bertos/drv/ser.o
                                                  obj/aprs/bertos/cpu/avr/drv/ser_avr.o
                                                  obj/aprs/bertos/mware/event.o
                                                  obj/aprs/bertos/drv/timer.o
                                                  obj/aprs/bertos/algo/crc_ccitt.o
                                                  obj/aprs/bertos/mware/formatwr.o
                                                  obj/aprs/bertos/net/ax25.o
                                                  obj/aprs/bertos/net/afsk.o
                                                  obj/aprs/bertos/cpu/avr/drv/timer_avr.o
                                                  obj/aprs/bertos/kern/kfile.o
__do_copy_data                                    /usr/local/CrossPack-AVR-20121207/lib/gcc/avr/4.6.2/avr5/libgcc.a(_copy_data.o)
                                                  obj/aprs/bertos/drv/kdebug_P.o
                                                  obj/aprs/bertos/mware/formatwr_P.o
                                                  obj/aprs/aprs/hw/hw_afsk.o
                                                  obj/aprs/aprs/main.o
                                                  obj/aprs/bertos/mware/hex.o
                                                  obj/aprs/bertos/drv/ser.o
                                                  obj/aprs/bertos/cpu/avr/drv/ser_avr.o
                                                  obj/aprs/bertos/mware/event.o
                                                  obj/aprs/bertos/drv/timer.o
                                                  obj/aprs/bertos/algo/crc_ccitt.o
                                                  obj/aprs/bertos/mware/formatwr.o
                                                  obj/aprs/bertos/net/ax25.o
                                                  obj/aprs/bertos/net/afsk.o
                                                  obj/aprs/bertos/cpu/avr/drv/timer_avr.o
                                                  obj/aprs/bertos/kern/kfile.o
__eqsf2                                           /usr/local/CrossPack-AVR-20121207/lib/gcc/avr/4.6.2/../../../../avr/lib/avr5/libm.a(cmpsf2.o)
__fixsfsi                                         /usr/local/CrossPack-AVR-20121207/lib/gcc/avr/4.6.2/../../../../avr/lib/avr5/libm.a(fixsfsi.o)
                                                  obj/aprs/bertos/mware/formatwr_P.o
                                                  obj/aprs/bertos/mware/formatwr.o
__fixunssfsi                                      /usr/local/CrossPack-AVR-20121207/lib/gcc/avr/4.6.2/../../../../avr/lib/avr5/libm.a(fixunssfsi.o)
                                                  /usr/local/CrossPack-AVR-20121207/lib/gcc/avr/4.6.2/../../../../avr/lib/avr5/libm.a(fixsfsi.o)
__floatsisf                                       /usr/local/CrossPack-AVR-20121207/lib/gcc/avr/4.6.2/../../../../avr/lib/avr5/libm.a(floatsisf.o)
                                                  obj/aprs/bertos/mware/formatwr_P.o
                                                  obj/aprs/bertos/mware/formatwr.o
__floatunsisf                                     /usr/local/CrossPack-AVR-20121207/lib/gcc/avr/4.6.2/../../../../avr/lib/avr5/libm.a(floatsisf.o)
__fp_cmp                                          /usr/local/CrossPack-AVR-20121207/lib/gcc/avr/4.6.2/../../../../avr/lib/avr5/libm.a(fp_cmp.o)
                                                  /usr/local/CrossPack-AVR-20121207/lib/gcc/avr/4.6.2/../../../../avr/lib/avr5/libm.a(gesf2.o)
                                                  /usr/local/CrossPack-AVR-20121207/lib/gcc/avr/4.6.2/../../../../avr/lib/avr5/libm.a(cmpsf2.o)
__fp_inf                                          /usr/local/CrossPack-AVR-20121207/lib/gcc/avr/4.6.2/../../../../avr/lib/avr5/libm.a(fp_inf.o)
                                                  /usr/local/CrossPack-AVR-20121207/lib/gcc/avr/4.6.2/../../../../avr/lib/avr5/libm.a(mulsf3x.o)
                                                  /usr/local/CrossPack-AVR-20121207/lib/gcc/avr/4.6.2/../../../../avr/lib/avr5/libm.a(divsf3x.o)
                                                  /usr/local/CrossPack-AVR-20121207/lib/gcc/avr/4.6.2/../../../../avr/lib/avr5/libm.a(addsf3x.o)
__fp_nan                                          /usr/local/CrossPack-AVR-20121207/lib/gcc/avr/4.6.2/../../../../avr/lib/avr5/libm.a(fp_nan.o)
                                                  /usr/local/CrossPack-AVR-20121207/lib/gcc/avr/4.6.2/../../../../avr/lib/avr5/libm.a(mulsf3x.o)
                                                  /usr/local/CrossPack-AVR-20121207/lib/gcc/avr/4.6.2/../../../../avr/lib/avr5/libm.a(divsf3x.o)
                                                  /usr/local/CrossPack-AVR-20121207/lib/gcc/avr/4.6.2/../../../../avr/lib/avr5/libm.a(addsf3x.o)
__fp_pscA                                         /usr/local/CrossPack-AVR-20121207/lib/gcc/avr/4.6.2/../../../../avr/lib/avr5/libm.a(fp_pscA.o)
                                                  /usr/local/CrossPack-AVR-20121207/lib/gcc/avr/4.6.2/../../../../avr/lib/avr5/libm.a(mulsf3x.o)
                                                  /usr/local/CrossPack-AVR-20121207/lib/gcc/avr/4.6.2/../../../../avr/lib/avr5/libm.a(divsf3x.o)
                                                  /usr/local/CrossPack-AVR-20121207/lib/gcc/avr/4.6.2/../../../../avr/lib/avr5/libm.a(addsf3x.o)
__fp_pscB                                         /usr/local/CrossPack-AVR-20121207/lib/gcc/avr/4.6.2/../../../../avr/lib/avr5/libm.a(fp_pscB.o)
                                                  /usr/local/CrossPack-AVR-20121207/lib/gcc/avr/4.6.2/../../../../avr/lib/avr5/libm.a(mulsf3x.o)
                                                  /usr/local/CrossPack-AVR-20121207/lib/gcc/avr/4.6.2/../../../../avr/lib/avr5/libm.a(divsf3x.o)
                                                  /usr/local/CrossPack-AVR-20121207/lib/gcc/avr/4.6.2/../../../../avr/lib/avr5/libm.a(addsf3x.o)
__fp_round                                        /usr/local/CrossPack-AVR-20121207/lib/gcc/avr/4.6.2/../../../../avr/lib/avr5/libm.a(fp_round.o)
                                                  /usr/local/CrossPack-AVR-20121207/lib/gcc/avr/4.6.2/../../../../avr/lib/avr5/libm.a(mulsf3.o)
                                                  /usr/local/CrossPack-AVR-20121207/lib/gcc/avr/4.6.2/../../../../avr/lib/avr5/libm.a(divsf3.o)
                                                  /usr/local/CrossPack-AVR-20121207/lib/gcc/avr/4.6.2/../../../../avr/lib/avr5/libm.a(addsf3.o)
__fp_split3                                       /usr/local/CrossPack-AVR-20121207/lib/gcc/avr/4.6.2/../../../../avr/lib/avr5/libm.a(fp_split3.o)
                                                  /usr/local/CrossPack-AVR-20121207/lib/gcc/avr/4.6.2/../../../../avr/lib/avr5/libm.a(mulsf3x.o)
                                                  /usr/local/CrossPack-AVR-20121207/lib/gcc/avr/4.6.2/../../../../avr/lib/avr5/libm.a(divsf3x.o)
                                                  /usr/local/CrossPack-AVR-20121207/lib/gcc/avr/4.6.2/../../../../avr/lib/avr5/libm.a(addsf3x.o)
__fp_splitA                                       /usr/local/CrossPack-AVR-20121207/lib/gcc/avr/4.6.2/../../../../avr/lib/avr5/libm.a(fp_split3.o)
                                                  /usr/local/CrossPack-AVR-20121207/lib/gcc/avr/4.6.2/../../../../avr/lib/avr5/libm.a(fixunssfsi.o)
__fp_szero                                        /usr/local/CrossPack-AVR-20121207/lib/gcc/avr/4.6.2/../../../../avr/lib/avr5/libm.a(fp_zero.o)
                                                  /usr/local/CrossPack-AVR-20121207/lib/gcc/avr/4.6.2/../../../../avr/lib/avr5/libm.a(mulsf3x.o)
                                                  /usr/local/CrossPack-AVR-20121207/lib/gcc/avr/4.6.2/../../../../avr/lib/avr5/libm.a(fixsfsi.o)
                                                  /usr/local/CrossPack-AVR-20121207/lib/gcc/avr/4.6.2/../../../../avr/lib/avr5/libm.a(divsf3x.o)
__fp_zero                                         /usr/local/CrossPack-AVR-20121207/lib/gcc/avr/4.6.2/../../../../avr/lib/avr5/libm.a(fp_zero.o)
                                                  /usr/local/CrossPack-AVR-20121207/lib/gcc/avr/4.6.2/../../../../avr/lib/avr5/libm.a(fixunssfsi.o)
                                                  /usr/local/CrossPack-AVR-20121207/lib/gcc/avr/4.6.2/../../../../avr/lib/avr5/libm.a(addsf3x.o)
__gesf2                                           /usr/local/CrossPack-AVR-20121207/lib/gcc/avr/4.6.2/../../../../avr/lib/avr5/libm.a(gesf2.o)
                                                  obj/aprs/bertos/mware/formatwr_P.o
                                                  obj/aprs/bertos/mware/formatwr.o
__gtsf2                                           /usr/local/CrossPack-AVR-20121207/lib/gcc/avr/4.6.2/../../../../avr/lib/avr5/libm.a(gesf2.o)
__heap_end                                        /usr/local/CrossPack-AVR-20121207/lib/gcc/avr/4.6.2/../../../../avr/lib/avr5/crtm328p.o
__init                                            /usr/local/CrossPack-AVR-20121207/lib/gcc/avr/4.6.2/../../../../avr/lib/avr5/crtm328p.o
__init_wall                                       obj/aprs/bertos/drv/kdebug_P.o
__invalid_ptr_P                                   obj/aprs/bertos/drv/kdebug_P.o
                                                  obj/aprs/bertos/drv/timer.o
__lesf2                                           /usr/local/CrossPack-AVR-20121207/lib/gcc/avr/4.6.2/../../../../avr/lib/avr5/libm.a(cmpsf2.o)
                                                  obj/aprs/bertos/mware/formatwr_P.o
                                                  obj/aprs/bertos/mware/formatwr.o
__ltsf2                                           /usr/local/CrossPack-AVR-20121207/lib/gcc/avr/4.6.2/../../../../avr/lib/avr5/libm.a(cmpsf2.o)
                                                  obj/aprs/bertos/mware/formatwr_P.o
                                                  obj/aprs/bertos/mware/formatwr.o
__mulsf3                                          /usr/local/CrossPack-AVR-20121207/lib/gcc/avr/4.6.2/../../../../avr/lib/avr5/libm.a(mulsf3.o)
                                                  obj/aprs/bertos/mware/formatwr_P.o
                                                  obj/aprs/bertos/mware/formatwr.o
__mulsf3_pse                                      /usr/local/CrossPack-AVR-20121207/lib/gcc/avr/4.6.2/../../../../avr/lib/avr5/libm.a(mulsf3x.o)
__mulsf3x                                         /usr/local/CrossPack-AVR-20121207/lib/gcc/avr/4.6.2/../../../../avr/lib/avr5/libm.a(mulsf3x.o)
                                                  /usr/local/CrossPack-AVR-20121207/lib/gcc/avr/4.6.2/../../../../avr/lib/avr5/libm.a(mulsf3.o)
__nesf2                                           /usr/local/CrossPack-AVR-20121207/lib/gcc/avr/4.6.2/../../../../avr/lib/avr5/libm.a(cmpsf2.o)
                                                  obj/aprs/bertos/mware/formatwr_P.o
                                                  obj/aprs/bertos/mware/formatwr.o
__stack                                           /usr/local/CrossPack-AVR-20121207/lib/gcc/avr/4.6.2/../../../../avr/lib/avr5/crtm328p.o
__subsf3                                          /usr/local/CrossPack-AVR-20121207/lib/gcc/avr/4.6.2/../../../../avr/lib/avr5/libm.a(addsf3.o)
                                                  obj/aprs/bertos/mware/formatwr_P.o
                                                  obj/aprs/bertos/mware/formatwr.o
__trace_P                                         obj/aprs/bertos/drv/kdebug_P.o
__tracemsg_P                                      obj/aprs/bertos/drv/kdebug_P.o
__udivmodhi4                                      /usr/local/CrossPack-AVR-20121207/lib/gcc/avr/4.6.2/avr5/libgcc.a(_udivmodhi4.o)
                                                  /usr/local/CrossPack-AVR-20121207/lib/gcc/avr/4.6.2/avr5/libgcc.a(_divmodhi4.o)
__udivmodqi4                                      /usr/local/CrossPack-AVR-20121207/lib/gcc/avr/4.6.2/avr5/libgcc.a(_udivmodqi4.o)
                                                  obj/aprs/bertos/drv/timer.o
__udivmodsi4                                      /usr/local/CrossPack-AVR-20121207/lib/gcc/avr/4.6.2/avr5/libgcc.a(_udivmodsi4.o)
                                                  obj/aprs/bertos/mware/formatwr_P.o
                                                  obj/aprs/bertos/cpu/avr/drv/ser_avr.o
                                                  obj/aprs/bertos/drv/timer.o
                                                  obj/aprs/bertos/mware/formatwr.o
__vector_1                                        /usr/local/CrossPack-AVR-20121207/lib/gcc/avr/4.6.2/../../../../avr/lib/avr5/crtm328p.o
__vector_10                                       /usr/local/CrossPack-AVR-20121207/lib/gcc/avr/4.6.2/../../../../avr/lib/avr5/crtm328p.o
__vector_11                                       /usr/local/CrossPack-AVR-20121207/lib/gcc/avr/4.6.2/../../../../avr/lib/avr5/crtm328p.o
__vector_12                                       /usr/local/CrossPack-AVR-20121207/lib/gcc/avr/4.6.2/../../../../avr/lib/avr5/crtm328p.o
__vector_13                                       /usr/local/CrossPack-AVR-20121207/lib/gcc/avr/4.6.2/../../../../avr/lib/avr5/crtm328p.o
__vector_14                                       obj/aprs/bertos/drv/timer.o
                                                  /usr/local/CrossPack-AVR-20121207/lib/gcc/avr/4.6.2/../../../../avr/lib/avr5/crtm328p.o
__vector_15                                       /usr/local/CrossPack-AVR-20121207/lib/gcc/avr/4.6.2/../../../../avr/lib/avr5/crtm328p.o
__vector_16                                       /usr/local/CrossPack-AVR-20121207/lib/gcc/avr/4.6.2/../../../../avr/lib/avr5/crtm328p.o
__vector_17                                       obj/aprs/bertos/cpu/avr/drv/ser_avr.o
                                                  /usr/local/CrossPack-AVR-20121207/lib/gcc/avr/4.6.2/../../../../avr/lib/avr5/crtm328p.o
__vector_18                                       obj/aprs/bertos/cpu/avr/drv/ser_avr.o
                                                  /usr/local/CrossPack-AVR-20121207/lib/gcc/avr/4.6.2/../../../../avr/lib/avr5/crtm328p.o
__vector_19                                       obj/aprs/bertos/cpu/avr/drv/ser_avr.o
                                                  /usr/local/CrossPack-AVR-20121207/lib/gcc/avr/4.6.2/../../../../avr/lib/avr5/crtm328p.o
__vector_2                                        /usr/local/CrossPack-AVR-20121207/lib/gcc/avr/4.6.2/../../../../avr/lib/avr5/crtm328p.o
__vector_20                                       /usr/local/CrossPack-AVR-20121207/lib/gcc/avr/4.6.2/../../../../avr/lib/avr5/crtm328p.o
__vector_21                                       obj/aprs/aprs/hw/hw_afsk.o
                                                  /usr/local/CrossPack-AVR-20121207/lib/gcc/avr/4.6.2/../../../../avr/lib/avr5/crtm328p.o
__vector_22                                       /usr/local/CrossPack-AVR-20121207/lib/gcc/avr/4.6.2/../../../../avr/lib/avr5/crtm328p.o
__vector_23                                       /usr/local/CrossPack-AVR-20121207/lib/gcc/avr/4.6.2/../../../../avr/lib/avr5/crtm328p.o
__vector_24                                       /usr/local/CrossPack-AVR-20121207/lib/gcc/avr/4.6.2/../../../../avr/lib/avr5/crtm328p.o
__vector_25                                       /usr/local/CrossPack-AVR-20121207/lib/gcc/avr/4.6.2/../../../../avr/lib/avr5/crtm328p.o
__vector_3                                        /usr/local/CrossPack-AVR-20121207/lib/gcc/avr/4.6.2/../../../../avr/lib/avr5/crtm328p.o
__vector_4                                        /usr/local/CrossPack-AVR-20121207/lib/gcc/avr/4.6.2/../../../../avr/lib/avr5/crtm328p.o
__vector_5                                        /usr/local/CrossPack-AVR-20121207/lib/gcc/avr/4.6.2/../../../../avr/lib/avr5/crtm328p.o
__vector_6                                        /usr/local/CrossPack-AVR-20121207/lib/gcc/avr/4.6.2/../../../../avr/lib/avr5/crtm328p.o
__vector_7                                        /usr/local/CrossPack-AVR-20121207/lib/gcc/avr/4.6.2/../../../../avr/lib/avr5/crtm328p.o
__vector_8                                        /usr/local/CrossPack-AVR-20121207/lib/gcc/avr/4.6.2/../../../../avr/lib/avr5/crtm328p.o
__vector_9                                        /usr/local/CrossPack-AVR-20121207/lib/gcc/avr/4.6.2/../../../../avr/lib/avr5/crtm328p.o
__vector_default                                  /usr/local/CrossPack-AVR-20121207/lib/gcc/avr/4.6.2/../../../../avr/lib/avr5/crtm328p.o
__vectors                                         /usr/local/CrossPack-AVR-20121207/lib/gcc/avr/4.6.2/../../../../avr/lib/avr5/crtm328p.o
_clock                                            obj/aprs/aprs/main.o
                                                  obj/aprs/bertos/drv/timer.o
                                                  obj/aprs/bertos/net/afsk.o
                                                  obj/aprs/bertos/kern/kfile.o
_div                                              /usr/local/CrossPack-AVR-20121207/lib/gcc/avr/4.6.2/avr5/libgcc.a(_divmodhi4.o)
_exit                                             /usr/local/CrossPack-AVR-20121207/lib/gcc/avr/4.6.2/avr5/libgcc.a(_exit.o)
_formatted_write                                  obj/aprs/bertos/mware/formatwr.o
                                                  obj/aprs/bertos/kern/kfile.o
_formatted_write_P                                obj/aprs/bertos/mware/formatwr_P.o
                                                  obj/aprs/bertos/drv/kdebug_P.o
afsk_adc_isr                                      obj/aprs/bertos/net/afsk.o
                                                  obj/aprs/aprs/hw/hw_afsk.o
afsk_dac_isr                                      obj/aprs/bertos/net/afsk.o
                                                  obj/aprs/aprs/hw/hw_afsk.o
afsk_init                                         obj/aprs/bertos/net/afsk.o
                                                  obj/aprs/aprs/main.o
ax25_init                                         obj/aprs/bertos/net/ax25.o
                                                  obj/aprs/aprs/main.o
ax25_poll                                         obj/aprs/bertos/net/ax25.o
                                                  obj/aprs/aprs/main.o
ax25_print                                        obj/aprs/bertos/net/ax25.o
ax25_sendVia                                      obj/aprs/bertos/net/ax25.o
count                                             obj/aprs/aprs/main.o
crc_ccitt                                         obj/aprs/bertos/algo/crc_ccitt.o
crc_ccitt_tab                                     obj/aprs/bertos/algo/crc_ccitt.o
                                                  obj/aprs/bertos/net/ax25.o
event_hook_ignore                                 obj/aprs/bertos/mware/event.o
event_hook_softint                                obj/aprs/bertos/mware/event.o
exit                                              /usr/local/CrossPack-AVR-20121207/lib/gcc/avr/4.6.2/avr5/libgcc.a(_exit.o)
                                                  /usr/local/CrossPack-AVR-20121207/lib/gcc/avr/4.6.2/../../../../avr/lib/avr5/crtm328p.o
hex_tab                                           obj/aprs/bertos/mware/hex.o
                                                  obj/aprs/bertos/mware/formatwr_P.o
                                                  obj/aprs/bertos/mware/formatwr.o
hw_afsk_adcInit                                   obj/aprs/aprs/hw/hw_afsk.o
                                                  obj/aprs/bertos/net/afsk.o
hw_afsk_dac_isr                                   obj/aprs/aprs/hw/hw_afsk.o
                                                  obj/aprs/bertos/net/afsk.o
isalnum                                           /usr/local/CrossPack-AVR-20121207/lib/gcc/avr/4.6.2/../../../../avr/lib/avr5/libc.a(isalnum.o)
                                                  obj/aprs/bertos/net/ax25.o
isalpha                                           /usr/local/CrossPack-AVR-20121207/lib/gcc/avr/4.6.2/../../../../avr/lib/avr5/libc.a(isalpha.o)
                                                  /usr/local/CrossPack-AVR-20121207/lib/gcc/avr/4.6.2/../../../../avr/lib/avr5/libc.a(isalnum.o)
islower                                           /usr/local/CrossPack-AVR-20121207/lib/gcc/avr/4.6.2/../../../../avr/lib/avr5/libc.a(isalpha.o)
isupper                                           /usr/local/CrossPack-AVR-20121207/lib/gcc/avr/4.6.2/../../../../avr/lib/avr5/libc.a(isalpha.o)
kdbg_init                                         obj/aprs/bertos/drv/kdebug_P.o
                                                  obj/aprs/aprs/main.o
kdump                                             obj/aprs/bertos/drv/kdebug_P.o
kfile_genericClose                                obj/aprs/bertos/kern/kfile.o
kfile_genericReopen                               obj/aprs/bertos/kern/kfile.o
kfile_genericSeek                                 obj/aprs/bertos/kern/kfile.o
kfile_getc                                        obj/aprs/bertos/kern/kfile.o
                                                  obj/aprs/bertos/net/ax25.o
kfile_init                                        obj/aprs/bertos/kern/kfile.o
kfile_print                                       obj/aprs/bertos/kern/kfile.o
kfile_printf                                      obj/aprs/bertos/kern/kfile.o
                                                  obj/aprs/aprs/main.o
                                                  obj/aprs/bertos/net/ax25.o
kfile_putc                                        obj/aprs/bertos/kern/kfile.o
                                                  obj/aprs/aprs/main.o
                                                  obj/aprs/bertos/net/ax25.o
kfile_resync                                      obj/aprs/bertos/kern/kfile.o
kprintf_P                                         obj/aprs/bertos/drv/kdebug_P.o
                                                  obj/aprs/bertos/net/ax25.o
kputchar                                          obj/aprs/bertos/drv/kdebug_P.o
kputnum                                           obj/aprs/bertos/drv/kdebug_P.o
kputs_P                                           obj/aprs/bertos/drv/kdebug_P.o
main                                              obj/aprs/aprs/main.o
                                                  /usr/local/CrossPack-AVR-20121207/lib/gcc/avr/4.6.2/../../../../avr/lib/avr5/crtm328p.o
ser_getchar_nowait                                obj/aprs/bertos/drv/ser.o
ser_handles                                       obj/aprs/bertos/drv/ser.o
                                                  obj/aprs/bertos/cpu/avr/drv/ser_avr.o
ser_hw_getdesc                                    obj/aprs/bertos/cpu/avr/drv/ser_avr.o
                                                  obj/aprs/bertos/drv/ser.o
ser_init                                          obj/aprs/bertos/drv/ser.o
                                                  obj/aprs/aprs/main.o
ser_purge                                         obj/aprs/bertos/drv/ser.o
ser_purgeRx                                       obj/aprs/bertos/drv/ser.o
ser_purgeTx                                       obj/aprs/bertos/drv/ser.o
ser_setbaudrate                                   obj/aprs/bertos/drv/ser.o
                                                  obj/aprs/aprs/main.o
ser_setparity                                     obj/aprs/bertos/drv/ser.o
spimaster_init                                    obj/aprs/bertos/drv/ser.o
strcat                                            /usr/local/CrossPack-AVR-20121207/lib/gcc/avr/4.6.2/../../../../avr/lib/avr5/libc.a(strcat.o)
                                                  obj/aprs/aprs/main.o
strncat                                           /usr/local/CrossPack-AVR-20121207/lib/gcc/avr/4.6.2/../../../../avr/lib/avr5/libc.a(strncat.o)
                                                  obj/aprs/aprs/main.o
synctimer_add                                     obj/aprs/bertos/drv/timer.o
synctimer_poll                                    obj/aprs/bertos/drv/timer.o
timer_abort                                       obj/aprs/bertos/drv/timer.o
timer_add                                         obj/aprs/bertos/drv/timer.o
timer_busyWait                                    obj/aprs/bertos/drv/timer.o
timer_delayHp                                     obj/aprs/bertos/drv/timer.o
timer_delayTicks                                  obj/aprs/bertos/drv/timer.o
timer_hw_init                                     obj/aprs/bertos/cpu/avr/drv/timer_avr.o
                                                  obj/aprs/bertos/drv/timer.o
timer_init                                        obj/aprs/bertos/drv/timer.o
                                                  obj/aprs/aprs/main.o
timer_initialized                                 obj/aprs/bertos/drv/timer.o
                                                  obj/aprs/bertos/net/afsk.o
toupper                                           /usr/local/CrossPack-AVR-20121207/lib/gcc/avr/4.6.2/../../../../avr/lib/avr5/libc.a(toupper.o)
                                                  obj/aprs/bertos/net/ax25.o
